-------------------------------------------------------------------------- 
                   Lithosphere and Mantle Evolution Model                   
     Compiled: Date: Jan 22 2018 - Time: 16:52:15 	    
-------------------------------------------------------------------------- 
        STAGGERED-GRID FINITE DIFFERENCE CANONICAL IMPLEMENTATION           
-------------------------------------------------------------------------- 
Parsing input file : ./BuildInSetups/FallingBlock_DirectSolver.dat 
   Adding PETSc option: -snes_type ksponly
   Adding PETSc option: -js_ksp_monitor
Finished parsing input file : ./BuildInSetups/FallingBlock_DirectSolver.dat 
--------------------------------------------------------------------------
Time stepping parameters:
   Simulation end time          : 100. [ ] 
   Maximum number of steps      : 3 
   Time step                    : 10. [ ] 
   Minimum time step            : 1e-05 [ ] 
   Maximum time step            : 100. [ ] 
   Time step increase factor    : 0.1 
   CFL criterion                : 0.5 
   CFLMAX (fixed time steps)    : 0.5 
   Output every [n] steps       : 1000 
   Save restart every [n] steps : -1 
--------------------------------------------------------------------------
Material parameters: 
   Phase ID : 0
   (dens)   : rho = 1. [ ]  
   (diff)   : eta = 1. [ ]  Bd = 0.5 [ ]  

   Phase ID : 1
   (dens)   : rho = 2. [ ]  
   (diff)   : eta = 100. [ ]  Bd = 0.005 [ ]  

--------------------------------------------------------------------------
Grid parameters:
   Total number of cpu                  : 1 
   Processor grid  [nx, ny, nz]         : [1, 1, 1]
   Fine grid cells [nx, ny, nz]         : [16, 16, 16]
   Number of cells                      :  4096
   Number of faces                      :  13056
   Maximum cell aspect ratio            :  1.00000
   Lower coordinate bounds [bx, by, bz] : [0., 0., 0.]
   Upper coordinate bounds [ex, ey, ez] : [1., 1., 1.]
--------------------------------------------------------------------------
Boundary condition parameters: 
   No-slip boundary mask [lt rt ft bk bm tp]  : 0 0 0 0 0 0 
--------------------------------------------------------------------------
Solution parameters & controls:
   Gravity [gx, gy, gz]                    : [0., 0., -1.] [ ] 
   Surface stabilization (FSSA)            :  1. 
   Use lithostatic pressure for creep      @ 
   Minimum viscosity                       : 0.001 [ ] 
   Maximum viscosity                       : 1e+12 [ ] 
   Ground water level type                 : none 
--------------------------------------------------------------------------
Advection parameters:
   Advection scheme              : Runge-Kutta 2-nd order
   Marker setup scheme           : geometric primitives
   Velocity interpolation scheme : empirical STAGP (STAG + pressure points)
   Marker control type           : pure AVD for all control volumes
   Markers per cell [nx, ny, nz] : [3, 3, 3] 
   Marker distribution type      : random noise
   Background phase ID           : 0 
   Interpolation constant        : 0.7 
--------------------------------------------------------------------------
Reading geometric primitives ... done (0.00199546 sec)
--------------------------------------------------------------------------
Output parameters:
   Output file name                        : FB_direct 
   Write .pvd file                         : yes 
   Phase                                   @ 
   Total effective viscosity               @ 
   Creep effective viscosity               @ 
   Viscoplastic viscosity                  @ 
   Velocity                                @ 
   Pressure                                @ 
--------------------------------------------------------------------------
AVD output parameters:
   Write .pvd file       : yes 
   AVD refinement factor : 3 
--------------------------------------------------------------------------
Preconditioner parameters: 
   Matrix type                   : monolithic
   Penalty parameter (pgamma)    : 1.000000e+05
   Preconditioner type           : user-defined
--------------------------------------------------------------------------
Solver parameters specified: 
   Outermost Krylov solver       : gmres 
   Solver type                   : serial direct/lu 
   Solver package                : mumps 
--------------------------------------------------------------------------
Saving output ... done (0.1309 sec)
--------------------------------------------------------------------------
================================= STEP 1 =================================
--------------------------------------------------------------------------
Current time        : 0.00000 [ ] 
Tentative time step : 10.00000 [ ] 
--------------------------------------------------------------------------
  0 PICARD ||F||/||F0||=1.000000e+00 
    Residual norms for js_ solve.
    0 KSP Residual norm 2.136378317163e+01 
    1 KSP Residual norm 1.865926003603e-04 
  Linear js_ solve converged due to CONVERGED_RTOL iterations 1
--------------------------------------------------------------------------
SNES Convergence Reason : maximum iterations reached
Number of iterations    : 1
SNES solution time      : 1.00623 (sec)
--------------------------------------------------------------------------
Residual summary: 
   Continuity: 
      |Div|_inf = 5.556809310154e-06 
      |Div|_2   = 2.110475546312e-04 
   Momentum: 
      |mRes|_2  = 9.827115405960e-04 
--------------------------------------------------------------------------
Actual time step : 7.70160 [ ] 
--------------------------------------------------------------------------
Performing marker control (updated algorithm)
Marker control [0]: (AVD CELL) injected 1 markers and deleted 0 markers in 2.7278e-04 s
Marker control [0]: (AVD YZED) injected 6 markers and deleted 0 markers in 8.8434e-04 s
Marker control [0]: (AVD XZED) injected 8 markers and deleted 0 markers in 1.5486e-03 s
Marker control [0]: (AVD XYED) injected 2 markers and deleted 0 markers in 3.8133e-04 s
--------------------------------------------------------------------------
Saving restart database ... done (0.00992588 sec)
--------------------------------------------------------------------------
================================= STEP 2 =================================
--------------------------------------------------------------------------
Current time        : 7.70160 [ ] 
Tentative time step : 7.70160 [ ] 
--------------------------------------------------------------------------
  0 PICARD ||F||/||F0||=1.000000e+00 
    Residual norms for js_ solve.
    0 KSP Residual norm 1.191855854890e+00 
    1 KSP Residual norm 1.080437900805e-05 
  Linear js_ solve converged due to CONVERGED_RTOL iterations 1
--------------------------------------------------------------------------
SNES Convergence Reason : maximum iterations reached
Number of iterations    : 1
SNES solution time      : 0.89505 (sec)
--------------------------------------------------------------------------
Residual summary: 
   Continuity: 
      |Div|_inf = 4.494665192464e-07 
      |Div|_2   = 3.417641148235e-06 
   Momentum: 
      |mRes|_2  = 2.267331188014e-03 
--------------------------------------------------------------------------
Actual time step : 8.25374 [ ] 
--------------------------------------------------------------------------
Performing marker control (updated algorithm)
Marker control [0]: (AVD YZED) injected 6 markers and deleted 0 markers in 9.0376e-04 s
Marker control [0]: (AVD XZED) injected 4 markers and deleted 0 markers in 5.7231e-04 s
Marker control [0]: (AVD XYED) injected 7 markers and deleted 0 markers in 1.0217e-03 s
--------------------------------------------------------------------------
Saving restart database ... done (0.0171853 sec)
--------------------------------------------------------------------------
================================= STEP 3 =================================
--------------------------------------------------------------------------
Current time        : 15.95535 [ ] 
Tentative time step : 8.25374 [ ] 
--------------------------------------------------------------------------
  0 PICARD ||F||/||F0||=1.000000e+00 
    Residual norms for js_ solve.
    0 KSP Residual norm 9.814573745172e-01 
    1 KSP Residual norm 9.974003576078e-06 
    2 KSP Residual norm 2.059669680535e-10 
  Linear js_ solve converged due to CONVERGED_RTOL iterations 2
--------------------------------------------------------------------------
SNES Convergence Reason : maximum iterations reached
Number of iterations    : 1
SNES solution time      : 0.860575 (sec)
--------------------------------------------------------------------------
Residual summary: 
   Continuity: 
      |Div|_inf = 1.071504343586e-11 
      |Div|_2   = 5.147116119516e-11 
   Momentum: 
      |mRes|_2  = 1.671635939545e-08 
--------------------------------------------------------------------------
Actual time step : 8.52782 [ ] 
--------------------------------------------------------------------------
Performing marker control (updated algorithm)
Marker control [0]: (AVD YZED) injected 1 markers and deleted 0 markers in 1.9475e-04 s
Marker control [0]: (AVD XYED) injected 1 markers and deleted 0 markers in 1.8944e-04 s
--------------------------------------------------------------------------
Saving restart database ... done (0.0106085 sec)
--------------------------------------------------------------------------
=========================== SOLUTION IS DONE! ============================
--------------------------------------------------------------------------
Total solution time : 3.26697 (sec) 
--------------------------------------------------------------------------
