-------------------------------------------------------------------------- 
                   Lithosphere and Mantle Evolution Model                   
     Compiled: Date: Jan 22 2018 - Time: 16:52:15 	    
-------------------------------------------------------------------------- 
        STAGGERED-GRID FINITE DIFFERENCE CANONICAL IMPLEMENTATION           
-------------------------------------------------------------------------- 
Parsing input file : ./BuildInSetups/FallingSpheres_Multigrid.dat 
   Adding PETSc option: -snes_type ksponly
   Adding PETSc option: -js_ksp_monitor
   Adding PETSc option: -js_ksp_rtol 1e-6
Finished parsing input file : ./BuildInSetups/FallingSpheres_Multigrid.dat 
--------------------------------------------------------------------------
Time stepping parameters:
   Simulation end time          : 100. [ ] 
   Maximum number of steps      : 1 
   Time step                    : 10. [ ] 
   Minimum time step            : 1e-05 [ ] 
   Maximum time step            : 100. [ ] 
   Time step increase factor    : 0.1 
   CFL criterion                : 0.5 
   CFLMAX (fixed time steps)    : 0.5 
   Output every [n] steps       : 1 
--------------------------------------------------------------------------
Material parameters: 
   Phase ID : 0
   (dens)   : rho = 1. [ ]  
   (diff)   : eta = 1. [ ]  Bd = 0.5 [ ]  

   Phase ID : 1
   (dens)   : rho = 2. [ ]  
   (diff)   : eta = 1000. [ ]  Bd = 0.0005 [ ]  

--------------------------------------------------------------------------
Grid parameters:
   Total number of cpu                  : 2 
   Processor grid  [nx, ny, nz]         : [1, 1, 2]
   Fine grid cells [nx, ny, nz]         : [32, 32, 32]
   Number of cells                      :  32768
   Number of faces                      :  101376
   Maximum cell aspect ratio            :  1.00000
   Lower coordinate bounds [bx, by, bz] : [0., 0., 0.]
   Upper coordinate bounds [ex, ey, ez] : [1., 1., 1.]
--------------------------------------------------------------------------
Boundary condition parameters: 
   No-slip boundary mask [lt rt ft bk bm tp]  : 0 0 0 0 0 0 
--------------------------------------------------------------------------
Solution parameters & controls:
   Gravity [gx, gy, gz]                    : [0., 0., -1.] [ ] 
   Surface stabilization (FSSA)            :  1. 
   Use lithostatic pressure for creep      @ 
   Minimum viscosity                       : 0.001 [ ] 
   Maximum viscosity                       : 1e+12 [ ] 
   Ground water level type                 : none 
--------------------------------------------------------------------------
Advection parameters:
   Advection scheme              : Runge-Kutta 2-nd order
   Marker setup scheme           : geometric primitives
   Velocity interpolation scheme : empirical STAGP (STAG + pressure points)
   Marker control type           : pure AVD for all control volumes
   Markers per cell [nx, ny, nz] : [3, 3, 3] 
   Marker distribution type      : random noise
   Background phase ID           : 0 
   Interpolation constant        : 0.7 
--------------------------------------------------------------------------
Reading geometric primitives ... done (0.0198876 sec)
--------------------------------------------------------------------------
Output parameters:
   Output file name                        : Spheres_multigrid 
   Write .pvd file                         : yes 
   Phase                                   @ 
   Total effective viscosity               @ 
   Creep effective viscosity               @ 
   Viscoplastic viscosity                  @ 
   Velocity                                @ 
   Pressure                                @ 
   Deviatoric stress second invariant      @ 
   Deviatoric strain rate tensor           @ 
   Deviatoric strain rate second invariant @ 
--------------------------------------------------------------------------
AVD output parameters:
   Write .pvd file       : yes 
   AVD refinement factor : 3 
--------------------------------------------------------------------------
Preconditioner parameters: 
   Matrix type                   : monolithic
   Preconditioner type           : coupled Galerkin geometric multigrid
   Global coarse grid [nx,ny,nz] : [4, 4, 4]
   Local coarse grid  [nx,ny,nz] : [4, 4, 2]
   Number of multigrid levels    :  4
--------------------------------------------------------------------------
Solver parameters specified: 
   Outermost Krylov solver       : gmres 
   Solver type                   : multigrid 
   Multigrid smoother levels KSP : chebyshev 
   Multigrid smoother levels PC  : sor 
   Number of smoothening steps   : 10 
   Coarse level KSP              : preonly 
   Coarse level PC               : lu 
   Coarse level solver package   : mumps 
--------------------------------------------------------------------------
Saving output ... done (0.510575 sec)
--------------------------------------------------------------------------
================================= STEP 1 =================================
--------------------------------------------------------------------------
Current time        : 0.00000 [ ] 
Tentative time step : 10.00000 [ ] 
--------------------------------------------------------------------------
  0 PICARD ||F||/||F0||=1.000000e+00 
    Residual norms for js_ solve.
    0 KSP Residual norm 4.742204566249e+01 
    1 KSP Residual norm 1.628278475780e+01 
    2 KSP Residual norm 1.205724635204e+01 
    3 KSP Residual norm 8.614176031763e+00 
    4 KSP Residual norm 5.118393694135e+00 
    5 KSP Residual norm 3.968019055197e+00 
    6 KSP Residual norm 1.713102899063e+00 
    7 KSP Residual norm 9.431816691151e-01 
    8 KSP Residual norm 6.339493680900e-01 
    9 KSP Residual norm 4.100169589908e-01 
   10 KSP Residual norm 2.571212846727e-01 
   11 KSP Residual norm 1.905020022463e-01 
   12 KSP Residual norm 1.203943474174e-01 
   13 KSP Residual norm 8.448547416254e-02 
   14 KSP Residual norm 5.346932555776e-02 
   15 KSP Residual norm 3.231822012492e-02 
   16 KSP Residual norm 2.157682699403e-02 
   17 KSP Residual norm 1.451696662620e-02 
   18 KSP Residual norm 1.131688407698e-02 
   19 KSP Residual norm 9.672033431560e-03 
   20 KSP Residual norm 7.325157369803e-03 
   21 KSP Residual norm 6.507966066231e-03 
   22 KSP Residual norm 5.622488601994e-03 
   23 KSP Residual norm 4.555897295208e-03 
   24 KSP Residual norm 3.485000565805e-03 
   25 KSP Residual norm 2.777576836087e-03 
   26 KSP Residual norm 2.372235409828e-03 
   27 KSP Residual norm 1.825564845593e-03 
   28 KSP Residual norm 1.383742367328e-03 
   29 KSP Residual norm 1.104514166034e-03 
   30 KSP Residual norm 9.923432869361e-04 
   31 KSP Residual norm 9.838081603837e-04 
   32 KSP Residual norm 9.130400586622e-04 
   33 KSP Residual norm 8.601756563207e-04 
   34 KSP Residual norm 7.958617924441e-04 
   35 KSP Residual norm 6.782419887500e-04 
   36 KSP Residual norm 6.173079015786e-04 
   37 KSP Residual norm 5.702420085072e-04 
   38 KSP Residual norm 4.870496737155e-04 
   39 KSP Residual norm 3.294828820774e-04 
   40 KSP Residual norm 2.438842371275e-04 
   41 KSP Residual norm 2.198754261905e-04 
   42 KSP Residual norm 1.736003773356e-04 
   43 KSP Residual norm 1.436652260865e-04 
   44 KSP Residual norm 1.119448436115e-04 
   45 KSP Residual norm 8.360208249999e-05 
   46 KSP Residual norm 6.123855143935e-05 
   47 KSP Residual norm 4.700284559155e-05 
  Linear js_ solve converged due to CONVERGED_RTOL iterations 47
--------------------------------------------------------------------------
SNES Convergence Reason : maximum iterations reached
Number of iterations    : 1
SNES solution time      : 4.96934 (sec)
--------------------------------------------------------------------------
Residual summary: 
   Continuity: 
      |Div|_inf = 1.302994369527e-05 
      |Div|_2   = 3.375226044509e-05 
   Momentum: 
      |mRes|_2  = 1.578854456376e-03 
--------------------------------------------------------------------------
Actual time step : 11.00000 [ ] 
--------------------------------------------------------------------------
Performing marker control (updated algorithm)
Marker control [0]: (AVD YZED) injected 9 markers and deleted 0 markers in 1.4299e-03 s
Marker control [0]: (AVD XZED) injected 3 markers and deleted 0 markers in 3.7716e-04 s
Marker control [0]: (AVD XYED) injected 5 markers and deleted 0 markers in 8.0304e-04 s
--------------------------------------------------------------------------
Saving output ... done (0.607658 sec)
--------------------------------------------------------------------------
=========================== SOLUTION IS DONE! ============================
--------------------------------------------------------------------------
Total solution time : 6.72611 (sec) 
--------------------------------------------------------------------------
