-------------------------------------------------------------------------- 
                   Lithosphere and Mantle Evolution Model                   
     Compiled: Date: Jan 22 2018 - Time: 16:52:15 	    
-------------------------------------------------------------------------- 
        STAGGERED-GRID FINITE DIFFERENCE CANONICAL IMPLEMENTATION           
-------------------------------------------------------------------------- 
Parsing input file : ../BuildInSetups/FallingBlock_DirectSolver.dat 
   Adding PETSc option: -snes_type ksponly
   Adding PETSc option: -js_ksp_monitor
Finished parsing input file : ../BuildInSetups/FallingBlock_DirectSolver.dat 
--------------------------------------------------------------------------
Time stepping parameters:
   Simulation end time          : 100. [ ] 
   Maximum number of steps      : 3 
   Time step                    : 10. [ ] 
   Minimum time step            : 1e-05 [ ] 
   Maximum time step            : 100. [ ] 
   Time step increase factor    : 0.1 
   CFL criterion                : 0.5 
   CFLMAX (fixed time steps)    : 0.5 
   Output every [n] steps       : 1000 
--------------------------------------------------------------------------
Material parameters: 
   Phase ID : 0
   (dens)   : rho = 1. [ ]  
   (diff)   : eta = 1. [ ]  Bd = 0.5 [ ]  

   Phase ID : 1
   (dens)   : rho = 2. [ ]  
   (diff)   : eta = 100. [ ]  Bd = 0.005 [ ]  

--------------------------------------------------------------------------
Grid parameters:
   Total number of cpu                  : 1 
   Processor grid  [nx, ny, nz]         : [1, 1, 1]
   Fine grid cells [nx, ny, nz]         : [16, 16, 16]
   Number of cells                      :  4096
   Number of faces                      :  13056
   Maximum cell aspect ratio            :  1.00000
   Lower coordinate bounds [bx, by, bz] : [0., 0., 0.]
   Upper coordinate bounds [ex, ey, ez] : [1., 1., 1.]
--------------------------------------------------------------------------
Boundary condition parameters: 
   No-slip boundary mask [lt rt ft bk bm tp]  : 0 0 0 0 0 0 
--------------------------------------------------------------------------
Solution parameters & controls:
   Gravity [gx, gy, gz]                    : [0., 0., -1.] [ ] 
   Surface stabilization (FSSA)            :  1. 
   Use lithostatic pressure for creep      @ 
   Minimum viscosity                       : 0.001 [ ] 
   Maximum viscosity                       : 1e+12 [ ] 
   Ground water level type                 : none 
--------------------------------------------------------------------------
Advection parameters:
   Advection scheme              : Runge-Kutta 2-nd order
   Marker setup scheme           : geometric primitives
   Velocity interpolation scheme : empirical STAGP (STAG + pressure points)
   Marker control type           : pure AVD for all control volumes
   Markers per cell [nx, ny, nz] : [3, 3, 3] 
   Marker distribution type      : random noise
   Background phase ID           : 0 
   Interpolation constant        : 0.7 
--------------------------------------------------------------------------
Reading geometric primitives ... done (0.00336507 sec)
--------------------------------------------------------------------------
Output parameters:
   Output file name                        : FB_direct 
   Write .pvd file                         : yes 
   Phase                                   @ 
   Total effective viscosity               @ 
   Creep effective viscosity               @ 
   Viscoplastic viscosity                  @ 
   Velocity                                @ 
   Pressure                                @ 
--------------------------------------------------------------------------
AVD output parameters:
   Write .pvd file       : yes 
   AVD refinement factor : 3 
--------------------------------------------------------------------------
Preconditioner parameters: 
   Matrix type                   : monolithic
   Penalty parameter (pgamma)    : 1.000000e+05
   Preconditioner type           : user-defined
--------------------------------------------------------------------------
Solver parameters specified: 
   Outermost Krylov solver       : gmres 
   Solver type                   : serial direct/lu 
   Solver package                : superlu_dist 
--------------------------------------------------------------------------
Saving output ... done (0.130228 sec)
--------------------------------------------------------------------------
================================= STEP 1 =================================
--------------------------------------------------------------------------
Current time        : 0.00000 [ ] 
Tentative time step : 10.00000 [ ] 
--------------------------------------------------------------------------
  0 SNES Function norm 7.310266752999e+01 
  0 PICARD ||F||/||F0||=1.000000e+00 
    Residual norms for js_ solve.
    0 KSP Residual norm 3.548582954881e+01 
    1 KSP Residual norm 7.916468573114e-01 
    2 KSP Residual norm 7.629798912330e-02 
    3 KSP Residual norm 1.562488439654e-02 
    4 KSP Residual norm 2.990262557319e-03 
    5 KSP Residual norm 5.659487019135e-05 
  Linear js_ solve converged due to CONVERGED_RTOL iterations 5
  1 SNES Function norm 1.061462363918e+00 
--------------------------------------------------------------------------
SNES Convergence Reason : maximum iterations reached
Number of iterations    : 1
SNES solution time      : 2.01423 (sec)
--------------------------------------------------------------------------
Residual summary: 
   Continuity: 
      |Div|_inf = 2.088308545311e-02 
      |Div|_2   = 2.555650759052e-02 
   Momentum: 
      |mRes|_2  = 1.061154661175e+00 
--------------------------------------------------------------------------
Actual time step : 7.68805 [ ] 
--------------------------------------------------------------------------
Performing marker control (updated algorithm)
Marker control [0]: (AVD CELL) injected 1 markers and deleted 0 markers in 2.3541e-04 s
Marker control [0]: (AVD YZED) injected 6 markers and deleted 0 markers in 8.6175e-04 s
Marker control [0]: (AVD XZED) injected 8 markers and deleted 0 markers in 1.3713e-03 s
Marker control [0]: (AVD XYED) injected 2 markers and deleted 0 markers in 3.7716e-04 s
--------------------------------------------------------------------------
================================= STEP 2 =================================
--------------------------------------------------------------------------
Current time        : 7.68805 [ ] 
Tentative time step : 7.68805 [ ] 
--------------------------------------------------------------------------
  0 SNES Function norm 1.306323367015e+02 
  0 PICARD ||F||/||F0||=1.000000e+00 
    Residual norms for js_ solve.
    0 KSP Residual norm 1.216416625531e+00 
    1 KSP Residual norm 3.239789651881e-02 
    2 KSP Residual norm 2.173027498957e-04 
    3 KSP Residual norm 7.009066502349e-05 
    4 KSP Residual norm 1.272919766976e-06 
  Linear js_ solve converged due to CONVERGED_RTOL iterations 4
  1 SNES Function norm 6.555638579686e-02 
--------------------------------------------------------------------------
SNES Convergence Reason : maximum iterations reached
Number of iterations    : 1
SNES solution time      : 1.75344 (sec)
--------------------------------------------------------------------------
Residual summary: 
   Continuity: 
      |Div|_inf = 1.312615935659e-03 
      |Div|_2   = 1.678536441057e-03 
   Momentum: 
      |mRes|_2  = 6.553489325666e-02 
--------------------------------------------------------------------------
Actual time step : 8.25353 [ ] 
--------------------------------------------------------------------------
Performing marker control (updated algorithm)
Marker control [0]: (AVD YZED) injected 5 markers and deleted 0 markers in 8.5265e-04 s
Marker control [0]: (AVD XZED) injected 4 markers and deleted 0 markers in 6.4521e-04 s
Marker control [0]: (AVD XYED) injected 7 markers and deleted 0 markers in 1.0592e-03 s
--------------------------------------------------------------------------
================================= STEP 3 =================================
--------------------------------------------------------------------------
Current time        : 15.94158 [ ] 
Tentative time step : 8.25353 [ ] 
--------------------------------------------------------------------------
  0 SNES Function norm 4.875089093557e+01 
  0 PICARD ||F||/||F0||=1.000000e+00 
    Residual norms for js_ solve.
    0 KSP Residual norm 9.881415304477e-01 
    1 KSP Residual norm 4.268341121140e-02 
    2 KSP Residual norm 5.275843429319e-04 
    3 KSP Residual norm 5.414368205063e-05 
    4 KSP Residual norm 2.281025015968e-06 
  Linear js_ solve converged due to CONVERGED_RTOL iterations 4
  1 SNES Function norm 9.420689785464e-02 
--------------------------------------------------------------------------
SNES Convergence Reason : maximum iterations reached
Number of iterations    : 1
SNES solution time      : 1.76037 (sec)
--------------------------------------------------------------------------
Residual summary: 
   Continuity: 
      |Div|_inf = 1.885902366888e-03 
      |Div|_2   = 2.411885556999e-03 
   Momentum: 
      |mRes|_2  = 9.417601823954e-02 
--------------------------------------------------------------------------
Actual time step : 8.53054 [ ] 
--------------------------------------------------------------------------
Performing marker control (updated algorithm)
Marker control [0]: (AVD YZED) injected 1 markers and deleted 0 markers in 1.9455e-04 s
Marker control [0]: (AVD XZED) injected 1 markers and deleted 0 markers in 1.8905e-04 s
Marker control [0]: (AVD XYED) injected 1 markers and deleted 0 markers in 1.8234e-04 s
--------------------------------------------------------------------------
=========================== SOLUTION IS DONE! ============================
--------------------------------------------------------------------------
Total solution time : 5.98827 (sec) 
--------------------------------------------------------------------------
