# -------------------------------------------------------------------------- 
#                   Lithosphere and Mantle Evolution Model                   
#              Current Revision: 4812 - 2013-10-01 23:57:18		     
#  Modified items: LaMEM_Particles.c, Elements.c, Assembly_FDSTAG.c, fdstag/JacRes.c, 
#     Compiled: Date: Oct  9 2013 - Time: 23:02:54 - Mode:  	    
# -------------------------------------------------------------------------- 
 Parsing input file : ./input/FallingBlock_SCR.dat 
# Adding PetscOption: -vpt_element Q1P0 
# Adding PetscOption: -restart 0 
# Adding PetscOption: -save_breakpoints 0 
# Adding PetscOption: -scr_ksp_rtol 1.0e-4 
# Adding PetscOption: -scr_ksp_atol 1.0e-13 
# Adding PetscOption: -scr_pc_type bjacobi 
# Adding PetscOption: -vs_ksp_type fgmres 
# Adding PetscOption: -vs_pc_type fieldsplit 
# Adding PetscOption: -vs_fieldsplit_ksp_type fgmres 
# Adding PetscOption: -vs_fieldsplit_ksp_rtol 1.0e-2 
# Adding PetscOption: -vs_pc_fieldsplit_block_size 3 
# Adding PetscOption: -vs_pc_fieldsplit_type SYMMETRIC_MULTIPLICATIVE 
# LithColDepth[0] = 0 
# LithColDens[0] = 0 
# LithColDens[1] = 0 
# --------------------------------------------------------------------------
# Phase material parameters read from ./input/FallingBlock_SCR.dat: 
#    phase_1 (id=1), VISCOSITY, constant [0,0,0] = 1.000000e+03 
#    phase_1 (id=1), ELASTICITY, constant [0,1,0] = 5.000000e+10, 1.000000e+00 
#    phase_1 (id=1), DENSITY, temperature-dependent [0,2,0] = 2.000000e+00, 0.000000e+00, 0.000000e+00 
#    phase_1 (id=1), ENERGY, constant [0,3,0] = 3.000000e+00 1.050000e+03 0.000000e+00 0.000000e+00 
#    phase_0 (id=0), VISCOSITY, constant [1,0,0] = 1.000000e+00 
#    phase_0 (id=0), ELASTICITY, constant [1,1,0] = 5.000000e+10, 1.000000e+00 
#    phase_0 (id=0), DENSITY, temperature-dependent [1,2,0] = 1.000000e+00, 0.000000e+00, 0.000000e+00 
#    phase_0 (id=0), ENERGY, constant [1,3,0] = 3.000000e+00 1.050000e+03 0.000000e+00 0.000000e+00 
 Stokes solver             : Schur Complement Reduction
 Velocity solver           : User-defined (set options with prefix vs_)
 Note: Galerkin geometric multigrid is deactivated for user-defined solver 
 Element-type used         : Q1Q1 ;  [Q1P0 Q2Pm1_global Q2Pm1_local Q1Q1 FDSTAG] (change with -vpt_element)
 Total # of cpu's          : 1 
 Total # of velocity dof's : 2187 
 Computing mean material per element using arithmetic averaging from integration points 
 Employing code in a Lagrangian manner 
 Gravity angle with z-axis =  0 
 Approximate Aspect ratio of cells [dx/dz, dy/dz] = [1 1] 
 Number of tracers/cell in [x,y,z]-direction = [2,2,2] 
 NumSurfaceNodes=1  nz=9 
 # Not employing nonlinear iterations 
 BC employed: BC.[Left Right; Front Back; Lower Upper]=[1 1; 1 1; 1 2] 
# Initial time step: 0.001 years 
 Input is assumed to be in non-dimensional units 
 Fine Grid parameters, nel=[8,8,8], cpu=[1,1,1] 
# Finished initializing Stokes matrices : 0.0582569 s 
# Not adding random noise to initial particle distribution. 
Initialized particles 
#rank=0, Attributing 4096 particles to elements took 0.00269794 s 
The total # of particles present is 4096 
 *** Using a falling block setup *** 
 Falling block coordinates:  [left,right]=[0.250000,0.750000]; [front,back]=[0.250000,0.750000]; [bottom,top]=[0.250000,0.750000] 
Saved initial particle distribution to directory ./InitialParticles 
The total memory used by integration points is 1.081344e+00 MB
The max memory used by integration points is 1.081344e+00 MB
The min memory used by integration points is 1.081344e+00 MB
#  Interpolating meshes and temperatures took 0.000891924 s 
#  Forming FEM stiffness matrix mx,my,mz=(9, 9, 9) ...   finished. [0.0320599 s]
 minDiagonalRatio=1 [Critical = 0.55; change with -CriticalDiagonalRatio]  
#  Forming stiffness matrixes took 0.0333128 s 
SCR: Viscosity structure info: min(0)=1.000000e+00 : max(182)=1.000000e+03 : contrast=1.000000e+03 
Using stabilization matrix 
  Residual norms for scr_ solve.
  0 KSP Residual norm 5.939415512336e-03 
  1 KSP Residual norm 3.901597296323e-04 
  2 KSP Residual norm 1.746934597478e-04 
  3 KSP Residual norm 3.890016203089e-05 
  4 KSP Residual norm 1.528165978982e-05 
  5 KSP Residual norm 5.614953289050e-06 
  6 KSP Residual norm 2.446318794319e-06 
  7 KSP Residual norm 1.288490411925e-06 
  8 KSP Residual norm 5.566680887238e-07 
Linear solve converged due to CONVERGED_RTOL iterations 8
# Time: p solve = 2.49e-01 
# Time: u solve = 3.69e-02 
#  Finished Stokes solve after 0.337231 s 
------------------------------------------
Stokes solver summary: 
  divergence: 
    Div_min = 1.321518132841e-09 
    Div_max = 2.088860984546e-05 
    |Div|_2 = 1.801985750494e-04 
    |Div|_1 = 3.320648802107e-03 
  momentum: 
    mRes_min = 0.000000000000e+00 
    mRes_max = 6.077324214617e-09 
    |mRes|_2 = 3.094603737664e-08 
    |mRes|_1 = 5.524021796282e-07 
  velocity: 
    u_min   = -4.330791515599e-03 
    u_max   = 2.502983796758e-03 
    |u|_2   = 5.628201465712e-02 
    |u|_1   = 1.385827474086e+00 
  pressure: 
    p_min   = -6.086147143517e-01 
    p_max   = 5.367372247826e-01 
    |p|_2   = 9.520743470878e+00 
    |p|_1   = 2.224679232367e+02 
------------------------------------------
The total memory used by integration points is 1.081344e+00 MB
The max memory used by integration points is 1.081344e+00 MB
The min memory used by integration points is 1.081344e+00 MB
#  Solving for velocity took 0.377759 s 
#  Forming temperature stiffness matrix mx,my,mz=(9, 9, 9) ...  finished. 
#  Forming temperature stiffness matrixes took 0.00451493 s 
#  Solving for temperature took 0.0012629 s 
The total memory used by integration points is 1.081344e+00 MB
The max memory used by integration points is 1.081344e+00 MB
The min memory used by integration points is 1.081344e+00 MB
The total memory used by particles is 1.146880e+00 MB
The max memory used by particles is 1.146880e+00 MB
The min memory used by particles is 1.146880e+00 MB
#  Updating properties @ integration points and particles took 0.013025 s 
AdvectionMethod = 1 
  Starting particle advection 
  Finished particle advection 
Minimum z-level phase 1 0.281246 
# Writing output to existing directory Timestep_000000 
# Saved MATLAB output in file Timestep_000000/FB_test.0.1000000.out 
# Saved Paraview VTS Velocity output in file FB_test_velocity_step000000-mesh.pvts 
# Saved Paraview VTS Temperature output in file FB_test_temperature_step000000-mesh.pvts 
# Saved Paraview VTS Surface Topography output in file FB_test_Surface_topography_step000000-mesh.pvts 
# Saved Paraview VTS Bottom Topography output in file FB_test_Bottom_topography_step000000-mesh.pvts 
# Saved Paraview VTS point-wise quadrature output in file FB_test_quadrature_step000000-mesh.pvts 
 Maximum velocity  0.00433079    
 Time = 0.001, dt=1e-05   
# Finished timestep 0 out of 1 in 0.413469 s
  
# Total time required: 0.490945 s 
#PETSc Option Table entries:
-AddRandomNoiseParticles 0
-ParamFile ./input/FallingBlock_SCR.dat
-options_left
-restart 0
-save_breakpoints 0
-scr_ksp_atol 1.0e-13
-scr_ksp_converged_reason
-scr_ksp_max_it 1000
-scr_ksp_monitor
-scr_ksp_rtol 1.0e-4
-scr_ksp_type fgmres
-scr_pc_type bjacobi
-time_end 1
-vpt_element Q1Q1
-vs_fieldsplit_ksp_rtol 1.0e-2
-vs_fieldsplit_ksp_type fgmres
-vs_ksp_type fgmres
-vs_pc_fieldsplit_block_size 3
-vs_pc_fieldsplit_type SYMMETRIC_MULTIPLICATIVE
-vs_pc_type fieldsplit
#End of PETSc Option Table entries
There are no unused options.
