 Parsing input file : input/Subduction3D_FDSTAG_LoadMatlabParticles_pushingBC.dat 
# Adding PetscOption: -vpt_element FDSTAG 
# Adding PetscOption: -MatlabOutputFiles 0 
# Adding PetscOption: -AVDPhaseViewer 1 
# Adding PetscOption: -AVDPhaseViewer_factor 4 
# Adding PetscOption: -AddRandomNoiseParticles 0 
# Adding PetscOption: -options_left 
# Adding PetscOption: -vs_ksp_type gcr 
# Adding PetscOption: -vs_pc_type hypre 
# Adding PetscOption: -vs_ksp_max_it 2 
# Adding PetscOption: -fc_ksp_v_atol 1e-5 
# Adding PetscOption: -fc_ksp_p_atol 1e-5 
# Adding PetscOption: -vs_ksp_rtol 1e-2 
# Adding PetscOption: -da_processors_z 1 
# -------------------------------------------------------------------------- 
#                   Lithosphere and Mantle Evolution Model                   
#              Current Revision: 5249 - 2014-05-06 15:21:36		     
#  Modified items: 
#     Compiled: Date: May  6 2014 - Time: 15:39:24 - Mode:  arch-darwin-c-debug	    
# -------------------------------------------------------------------------- 
# --------------------------------------------------------------------------
# Phase material parameters read from input/Subduction3D_FDSTAG_LoadMatlabParticles_pushingBC.dat: 
#    phase_0 (id=0), VISCOSITY, constant [0,0,0] = 1.000000e+20 
#    phase_0 (id=0), ELASTICITY, constant [0,1,0] = 5.000000e+10, 1.000000e+00 
#    phase_0 (id=0), DENSITY, temperature-dependent [0,2,0] = 3.200000e+03, 0.000000e+00, 0.000000e+00 
#    phase_0 (id=0), ENERGY, constant [0,3,0] = 3.000000e+00 1.050000e+03 0.000000e+00 0.000000e+00 
#    phase_1 (id=1), VISCOSITY, constant [1,0,0] = 1.000000e+18 
#    phase_1 (id=1), ELASTICITY, constant [1,1,0] = 5.000000e+10, 1.000000e+00 
#    phase_1 (id=1), DENSITY, temperature-dependent [1,2,0] = 0.000000e+00, 0.000000e+00, 0.000000e+00 
#    phase_1 (id=1), ENERGY, constant [1,3,0] = 3.000000e+00 1.050000e+03 0.000000e+00 0.000000e+00 
#    phase_2 (id=2), VISCOSITY, constant [2,0,0] = 1.000000e+22 
#    phase_2 (id=2), ELASTICITY, constant [2,1,0] = 5.000000e+10, 1.000000e+00 
#    phase_2 (id=2), DENSITY, temperature-dependent [2,2,0] = 3.300000e+03, 0.000000e+00, 0.000000e+00 
#    phase_2 (id=2), ENERGY, constant [2,3,0] = 3.000000e+00 1.050000e+03 0.000000e+00 0.000000e+00 
#    phase_3 (id=3), VISCOSITY, constant [3,0,0] = 5.000000e+21 
#    phase_3 (id=3), ELASTICITY, constant [3,1,0] = 5.000000e+10, 1.000000e+00 
#    phase_3 (id=3), DENSITY, temperature-dependent [3,2,0] = 3.100000e+03, 0.000000e+00, 0.000000e+00 
#    phase_3 (id=3), ENERGY, constant [3,3,0] = 3.000000e+00 1.050000e+03 0.000000e+00 0.000000e+00 
#    phase_4 (id=4), VISCOSITY, constant [4,0,0] = 1.000000e+20 
#    phase_4 (id=4), ELASTICITY, constant [4,1,0] = 5.000000e+10, 1.000000e+00 
#    phase_4 (id=4), DENSITY, temperature-dependent [4,2,0] = 3.100000e+03, 0.000000e+00, 0.000000e+00 
#    phase_4 (id=4), ENERGY, constant [4,3,0] = 3.000000e+00 1.050000e+03 0.000000e+00 0.000000e+00 
 Stokes solver             : Fully Coupled
 Velocity solver           : Fieldsplit + Algebraic Multigrid (ML)
 Element-type used         : FDSTAG;  [Q1P0 Q2Pm1_global Q2Pm1_local Q1Q1 FDSTAG] (change with -vpt_element)
 Total # of cpu's          : 4 
 Total # of velocity dof's : 21483 
 Computing mean material per element using arithmetic averaging from integration points 
 Employing code in an Eulerian manner 
 Gravity angle with z-axis =  0 
 Approximate Aspect ratio of cells [dx/dz, dy/dz] = [1 1] 
 Number of tracers/cell in [x,y,z]-direction = [3,3,3] 
 NumSurfaceNodes=3  nz=21 
 # Not employing nonlinear iterations 
 BC employed: BC.[Left Right; Front Back; Lower Upper]=[1 1; 1 1; 1 1] 
# Initial time step: 0.001 years 
 Input is assumed to be in dimensional units: 
  Characteristic Length 	= 1e+06 [m] 
  Characteristic Stress 	= 1e+06 [Pa] 
  Characteristic Temperature 	= 1000  [Celcius/K] 
  Characteristic Viscosity 	= 1e+20 [Pa.s] 
  Characteristic Time 	= 1e+14 [s] 
 Fine Grid parameters, nel=[30,10,20], cpu=[2,2,1] 
# Finished initializing Stokes matrices : 0.108257 s 
# Loading particle information from MATLAB files... 
[0] Loaded particle distribution (40500 prtcls) from directory ./MatlabInputParticles on 4 procs 
# Not adding random noise to particle distribution... 
# Successful loading of particles from disc for FDSTAG 
#rank=0, Attributing 40500 particles to elements took 0.14433 s 
The total # of particles present is 162000 
The total memory used by integration points is 1.584000e+00 MB
The max memory used by integration points is 3.960000e-01 MB
The min memory used by integration points is 3.960000e-01 MB
# Correcting particle phase due to internal free surface motion...  Corrected 0 Particles... [0.002564 s]
#  Computing material properties from particles for FDSTAG ...   [0.167915 s] 
#  Interpolating meshes and temperatures took 0.181975 s 
#  Forming FD stiffness matrix mx,my,mz=(31, 11, 21) ...  
#  FDSTAG: Time to insert stencil into operators 4.4695e-01 
#  FDSTAG: Time to insert bc's into operators 6.2461e-03 
#  FDSTAG: Time to assemble operators 6.3720e-03 
#  Forming stiffness matrixes took 0.522102 s 
FC: Viscosity structure info: min(1425)=1.000000e-02 : max(2701)=9.604000e+01 : contrast=9.604000e+03 
Using unpreconditioned (true) Stokes residual to define the FC stopping condition 
StokesResidual: Using L_inf 
Stopping conditions: 
Velocity: RTOL: 1.000000e-06	ATOL: 1.000000e-05	minATOL: 1.000000e-05		fc_ksp_min_it 4
Pressure: RTOL: 1.000000e-06	ATOL: 1.000000e-05	minATOL: 1.000000e-05		fc_ksp_min_it 4
StokesResidual: Monitor activated 
# FC: using nonzero initial guess 
  Residual norms for fc_ solve.
  # KSP Iterations      /  L2_norm             scaled_L2_norm      Linf_norm           /  ... for each   2 blocks  [fc_] 
  0 KSP Residual norms  /  2.326135570856e+06  1.587038850205e+04  3.250000000000e+04  /  0.000000000000e+00  0.000000000000e+00  0.000000000000e+00  /  [fc_] 
  1 KSP Residual norms  /  2.694971143135e+05  1.838682129247e+03  3.492104431845e+04  /  2.901316352160e+05  3.745583304665e+03  1.747361782762e+04  /  [fc_] 
  2 KSP Residual norms  /  9.181389175858e+04  6.264132453630e+02  1.683998086971e+04  /  1.945058143612e+05  2.511059265871e+03  1.115250535286e+04  /  [fc_] 
  3 KSP Residual norms  /  9.050446880757e+04  6.174795223219e+02  1.731505999748e+04  /  9.980358578878e+04  1.288458752172e+03  5.906466834002e+03  /  [fc_] 
  4 KSP Residual norms  /  6.021168469932e+04  4.108027238454e+02  1.038478988503e+04  /  4.029322056991e+04  5.201832407745e+02  2.670706297914e+03  /  [fc_] 
  5 KSP Residual norms  /  4.484030635121e+04  3.059293238369e+02  7.501475050499e+03  /  2.282230203708e+04  2.946346523724e+02  1.561899670800e+03  /  [fc_] 
  6 KSP Residual norms  /  1.888699142474e+04  1.288591668091e+02  2.607774754643e+03  /  6.466573755798e+03  8.348310821076e+01  4.021803462692e+02  /  [fc_] 
  7 KSP Residual norms  /  1.098153276393e+04  7.492305843871e+01  2.208097724395e+03  /  3.248275922816e+03  4.193506184317e+01  1.921464712031e+02  /  [fc_] 
  8 KSP Residual norms  /  7.218625201606e+03  4.925009007882e+01  1.230965509928e+03  /  2.058159779452e+03  2.657072849884e+01  1.178709812005e+02  /  [fc_] 
  9 KSP Residual norms  /  4.090801455799e+03  2.791007076359e+01  6.493461977806e+02  /  1.505850521852e+03  1.944044664337e+01  9.200571992898e+01  /  [fc_] 
 10 KSP Residual norms  /  3.010894698086e+03  2.054225437076e+01  4.536041504197e+02  /  1.052274009206e+03  1.358479904433e+01  6.870237581314e+01  /  [fc_] 
 11 KSP Residual norms  /  2.405674719536e+03  1.641305557894e+01  3.509321914794e+02  /  5.923821927116e+02  7.647621223207e+00  3.820397636465e+01  /  [fc_] 
 12 KSP Residual norms  /  1.555279970269e+03  1.061111728262e+01  2.758087687442e+02  /  3.921932802636e+02  5.063193476518e+00  2.384875140588e+01  /  [fc_] 
 13 KSP Residual norms  /  1.095557415537e+03  7.474595216515e+00  1.763653510868e+02  /  3.622967133904e+02  4.677230457822e+00  2.330970234335e+01  /  [fc_] 
 14 KSP Residual norms  /  6.854826303374e+02  4.676802070853e+00  1.259619221179e+02  /  3.601259841722e+02  4.649206464118e+00  2.704571307045e+01  /  [fc_] 
 15 KSP Residual norms  /  3.639937588749e+02  2.483398834549e+00  6.971110379909e+01  /  3.334693599354e+02  4.305070925001e+00  2.611934896534e+01  /  [fc_] 
 16 KSP Residual norms  /  2.436387095659e+02  1.662259510320e+00  4.705288603039e+01  /  2.985458186301e+02  3.854209945448e+00  2.401993203786e+01  /  [fc_] 
 17 KSP Residual norms  /  1.638725375705e+02  1.118043534799e+00  3.173474767542e+01  /  2.567664527696e+02  3.314840651471e+00  2.153362308683e+01  /  [fc_] 
 18 KSP Residual norms  /  1.419259031357e+02  9.683095213745e-01  2.386180758894e+01  /  2.133169005631e+02  2.753909344485e+00  1.862001948886e+01  /  [fc_] 
 19 KSP Residual norms  /  1.598063294595e+02  1.090301255604e+00  2.699448062455e+01  /  1.721318678108e+02  2.222212857943e+00  1.569933461501e+01  /  [fc_] 
 20 KSP Residual norms  /  1.596146394573e+02  1.088993423488e+00  3.147273408272e+01  /  1.028617990673e+02  1.327940115829e+00  1.029261450948e+01  /  [fc_] 
 21 KSP Residual norms  /  1.110396001197e+02  7.575833563145e-01  3.000008699558e+01  /  5.951531225837e+01  7.683393774033e-01  6.200358375637e+00  /  [fc_] 
 22 KSP Residual norms  /  6.285624741370e+01  4.288456265125e-01  1.431555284383e+01  /  3.702756723700e+01  4.780238375316e-01  3.971815824024e+00  /  [fc_] 
 23 KSP Residual norms  /  3.111830905374e+01  2.123090590236e-01  5.929449599372e+00  /  3.012566827646e+01  3.889207050937e-01  3.276048858195e+00  /  [fc_] 
 24 KSP Residual norms  /  2.540199823214e+01  1.733087210064e-01  4.062780420386e+00  /  2.714931182201e+01  3.504961084921e-01  3.040394239805e+00  /  [fc_] 
 25 KSP Residual norms  /  2.257416858680e+01  1.540154538162e-01  3.187679785290e+00  /  2.295801587821e+01  2.963867105276e-01  2.636133410084e+00  /  [fc_] 
 26 KSP Residual norms  /  1.849747036368e+01  1.262016043497e-01  3.860647417137e+00  /  1.697691356837e+01  2.191710117344e-01  2.026478121039e+00  /  [fc_] 
 27 KSP Residual norms  /  1.355696863879e+01  9.249433347888e-02  2.461443331202e+00  /  1.173827062261e+01  1.515404221154e-01  1.449638175408e+00  /  [fc_] 
 28 KSP Residual norms  /  8.775298658620e+00  5.987071462160e-02  1.981187558226e+00  /  8.106406200987e+00  1.046532540467e-01  1.040960882173e+00  /  [fc_] 
 29 KSP Residual norms  /  5.130508101623e+00  3.500361621474e-02  9.621029244214e-01  /  5.613646845015e+00  7.247186914077e-02  7.155844600334e-01  /  [fc_] 
 30 KSP Residual norms  /  3.340281410357e+00  2.278954174156e-02  5.396444972207e-01  /  4.457149628488e+00  5.754155427563e-02  5.227683818730e-01  /  [fc_] 
 31 KSP Residual norms  /  2.939242954600e+00  2.005340022992e-02  4.639379655112e-01  /  4.342586751062e+00  5.606255388775e-02  5.133743760420e-01  /  [fc_] 
 32 KSP Residual norms  /  2.937744483707e+00  2.004317670059e-02  4.627340903234e-01  /  4.343585939798e+00  5.607545335886e-02  5.135132077085e-01  /  [fc_] 
 33 KSP Residual norms  /  2.900753961388e+00  1.979080363711e-02  3.886307469195e-01  /  4.137539312158e+00  5.341540283423e-02  4.832377676535e-01  /  [fc_] 
 34 KSP Residual norms  /  2.980715576066e+00  2.033635304794e-02  3.859510095700e-01  /  3.454298350352e+00  4.459479994582e-02  3.950352419370e-01  /  [fc_] 
 35 KSP Residual norms  /  2.587495181910e+00  1.765355136588e-02  5.452856518071e-01  /  1.877752630001e+00  2.424168221430e-02  1.968945667291e-01  /  [fc_] 
 36 KSP Residual norms  /  1.762819839909e+00  1.202708735853e-02  3.455134689008e-01  /  1.180860572082e+00  1.524484443289e-02  1.058147617866e-01  /  [fc_] 
 37 KSP Residual norms  /  1.186097872464e+00  8.092320272861e-03  2.038105154099e-01  /  7.695550176602e-01  9.934912557960e-03  7.180758058488e-02  /  [fc_] 
 38 KSP Residual norms  /  8.069921910422e-01  5.505818212156e-03  1.291765786385e-01  /  5.109561693733e-01  6.596415782083e-03  4.864647875936e-02  /  [fc_] 
 39 KSP Residual norms  /  7.170173180872e-01  4.891951932345e-03  8.774977328243e-02  /  3.852098369236e-01  4.973037610667e-03  3.810658243437e-02  /  [fc_] 
 40 KSP Residual norms  /  5.329272253828e-01  3.635971271887e-03  9.771366954492e-02  /  2.436552573788e-01  3.145575846813e-03  2.375473768968e-02  /  [fc_] 
 41 KSP Residual norms  /  3.410850307409e-01  2.327100800966e-03  6.782072684644e-02  /  1.786399649947e-01  2.306232031305e-03  1.570097023832e-02  /  [fc_] 
 42 KSP Residual norms  /  2.708807168549e-01  1.848121953021e-03  5.602683846546e-02  /  1.528510853585e-01  1.973299026811e-03  1.275712000110e-02  /  [fc_] 
 43 KSP Residual norms  /  2.006803454590e-01  1.369170003272e-03  3.371834688746e-02  /  1.407979389436e-01  1.817693575696e-03  1.094231924261e-02  /  [fc_] 
 44 KSP Residual norms  /  1.303342556949e-01  8.892238693735e-04  1.917011790748e-02  /  1.308265501201e-01  1.688963499522e-03  1.028171584616e-02  /  [fc_] 
 45 KSP Residual norms  /  1.020028119279e-01  6.959285924171e-04  1.523688636693e-02  /  1.183499856777e-01  1.527891745178e-03  9.142827484233e-03  /  [fc_] 
 46 KSP Residual norms  /  8.755841993101e-02  5.973796877281e-04  1.427422415822e-02  /  1.094792340644e-01  1.413370834290e-03  8.633360215147e-03  /  [fc_] 
 47 KSP Residual norms  /  6.411403906226e-02  4.374270876996e-04  1.674570068421e-02  /  9.653447827551e-02  1.246254755653e-03  7.927159033409e-03  /  [fc_] 
 48 KSP Residual norms  /  4.510194150948e-02  3.077143666605e-04  7.539328571770e-03  /  7.514744558730e-02  9.701493508988e-04  6.283227962000e-03  /  [fc_] 
 49 KSP Residual norms  /  5.201147789951e-02  3.548556546631e-04  8.733897117220e-03  /  4.649715653936e-02  6.002757097432e-04  4.202746980782e-03  /  [fc_] 
 50 KSP Residual norms  /  4.543598632864e-02  3.099934346235e-04  7.519628595575e-03  /  2.214616577323e-02  2.859057707402e-04  2.518157836041e-03  /  [fc_] 
 51 KSP Residual norms  /  2.152438732255e-02  1.468531728578e-04  4.302521512904e-03  /  1.273253680262e-02  1.643763433051e-04  1.473389539199e-03  /  [fc_] 
 52 KSP Residual norms  /  1.126677107087e-02  7.686913707809e-05  2.197797690005e-03  /  1.124841470469e-02  1.452164094083e-04  1.283727342461e-03  /  [fc_] 
 53 KSP Residual norms  /  8.136057398619e-03  5.550940083152e-05  1.374124077441e-03  /  9.615308911984e-03  1.241331042825e-04  1.116540503761e-03  /  [fc_] 
 54 KSP Residual norms  /  6.819099777458e-03  4.652427143905e-05  9.971719438568e-04  /  7.394116953395e-03  9.545763940136e-05  8.761375567025e-04  /  [fc_] 
 55 KSP Residual norms  /  6.405245065095e-03  4.370068920640e-05  9.394166460189e-04  /  4.218508676763e-03  5.446071283645e-05  5.338124755847e-04  /  [fc_] 
 56 KSP Residual norms  /  4.522976078109e-03  3.085864316957e-05  8.730839294736e-04  /  2.000465180513e-03  2.582589442931e-05  2.388182021112e-04  /  [fc_] 
 57 KSP Residual norms  /  2.286483591512e-03  1.559985727208e-05  3.738518864197e-04  /  1.303376108249e-03  1.682651320364e-05  1.335502778776e-04  /  [fc_] 
 58 KSP Residual norms  /  1.091911896506e-03  7.449723147990e-06  2.049996336568e-04  /  9.151100135848e-04  1.181401947521e-05  8.929788937480e-05  /  [fc_] 
 59 KSP Residual norms  /  5.806005223298e-04  3.961229074228e-06  8.640608863875e-05  /  6.190277192619e-04  7.991613491807e-06  7.401094614520e-05  /  [fc_] 
 60 KSP Residual norms  /  5.008285652097e-04  3.416973628876e-06  1.024874888818e-04  /  4.899667400964e-04  6.325443415296e-06  6.267374920655e-05  /  [fc_] 
 61 KSP Residual norms  /  4.989914728998e-04  3.404439807099e-06  1.029161059541e-04  /  4.843240211242e-04  6.252596226608e-06  6.172993253723e-05  /  [fc_] 
 62 KSP Residual norms  /  4.953744727752e-04  3.379762312843e-06  1.120356387873e-04  /  4.538951618511e-04  5.859761342578e-06  5.751984925524e-05  /  [fc_] 
 63 KSP Residual norms  /  4.735869382660e-04  3.231113781134e-06  9.143614658355e-05  /  4.040163517314e-04  5.215828672838e-06  5.138412620384e-05  /  [fc_] 
 64 KSP Residual norms  /  4.682786129305e-04  3.194896981725e-06  9.005164988550e-05  /  3.551598496356e-04  4.585093942934e-06  4.544972591611e-05  /  [fc_] 
 65 KSP Residual norms  /  3.954725985189e-04  2.698167664450e-06  5.466184867765e-05  /  2.512163952898e-04  3.243189717505e-06  3.172448787353e-05  /  [fc_] 
 66 KSP Residual norms  /  2.785348132081e-04  1.900343106543e-06  4.710669752441e-05  /  1.257491597512e-04  1.623414671721e-06  1.574848386353e-05  /  [fc_] 
 67 KSP Residual norms  /  1.748984524119e-04  1.193269396230e-06  3.271857536449e-05  /  6.005778249387e-05  7.753426380297e-07  7.743879554360e-06  /  [fc_] 
 68 KSP Residual norms  /  9.808312822696e-05  6.691859967069e-07  1.530673582104e-05  /  4.261854756604e-05  5.502030832094e-07  5.248537904860e-06  /  [fc_] 
 69 KSP Residual norms  /  6.041345792286e-05  4.121793501638e-07  9.282780152872e-06  /  3.549436400434e-05  4.582302689102e-07  4.199604590376e-06  /  [fc_] 
Velocity convergence reason: ATOL + RTOL
Pressure convergence reason: ATOL + RTOL
Linear solve converged due to CONVERGED_HAPPY_BREAKDOWN iterations 69
#  Finished Stokes solve after 5.56072 s 
------------------------------------------
Stokes solver summary: 
  divergence: 
    Div_min = 2.726707748479e-13 
    Div_max = 4.199598388111e-06 
    |Div|_2 = 3.549437014379e-05 
    |Div|_1 = 5.318264370369e-04 
  momentum: 
    mRes_min = 0.000000000000e+00 
    mRes_max = 9.326402505394e-06 
    |mRes|_2 = 6.042551375099e-05 
    |mRes|_1 = 1.662449233364e-03 
  velocity: 
    u_min   = -8.588858607672e-01 
    u_max   = 8.205719495365e-02 
    |u|_2   = 1.012193843800e+01 
    |u|_1   = 4.849969232152e+02 
  pressure: 
    p_min   = -4.664258595500e+02 
    p_max   = 5.296115848678e+03 
    |p|_2   = 2.254164125068e+05 
    |p|_1   = 1.424875087753e+07 
------------------------------------------
The total memory used by integration points is 1.584000e+00 MB
The max memory used by integration points is 3.960000e-01 MB
The min memory used by integration points is 3.960000e-01 MB
#  Solving for velocity took 6.0999 s 
#  Forming FD stiffness matrix for energy equation with mx,my,mz=(31, 11, 21) with Top/Bottom T=[0,1]...  
#  Forming temperature stiffness matrixes took 0.0320911 s 
#  Solving for temperature took 0.01087 s 
The total memory used by integration points is 1.584000e+00 MB
The max memory used by integration points is 3.960000e-01 MB
The min memory used by integration points is 3.960000e-01 MB
The total memory used by particles is 4.354560e+01 MB
The max memory used by particles is 1.088640e+01 MB
The min memory used by particles is 1.088640e+01 MB
#  Updating properties @ integration points and particles took 0.2987 s 
AdvectionMethod = 0 
  Starting particle advection 
  Finished particle advection 
# Advecting internal free surface ...  [0.002540 s] 
# Correcting particle phase due to internal free surface motion...  Corrected 0 Particles... [0.002181 s]
Minimum z-level phase 1 191606 
# Writing output to existing directory Timestep_000000 
# Saved Paraview VTS Velocity output in file Subduction3D_Output_FDSTAG_velocity_step000000-mesh.pvts 
# Saved Paraview VTS Temperature output in file Subduction3D_Output_FDSTAG_temperature_step000000-mesh.pvts 
# Saved Paraview VTS Surface Topography output in file Subduction3D_Output_FDSTAG_Surface_topography_step000000-mesh.pvts 
# Saved Paraview VTS Bottom Topography output in file Subduction3D_Output_FDSTAG_Bottom_topography_step000000-mesh.pvts 
# Saved Paraview VTS point-wise quadrature output in file Subduction3D_Output_FDSTAG_quadrature_step000000-mesh.pvts 
AVD3d: Loaded 162000 of 162000 LaMEM points
# AVD3d: Initialisation 7.3340e-02 (sec)
# AVD3d: Voronoi generator 7.7954e-02 (sec)
#AVD3d PMemory usage: 
#  points:  5.1840 [1.2960/1.2960] (MB) 
#  cells:   10.7374 [2.6844/2.6844] (MB) 
#  chains:  19.0129 [4.5343/4.9387] (MB) 
#  [total]: 34.9343 [8.5147/8.9191] (MB) 
# AVD3d: VTR writer 9.4540e-03 (sec)
# Saved Paraview VTS phases output in file Subduction3D_Output_FDSTAG_phases_step000000.pvtr 
 Starting GetParticleNodes 
#rank=0, Attributing 40500 particles to elements took 0.126467 s 
The total # of particles present is 162000 
 Finished GetParticleNodes 
 Maximum velocity  27.1044   [cm/year]  
 Time = 3168.81, dt=1677.02  [Years]  
# Finished timestep 0 out of 1 in 7.02593 s
  
# Total time required: 7.41711 s 
#PETSc Option Table entries:
-AVDPhaseViewer 1
-AVDPhaseViewer_factor 4
-AddPushing 0
-AddRandomNoiseParticles 0
-LoadInitialParticlesFromDisc 2
-MatlabOutputFiles 0
-ParamFile input/Subduction3D_FDSTAG_LoadMatlabParticles_pushingBC.dat
-da_proc_z 1
-da_processors_z 1
-fc_ksp_converged_reason
-fc_ksp_max_it 1000
-fc_ksp_min_it 4
-fc_ksp_p_atol 1e-5
-fc_ksp_p_min_atol 1.0e-5
-fc_ksp_p_rtol 1.0e-6
-fc_ksp_type gcr
-fc_ksp_v_atol 1e-5
-fc_ksp_v_min_atol 1.0e-5
-fc_ksp_v_rtol 1.0e-6
-fc_pc_fieldsplit_schur_factorization_type UPPER
-fc_pc_fieldsplit_type SCHUR
-fc_pc_type fieldsplit
-options_left
-ps_ksp_type preonly
-ps_pc_type jacobi
-restart 0
-time_end 1
-use_stokes_monitor
-use_stokes_norm Linf
-use_stokes_residual
-vpt_element FDSTAG
-vs_fieldsplit_ksp_type preonly
-vs_fieldsplit_pc_type ml
-vs_ksp_max_it 2
-vs_ksp_rtol 1e-2
-vs_ksp_type gcr
-vs_pc_fieldsplit_block_size 3
-vs_pc_fieldsplit_type ADDITIVE
-vs_pc_type hypre
#End of PETSc Option Table entries
There are 4 unused database options. They are:
Option left: name:-vs_fieldsplit_ksp_type value: preonly
Option left: name:-vs_fieldsplit_pc_type value: ml
Option left: name:-vs_pc_fieldsplit_block_size value: 3
Option left: name:-vs_pc_fieldsplit_type value: ADDITIVE
