# -------------------------------------------------------------------------- 
#                   Lithosphere and Mantle Evolution Model                   
#              Current Revision: 4812 - 2013-10-01 23:57:18		     
#  Modified items: LaMEM_Particles.c, Elements.c, Assembly_FDSTAG.c, fdstag/JacRes.c, 
#     Compiled: Date: Oct  9 2013 - Time: 23:02:54 - Mode:  	    
# -------------------------------------------------------------------------- 
 Stokes solver             : Fully Coupled
 Velocity solver           : Direct (Build-in direct solver)
 Input is assumed to be in non-dimensional units 
 Element-type used         : Q2Pm1_local;  [Q1P0 Q2Pm1_global Q2Pm1_local Q1Q1 FDSTAG] (change with -vpt_element)
 Total # of cpu's          : 1 
 Total # of velocity dof's : 729 
 Computing mean material per element using arithmetic averaging from integration points 
 Employing code in an Eulerian manner 
 Gravity angle with z-axis =  0 
 Approximate Aspect ratio of cells [dx/dz, dy/dz] = [1 4] 
 WARNING: At least 3 particles required in x-direction for Q2 elements; I have increased this 
 WARNING: At least 3 particles required in y-direction for Q2 elements; I have increased this 
 WARNING: At least 3 particles required in z-direction for Q2 elements; I have increased this 
 Number of tracers/cell in [x,y,z]-direction = [3,3,3] 
 NumSurfaceNodes=1  nz=9 
 # Not employing nonlinear iterations 
 BC employed: BC.[Left Right; Front Back; Lower Upper]=[1 1; 1 1; 1 1] 
# Initial time step: 0.001 years 
 Input is assumed to be in non-dimensional units 
 Fine Grid parameters, nel=[4,1,4], cpu=[1,1,1] 
# Finished initializing Stokes matrices : 0.0109961 s 
# Not adding random noise to initial particle distribution. 
Initialized particles 
#rank=0, Attributing 432 particles to elements took 0.00994301 s 
The total # of particles present is 432 
 *** Using a falling block setup *** 
 Falling block coordinates:  [left,right]=[0.250000,0.750000]; [front,back]=[0.000000,0.000000]; [bottom,top]=[0.250000,0.750000] 
Saved initial particle distribution to directory ./InitialParticles 
The total memory used by integration points is 1.140480e-01 MB
The max memory used by integration points is 1.140480e-01 MB
The min memory used by integration points is 1.140480e-01 MB
#  Interpolating meshes and temperatures took 0.000157833 s 


 --------------------------------------------------------------------------------  
 
             PERFORMING BENCHMARK OF LaMEM VERSUS ANALYTICAL SOLUTION              
  using:                             SolCx                                        
 
   with:      rho   = -1*sin(1*PI*z)*cos(1*PI*x)                                  
              eta   = 1 if x<x_c & eta=eta_b for x>x_c                            
    and:      x_c   = 0.5     (change with -SolCx_xc ... )                         
              eta_b = 1     (change with -mumax ...    )                          

 --------------------------------------------------------------------------------  
 
 
#  Forming FEM stiffness matrix mx,my,mz=(9, 3, 9) ...   finished. [0.0196469 s]
 minDiagonalRatio=1 [Critical = 0.55; change with -CriticalDiagonalRatio]  
#  Forming stiffness matrixes took 0.019908 s 
FC: Viscosity structure info: min(0)=1.000000e+00 : max(0)=1.000000e+00 : contrast=1.000000e+00 
Using unpreconditioned (true) Stokes residual to define the FC stopping condition 
StokesResidual: Using L_inf 
Stopping conditions: 
Velocity: RTOL: 1.000000e-06	ATOL: 1.000000e-16	minATOL: 1.000000e-05		fc_ksp_min_it 4
Pressure: RTOL: 1.000000e-06	ATOL: 1.000000e-16	minATOL: 1.000000e-05		fc_ksp_min_it 4
StokesResidual: Monitor activated 
# FC: using nonzero initial guess 
  Residual norms for fc_ solve.
  # KSP Iterations      /  L2_norm             scaled_L2_norm      Linf_norm           /  ... for each   2 blocks  [fc_] 
  0 KSP Residual norms  /  4.717938938705e-02  1.747384792113e-03  1.532647963990e-02  /  0.000000000000e+00  0.000000000000e+00  0.000000000000e+00  /  [fc_] 
  1 KSP Residual norms  /  1.880645761091e-03  6.965354670707e-05  6.109379400984e-04  /  9.229891125192e-03  1.153736390649e-03  3.872314732945e-03  /  [fc_] 
  2 KSP Residual norms  /  9.849249184147e-08  3.647870068202e-09  3.199581840435e-08  /  6.816748435346e-05  8.520935544182e-06  2.026270922148e-05  /  [fc_] 
  3 KSP Residual norms  /  4.685328909091e-16  1.735307003367e-17  2.393989931427e-16  /  3.228910355564e-09  4.036137944455e-10  9.752507691291e-10  /  [fc_] 
  4 KSP Residual norms  /  4.122859767834e-16  1.526985099198e-17  1.973638397891e-16  /  4.423735576979e-17  5.529669471223e-18  1.979372867487e-17  /  [fc_] 
Velocity convergence reason: RTOL 
Pressure convergence reason: ATOL + RTOL
Linear solve converged due to CONVERGED_HAPPY_BREAKDOWN iterations 4
#  Finished Stokes solve after 0.020093 s 
------------------------------------------
Stokes solver summary: 
  divergence: 
    Div_min = 5.421010862428e-20 
    Div_max = 2.122325752640e-17 
    |Div|_2 = 4.514542233309e-17 
    |Div|_1 = 2.249245447452e-16 
  momentum: 
    mRes_min = 0.000000000000e+00 
    mRes_max = 2.142383492831e-16 
    |mRes|_2 = 4.697281335678e-16 
    |mRes|_1 = 4.118555168291e-15 
  velocity: 
    u_min   = -2.557215743049e-02 
    u_max   = 2.557215743049e-02 
    |u|_2   = 2.775977356960e-01 
    |u|_1   = 4.606926864973e+00 
  pressure: 
    p_min   = -1.288117828044e-01 
    p_max   = 1.288117828044e-01 
    |p|_2   = 3.494577981030e-01 
    |p|_1   = 1.880926940225e+00 
------------------------------------------
The total memory used by integration points is 1.140480e-01 MB
The max memory used by integration points is 1.140480e-01 MB
The min memory used by integration points is 1.140480e-01 MB
#  Solving for velocity took 0.041364 s 
The total memory used by integration points is 1.140480e-01 MB
The max memory used by integration points is 1.140480e-01 MB
The min memory used by integration points is 1.140480e-01 MB


 --------------------------------------------------------------------------------  

  LaMEM STOKES BENCHMARK RESULTS:                                                 

       dx = 0.125        [node spacing in x-direction   ]
       dy = 0.5        [node spacing  in y-direction   ] 
       dz = 0.125        [node spacing  in z-direction   ] 

  |Vx |_1 = 7.6135e-05 
  |Vy |_1 = 1.79044e-18 
  |Vz |_1 = 7.4209e-05 

  |u  |_1 = 7.91935e-05   [velocity                      ]
  |P  |_1 = 0.00364331   [pressure                      ]
  |e  |_1 = 0.00184264   [strain rate                   ]
  |P  |_2 = 9.25328e-10   [pressure                      ]

 --------------------------------------------------------------------------------  

The total memory used by integration points is 1.140480e-01 MB
The max memory used by integration points is 1.140480e-01 MB
The min memory used by integration points is 1.140480e-01 MB
#  Forming temperature stiffness matrix mx,my,mz=(9, 3, 9) ...  finished. 
#  Forming temperature stiffness matrixes took 0.00235391 s 
#  Solving for temperature took 0.282405 s 
The total memory used by integration points is 1.140480e-01 MB
The max memory used by integration points is 1.140480e-01 MB
The min memory used by integration points is 1.140480e-01 MB
The total memory used by particles is 1.209600e-01 MB
The max memory used by particles is 1.209600e-01 MB
The min memory used by particles is 1.209600e-01 MB
#  Updating properties @ integration points and particles took 0.00244498 s 
AdvectionMethod = 0 
  Starting particle advection 
  Finished particle advection 
Minimum z-level phase 1 2 
# Writing output to existing directory Timestep_000000 
# Saved MATLAB output in file Timestep_000000/AnalyticalBenchmark_SolCx.0.1000000.out 
# Saved Paraview VTS Velocity output in file AnalyticalBenchmark_SolCx_velocity_step000000-mesh.pvts 
# Saved Paraview VTS Temperature output in file AnalyticalBenchmark_SolCx_temperature_step000000-mesh.pvts 
# Saved Paraview VTS Surface Topography output in file AnalyticalBenchmark_SolCx_Surface_topography_step000000-mesh.pvts 
# Saved Paraview VTS Bottom Topography output in file AnalyticalBenchmark_SolCx_Bottom_topography_step000000-mesh.pvts 
# Saved Paraview VTS point-wise quadrature output in file AnalyticalBenchmark_SolCx_quadrature_step000000-mesh.pvts 
 Starting GetParticleNodes 
#rank=0, Attributing 432 particles to elements took 0.010118 s 
The total # of particles present is 432 
 Finished GetParticleNodes 
 Maximum velocity  0.0255722    
 Time = 0.001, dt=0.21725   
# Finished timestep 0 out of 1 in 0.351014 s
  
# Total time required: 0.374369 s 
#PETSc Option Table entries:
-AddRandomNoiseParticles 0
-Benchmark_SolCx
-StokesSolver 3
-fc_ksp_converged_reason
-fc_ksp_max_it 1000
-fc_ksp_min_it 4
-fc_ksp_p_atol 1.0e-16
-fc_ksp_p_min_atol 1.0e-5
-fc_ksp_p_rtol 1.0e-6
-fc_ksp_type gcr
-fc_ksp_v_atol 1.0e-16
-fc_ksp_v_min_atol 1.0e-5
-fc_ksp_v_rtol 1.0e-6
-fc_pc_fieldsplit_schur_factorization_type UPPER
-fc_pc_fieldsplit_type SCHUR
-fc_pc_type fieldsplit
-mumax 1
-nnode_x 9
-nnode_y 3
-nnode_z 9
-options_left
-ps_ksp_type preonly
-ps_pc_type jacobi
-use_stokes_monitor
-use_stokes_norm Linf
-use_stokes_residual
-vpt_element Q2Pm1_local
-vs_ksp_type preonly
-vs_pc_type lu
#End of PETSc Option Table entries
There are no unused options.
