# -------------------------------------------------------------------------- 
#                   Lithosphere and Mantle Evolution Model                   
#              Current Revision: 4812 - 2013-10-01 23:57:18		     
#  Modified items: LaMEM_Particles.c, Elements.c, Assembly_FDSTAG.c, fdstag/JacRes.c, 
#     Compiled: Date: Oct  9 2013 - Time: 23:02:54 - Mode:  	    
# -------------------------------------------------------------------------- 
 Stokes solver             : Fully Coupled
 Velocity solver           : Direct (Build-in direct solver)
 Input is assumed to be in non-dimensional units 
 Element-type used         : Q1Q1 ;  [Q1P0 Q2Pm1_global Q2Pm1_local Q1Q1 FDSTAG] (change with -vpt_element)
 Total # of cpu's          : 1 
 Total # of velocity dof's : 729 
 Computing mean material per element using arithmetic averaging from integration points 
 Employing code in an Eulerian manner 
 Gravity angle with z-axis =  0 
 Approximate Aspect ratio of cells [dx/dz, dy/dz] = [1 4] 
 Number of tracers/cell in [x,y,z]-direction = [2,2,2] 
 NumSurfaceNodes=1  nz=9 
 # Not employing nonlinear iterations 
 BC employed: BC.[Left Right; Front Back; Lower Upper]=[1 1; 1 1; 1 1] 
# Initial time step: 0.001 years 
 Input is assumed to be in non-dimensional units 
 Fine Grid parameters, nel=[8,2,8], cpu=[1,1,1] 
# Finished initializing Stokes matrices : 0.011832 s 
# Not adding random noise to initial particle distribution. 
Initialized particles 
#rank=0, Attributing 1024 particles to elements took 0.00077796 s 
The total # of particles present is 1024 
 *** Using a falling block setup *** 
 Falling block coordinates:  [left,right]=[0.250000,0.750000]; [front,back]=[0.000000,0.500000]; [bottom,top]=[0.250000,0.750000] 
Saved initial particle distribution to directory ./InitialParticles 
The total memory used by integration points is 2.703360e-01 MB
The max memory used by integration points is 2.703360e-01 MB
The min memory used by integration points is 2.703360e-01 MB
#  Interpolating meshes and temperatures took 0.000261068 s 


 --------------------------------------------------------------------------------  
 
             PERFORMING BENCHMARK OF LaMEM VERSUS ANALYTICAL SOLUTION              
  using:                             SolCx                                        
 
   with:      rho   = -1*sin(1*PI*z)*cos(1*PI*x)                                  
              eta   = 1 if x<x_c & eta=eta_b for x>x_c                            
    and:      x_c   = 0.5     (change with -SolCx_xc ... )                         
              eta_b = 1     (change with -mumax ...    )                          

 --------------------------------------------------------------------------------  
 
 
#  Forming FEM stiffness matrix mx,my,mz=(9, 3, 9) ...   finished. [0.00827003 s]
 minDiagonalRatio=1 [Critical = 0.55; change with -CriticalDiagonalRatio]  
#  Forming stiffness matrixes took 0.00865197 s 
FC: Viscosity structure info: min(0)=1.000000e+00 : max(0)=1.000000e+00 : contrast=1.000000e+00 
Using unpreconditioned (true) Stokes residual to define the FC stopping condition 
StokesResidual: Using L_inf 
Stopping conditions: 
Velocity: RTOL: 1.000000e-06	ATOL: 1.000000e-16	minATOL: 1.000000e-05		fc_ksp_min_it 4
Pressure: RTOL: 1.000000e-06	ATOL: 1.000000e-16	minATOL: 1.000000e-05		fc_ksp_min_it 4
StokesResidual: Monitor activated 
# FC: using nonzero initial guess 
  Residual norms for fc_ solve.
  # KSP Iterations      /  L2_norm             scaled_L2_norm      Linf_norm           /  ... for each   2 blocks  [fc_] 
  0 KSP Residual norms  /  3.489293345210e-02  1.292330868596e-03  7.034661114526e-03  /  0.000000000000e+00  0.000000000000e+00  0.000000000000e+00  /  [fc_] 
  1 KSP Residual norms  /  1.885990383828e-04  6.985149569733e-06  3.802289433100e-05  /  2.558359649882e-03  1.641188480604e-04  5.094230770651e-04  /  [fc_] 
  2 KSP Residual norms  /  1.348459219739e-16  4.994293406439e-18  4.312414141061e-17  /  9.016634763769e-18  5.784173897829e-19  2.385244779468e-18  /  [fc_] 
  3 KSP Residual norms  /  4.947560391196e-17  1.832429774517e-18  9.940097808464e-18  /  6.567137074862e-18  4.212820397752e-19  1.567787560704e-18  /  [fc_] 
  4 KSP Residual norms  /  4.947510764208e-17  1.832411394151e-18  9.973942114370e-18  /  5.785930269545e-18  3.711675998482e-19  1.197816823726e-18  /  [fc_] 
Velocity convergence reason: ATOL + RTOL
Pressure convergence reason: ATOL + RTOL
Linear solve converged due to CONVERGED_HAPPY_BREAKDOWN iterations 4
#  Finished Stokes solve after 0.019639 s 
------------------------------------------
Stokes solver summary: 
  divergence: 
    Div_min = 2.117582368136e-21 
    Div_max = 2.688086700064e-05 
    |Div|_2 = 1.349976641900e-04 
    |Div|_1 = 1.591911805556e-03 
  momentum: 
    mRes_min = 0.000000000000e+00 
    mRes_max = 3.122502256758e-17 
    |mRes|_2 = 7.748960392159e-17 
    |mRes|_1 = 9.153360801306e-16 
  velocity: 
    u_min   = -2.616789884716e-02 
    u_max   = 2.616789884716e-02 
    |u|_2   = 2.793532711253e-01 
    |u|_1   = 4.634744956256e+00 
  pressure: 
    p_min   = -1.547488324621e-01 
    p_max   = 1.547488324621e-01 
    |p|_2   = 1.340164201181e+00 
    |p|_1   = 1.686552806746e+01 
------------------------------------------
The total memory used by integration points is 2.703360e-01 MB
The max memory used by integration points is 2.703360e-01 MB
The min memory used by integration points is 2.703360e-01 MB
#  Solving for velocity took 0.030196 s 
The total memory used by integration points is 2.703360e-01 MB
The max memory used by integration points is 2.703360e-01 MB
The min memory used by integration points is 2.703360e-01 MB


 --------------------------------------------------------------------------------  

  LaMEM STOKES BENCHMARK RESULTS:                                                 

       dx = 0.125        [node spacing in x-direction   ]
       dy = 0.5        [node spacing  in y-direction   ] 
       dz = 0.125        [node spacing  in z-direction   ] 

  |Vx |_1 = 0.000364608 
  |Vy |_1 = 2.24458e-18 
  |Vz |_1 = 0.000594858 

  |u  |_1 = 0.000505398   [velocity                      ]
  |P  |_1 = 0.00546762   [pressure                      ]
  |e  |_1 = 0.0074702   [strain rate                   ]
  |P  |_2 = 2.97576e-09   [pressure                      ]

 --------------------------------------------------------------------------------  

The total memory used by integration points is 2.703360e-01 MB
The max memory used by integration points is 2.703360e-01 MB
The min memory used by integration points is 2.703360e-01 MB
#  Forming temperature stiffness matrix mx,my,mz=(9, 3, 9) ...  finished. 
#  Forming temperature stiffness matrixes took 0.00114989 s 
#  Solving for temperature took 0.282465 s 
The total memory used by integration points is 2.703360e-01 MB
The max memory used by integration points is 2.703360e-01 MB
The min memory used by integration points is 2.703360e-01 MB
The total memory used by particles is 2.867200e-01 MB
The max memory used by particles is 2.867200e-01 MB
The min memory used by particles is 2.867200e-01 MB
#  Updating properties @ integration points and particles took 0.00355291 s 
AdvectionMethod = 0 
  Starting particle advection 
  Finished particle advection 
# Volume-averaged quantities: 
# Txx = -7.82658e-19 Exx = -3.91329e-19 Volume = 1 Mu_xx=1 
# Tyy = -5.64237e-35 Eyy = -2.82119e-35 Volume = 1 Mu_yy=1 
# Tzz = -9.55453e-19 Ezz = -4.77727e-19 Volume = 1 Mu_zz=1 
# Txz = -0.000212248 Exz = -0.000212248 Volume = 1 Mu_xz=0.5 
# Txy = -5.39969e-20 Exy = -5.39969e-20 Volume = 1 Mu_xy=0.5 
# Tyz = -1.6599e-19 Eyz = -1.6599e-19 Volume = 1 Mu_yz=0.5 
Minimum z-level phase 1 0.281238 
# Writing output to existing directory Timestep_000000 
# Saved MATLAB output in file Timestep_000000/AnalyticalBenchmark_SolCx.0.1000000.out 
# Saved Paraview VTS Velocity output in file AnalyticalBenchmark_SolCx_velocity_step000000-mesh.pvts 
# Saved Paraview VTS Temperature output in file AnalyticalBenchmark_SolCx_temperature_step000000-mesh.pvts 
# Saved Paraview VTS Surface Topography output in file AnalyticalBenchmark_SolCx_Surface_topography_step000000-mesh.pvts 
# Saved Paraview VTS Bottom Topography output in file AnalyticalBenchmark_SolCx_Bottom_topography_step000000-mesh.pvts 
# Saved Paraview VTS point-wise quadrature output in file AnalyticalBenchmark_SolCx_quadrature_step000000-mesh.pvts 
 Starting GetParticleNodes 
#rank=0, Attributing 1024 particles to elements took 0.000649929 s 
The total # of particles present is 1024 
 Finished GetParticleNodes 
 Maximum velocity  0.0261679    
 Time = 0.001, dt=0.212304   
# Finished timestep 0 out of 1 in 0.336236 s
  
# Total time required: 0.352103 s 
#PETSc Option Table entries:
-AddRandomNoiseParticles 0
-Benchmark_SolCx
-DisplayAverageQuantities
-StokesSolver 3
-fc_ksp_converged_reason
-fc_ksp_max_it 1000
-fc_ksp_min_it 4
-fc_ksp_p_atol 1.0e-16
-fc_ksp_p_min_atol 1.0e-5
-fc_ksp_p_rtol 1.0e-6
-fc_ksp_type gcr
-fc_ksp_v_atol 1.0e-16
-fc_ksp_v_min_atol 1.0e-5
-fc_ksp_v_rtol 1.0e-6
-fc_pc_fieldsplit_schur_factorization_type UPPER
-fc_pc_fieldsplit_type SCHUR
-fc_pc_type fieldsplit
-mumax 1
-nnode_x 9
-nnode_y 3
-nnode_z 9
-options_left
-ps_ksp_type preonly
-ps_pc_type lu
-use_stokes_monitor
-use_stokes_norm Linf
-use_stokes_residual
-vpt_element Q1Q1
-vs_ksp_type preonly
-vs_pc_type lu
#End of PETSc Option Table entries
There are no unused options.
