# -------------------------------------------------------------------------- 
#                   Lithosphere and Mantle Evolution Model                   
#              Current Revision: 4812 - 2013-10-01 23:57:18		     
#  Modified items: LaMEM_Particles.c, Elements.c, Assembly_FDSTAG.c, fdstag/JacRes.c, 
#     Compiled: Date: Oct  9 2013 - Time: 23:02:54 - Mode:  	    
# -------------------------------------------------------------------------- 
 Parsing input file : ./input/FallingBlock_SCR.dat 
# Adding PetscOption: -vpt_element Q1P0 
# Adding PetscOption: -restart 0 
# Adding PetscOption: -save_breakpoints 0 
# Adding PetscOption: -scr_ksp_rtol 1.0e-4 
# Adding PetscOption: -scr_ksp_atol 1.0e-13 
# Adding PetscOption: -scr_pc_type bjacobi 
# Adding PetscOption: -vs_ksp_type fgmres 
# Adding PetscOption: -vs_pc_type fieldsplit 
# Adding PetscOption: -vs_fieldsplit_ksp_type fgmres 
# Adding PetscOption: -vs_fieldsplit_ksp_rtol 1.0e-2 
# Adding PetscOption: -vs_pc_fieldsplit_block_size 3 
# Adding PetscOption: -vs_pc_fieldsplit_type SYMMETRIC_MULTIPLICATIVE 
# LithColDepth[0] = 0 
# LithColDens[0] = 0 
# LithColDens[1] = 0 
# --------------------------------------------------------------------------
# Phase material parameters read from ./input/FallingBlock_SCR.dat: 
#    phase_1 (id=1), VISCOSITY, constant [0,0,0] = 1.000000e+03 
#    phase_1 (id=1), ELASTICITY, constant [0,1,0] = 5.000000e+10, 1.000000e+00 
#    phase_1 (id=1), DENSITY, temperature-dependent [0,2,0] = 2.000000e+00, 0.000000e+00, 0.000000e+00 
#    phase_1 (id=1), ENERGY, constant [0,3,0] = 3.000000e+00 1.050000e+03 0.000000e+00 0.000000e+00 
#    phase_0 (id=0), VISCOSITY, constant [1,0,0] = 1.000000e+00 
#    phase_0 (id=0), ELASTICITY, constant [1,1,0] = 5.000000e+10, 1.000000e+00 
#    phase_0 (id=0), DENSITY, temperature-dependent [1,2,0] = 1.000000e+00, 0.000000e+00, 0.000000e+00 
#    phase_0 (id=0), ENERGY, constant [1,3,0] = 3.000000e+00 1.050000e+03 0.000000e+00 0.000000e+00 
 Stokes solver             : Schur Complement Reduction
 Velocity solver           : User-defined (set options with prefix vs_)
 Note: Galerkin geometric multigrid is deactivated for user-defined solver 
 Element-type used         : FDSTAG;  [Q1P0 Q2Pm1_global Q2Pm1_local Q1Q1 FDSTAG] (change with -vpt_element)
 Total # of cpu's          : 2 
 Total # of velocity dof's : 2187 
 Computing mean material per element using arithmetic averaging from integration points 
 Employing code in an Eulerian manner 
 Gravity angle with z-axis =  0 
 Approximate Aspect ratio of cells [dx/dz, dy/dz] = [1 1] 
 Number of tracers/cell in [x,y,z]-direction = [2,2,2] 
 NumSurfaceNodes=1  nz=9 
 # Not employing nonlinear iterations 
 BC employed: BC.[Left Right; Front Back; Lower Upper]=[1 1; 1 1; 1 1] 
# Initial time step: 0.001 years 
 Input is assumed to be in non-dimensional units 
 Fine Grid parameters, nel=[8,8,8], cpu=[1,1,2] 
# Finished initializing Stokes matrices : 0.00528407 s 
# Not adding random noise to initial particle distribution. 
Initialized particles 
#rank=0, Attributing 2048 particles to elements took 0.00148201 s 
The total # of particles present is 4096 
 *** Using a falling block setup *** 
 Falling block coordinates:  [left,right]=[0.250000,0.750000]; [front,back]=[0.250000,0.750000]; [bottom,top]=[0.250000,0.750000] 
Saved initial particle distribution to directory ./InitialParticles 
The total memory used by integration points is 1.351680e-01 MB
The max memory used by integration points is 6.758400e-02 MB
The min memory used by integration points is 6.758400e-02 MB
#  Computing material properties from particles for FDSTAG ...   [0.00252581 s] 
#  Interpolating meshes and temperatures took 0.00268388 s 
#  Forming FD stiffness matrix mx,my,mz=(9, 9, 9) ...  
#  FDSTAG: Time to insert stencil into operators 1.0641e-03 
#  FDSTAG: Time to insert bc's into operators 3.5048e-05 
#  FDSTAG: Time to assemble operators 2.7704e-04 
#  Forming stiffness matrixes took 0.00217795 s 
SCR: Viscosity structure info: min(0)=1.000000e+00 : max(146)=1.000000e+03 : contrast=1.000000e+03 
  Residual norms for scr_ solve.
  0 KSP Residual norm 3.633873150559e+00 
  1 KSP Residual norm 2.143797546947e-01 
  2 KSP Residual norm 9.977501120684e-02 
  3 KSP Residual norm 4.382038315442e-02 
  4 KSP Residual norm 1.337039420744e-02 
  5 KSP Residual norm 1.093863668835e-02 
  6 KSP Residual norm 3.465766093389e-03 
  7 KSP Residual norm 2.111435469378e-03 
  8 KSP Residual norm 8.527761487927e-04 
  9 KSP Residual norm 7.246642485816e-04 
 10 KSP Residual norm 1.850900263098e-04 
Linear solve converged due to CONVERGED_RTOL iterations 10
# Time: p solve = 1.95e-01 
# Time: u solve = 4.06e-02 
#  Finished Stokes solve after 0.281104 s 
------------------------------------------
Stokes solver summary: 
  divergence: 
    Div_min = 9.755966765349e-09 
    Div_max = 3.978388807223e-05 
    |Div|_2 = 1.961463646710e-04 
    |Div|_1 = 3.106692250623e-03 
  momentum: 
    mRes_min = 0.000000000000e+00 
    mRes_max = 2.565346300232e-05 
    |mRes|_2 = 1.055492195905e-04 
    |mRes|_1 = 1.976453966103e-03 
  velocity: 
    u_min   = -2.093926487353e-03 
    u_max   = 3.786472917079e-03 
    |u|_2   = 4.127946781548e-02 
    |u|_1   = 1.080041589989e+00 
  pressure: 
    p_min   = -5.271088413783e-01 
    p_max   = 5.271036596957e-01 
    |p|_2   = 7.526193686475e+00 
    |p|_1   = 1.477330525269e+02 
------------------------------------------
The total memory used by integration points is 1.351680e-01 MB
The max memory used by integration points is 6.758400e-02 MB
The min memory used by integration points is 6.758400e-02 MB
#  Solving for velocity took 0.28396 s 
#  Forming FD stiffness matrix for energy equation with mx,my,mz=(9, 9, 9) with Top/Bottom T=[0,1]...  
#  Forming temperature stiffness matrixes took 0.000184059 s 
#  Solving for temperature took 0.000329018 s 
The total memory used by integration points is 1.351680e-01 MB
The max memory used by integration points is 6.758400e-02 MB
The min memory used by integration points is 6.758400e-02 MB
The total memory used by particles is 1.146880e+00 MB
The max memory used by particles is 5.734400e-01 MB
The min memory used by particles is 5.734400e-01 MB
#  Updating properties @ integration points and particles took 0.00363612 s 
AdvectionMethod = 0 
  Starting particle advection 
  Finished particle advection 
Minimum z-level phase 1 0.281248 
# Writing output to existing directory Timestep_000000 
# Saved MATLAB output in file Timestep_000000/FB_test.0.1000000.out 
# Saved Paraview VTS Velocity output in file FB_test_velocity_step000000-mesh.pvts 
# Saved Paraview VTS Temperature output in file FB_test_temperature_step000000-mesh.pvts 
# Saved Paraview VTS Surface Topography output in file FB_test_Surface_topography_step000000-mesh.pvts 
# Saved Paraview VTS Bottom Topography output in file FB_test_Bottom_topography_step000000-mesh.pvts 
# Saved Paraview VTS point-wise quadrature output in file FB_test_quadrature_step000000-mesh.pvts 
 Starting GetParticleNodes 
#rank=0, Attributing 2048 particles to elements took 0.0018239 s 
The total # of particles present is 4096 
 Finished GetParticleNodes 
 Maximum velocity  0.00378647    
 Time = 0.001, dt=1e-05   
# Finished timestep 0 out of 1 in 0.300704 s
  
# Total time required: 0.317298 s 
#PETSc Option Table entries:
-AddRandomNoiseParticles 0
-BC.UpperBound 1
-ParamFile ./input/FallingBlock_SCR.dat
-options_left
-restart 0
-save_breakpoints 0
-scr_ksp_atol 1.0e-13
-scr_ksp_converged_reason
-scr_ksp_max_it 1000
-scr_ksp_monitor
-scr_ksp_rtol 1.0e-4
-scr_ksp_type fgmres
-scr_pc_type bjacobi
-time_end 1
-vpt_element FDSTAG
-vs_fieldsplit_ksp_rtol 1.0e-2
-vs_fieldsplit_ksp_type fgmres
-vs_ksp_type fgmres
-vs_pc_fieldsplit_block_size 3
-vs_pc_fieldsplit_type SYMMETRIC_MULTIPLICATIVE
-vs_pc_type fieldsplit
#End of PETSc Option Table entries
There are no unused options.
