# -------------------------------------------------------------------------- 
#                   Lithosphere and Mantle Evolution Model                   
#              Current Revision: 4812 - 2013-10-01 23:57:18		     
#  Modified items: LaMEM_Particles.c, Elements.c, Assembly_FDSTAG.c, fdstag/JacRes.c, 
#     Compiled: Date: Oct  9 2013 - Time: 23:02:54 - Mode:  	    
# -------------------------------------------------------------------------- 
 Parsing input file : ./input/FallingBlock_FC_StokesResiduals.dat 
# Adding PetscOption: -vpt_element Q1P0 
# Adding PetscOption: -restart 0 
# Adding PetscOption: -save_breakpoints 0 
# Adding PetscOption: -fc_ksp_type fgmres 
# Adding PetscOption: -use_stokes_norm L2 
# Adding PetscOption: -ps_ksp_type preonly 
# Adding PetscOption: -ps_pc_type lu 
# LithColDepth[0] = 0 
# LithColDens[0] = 0 
# LithColDens[1] = 0 
# --------------------------------------------------------------------------
# Phase material parameters read from ./input/FallingBlock_FC_StokesResiduals.dat: 
#    phase_1 (id=1), VISCOSITY, constant [0,0,0] = 1.000000e+03 
#    phase_1 (id=1), ELASTICITY, constant [0,1,0] = 5.000000e+10, 1.000000e+00 
#    phase_1 (id=1), DENSITY, temperature-dependent [0,2,0] = 2.000000e+00, 0.000000e+00, 0.000000e+00 
#    phase_1 (id=1), ENERGY, constant [0,3,0] = 3.000000e+00 1.050000e+03 0.000000e+00 0.000000e+00 
#    phase_0 (id=0), VISCOSITY, constant [1,0,0] = 1.000000e+00 
#    phase_0 (id=0), ELASTICITY, constant [1,1,0] = 5.000000e+10, 1.000000e+00 
#    phase_0 (id=0), DENSITY, temperature-dependent [1,2,0] = 1.000000e+00, 0.000000e+00, 0.000000e+00 
#    phase_0 (id=0), ENERGY, constant [1,3,0] = 3.000000e+00 1.050000e+03 0.000000e+00 0.000000e+00 
 Stokes solver             : Fully Coupled
 Velocity solver           : Direct (Build-in direct solver)
 Element-type used         : FDSTAG;  [Q1P0 Q2Pm1_global Q2Pm1_local Q1Q1 FDSTAG] (change with -vpt_element)
 Total # of cpu's          : 1 
 Total # of velocity dof's : 2187 
 Computing mean material per element using arithmetic averaging from integration points 
 Employing code in an Eulerian manner 
 Gravity angle with z-axis =  0 
 Approximate Aspect ratio of cells [dx/dz, dy/dz] = [1 1] 
 Number of tracers/cell in [x,y,z]-direction = [2,2,2] 
 NumSurfaceNodes=1  nz=9 
 # Not employing nonlinear iterations 
 BC employed: BC.[Left Right; Front Back; Lower Upper]=[1 1; 1 1; 1 1] 
# Initial time step: 0.001 years 
 Input is assumed to be in non-dimensional units 
 Fine Grid parameters, nel=[8,8,8], cpu=[1,1,1] 
# Finished initializing Stokes matrices : 0.00388312 s 
# Not adding random noise to initial particle distribution. 
Initialized particles 
#rank=0, Attributing 4096 particles to elements took 0.00263214 s 
The total # of particles present is 4096 
 *** Using a falling block setup *** 
 Falling block coordinates:  [left,right]=[0.250000,0.750000]; [front,back]=[0.250000,0.750000]; [bottom,top]=[0.250000,0.750000] 
Saved initial particle distribution to directory ./InitialParticles 
The total memory used by integration points is 1.351680e-01 MB
The max memory used by integration points is 1.351680e-01 MB
The min memory used by integration points is 1.351680e-01 MB
#  Computing material properties from particles for FDSTAG ...   [0.00327396 s] 
#  Interpolating meshes and temperatures took 0.0034709 s 
#  Forming FD stiffness matrix mx,my,mz=(9, 9, 9) ...  
#  FDSTAG: Time to insert stencil into operators 1.9829e-03 
#  FDSTAG: Time to insert bc's into operators 7.5102e-05 
#  FDSTAG: Time to assemble operators 1.4782e-04 
#  Forming stiffness matrixes took 0.00269389 s 
FC: Viscosity structure info: min(0)=1.000000e+00 : max(146)=1.000000e+03 : contrast=1.000000e+03 
Using unpreconditioned (true) Stokes residual to define the FC stopping condition 
StokesResidual: Using L_2 
Stopping conditions: 
Velocity: RTOL: 1.000000e-06	ATOL: 1.000000e-16	minATOL: 1.000000e-05		fc_ksp_min_it 4
Pressure: RTOL: 1.000000e-06	ATOL: 1.000000e-16	minATOL: 1.000000e-05		fc_ksp_min_it 4
StokesResidual: Monitor activated 
# FC: using nonzero initial guess 
  Residual norms for fc_ solve.
  # KSP Iterations      /  L2_norm             scaled_L2_norm      Linf_norm           /  ... for each   2 blocks  [fc_] 
  0 KSP Residual norms  /  2.513961017995e+01  5.375689149896e-01  2.000000000000e+00  /  0.000000000000e+00  0.000000000000e+00  0.000000000000e+00  /  [fc_] 
  1 KSP Residual norms  /  5.145177256258e-01  1.100210916270e-02  4.093283248039e-02  /  3.559500886787e+00  1.573092009179e-01  2.554842564190e-01  /  [fc_] 
  2 KSP Residual norms  /  1.827991175529e-03  3.908856286177e-05  1.454272410335e-04  /  2.143633460660e-01  9.473610977570e-03  3.253545070954e-02  /  [fc_] 
  3 KSP Residual norms  /  3.959850112312e-04  8.467483438126e-06  3.150300540078e-05  /  9.977350421522e-02  4.409407588333e-03  1.609241040469e-02  /  [fc_] 
  4 KSP Residual norms  /  7.637684056202e-05  1.633192202160e-06  6.076288601164e-06  /  4.381869791301e-02  1.936531152316e-03  6.996498138364e-03  /  [fc_] 
  5 KSP Residual norms  /  7.116511717372e-06  1.521748131747e-07  5.663797892907e-07  /  1.337558982838e-02  5.911231418762e-04  1.956487937058e-03  /  [fc_] 
  6 KSP Residual norms  /  4.764437026263e-06  1.018795925796e-07  3.791510434503e-07  /  1.094423108741e-02  4.836712510490e-04  2.056607152461e-03  /  [fc_] 
  7 KSP Residual norms  /  4.784297222069e-07  1.023042699646e-08  3.810232929169e-08  /  3.468091544332e-03  1.532694405483e-04  4.144355069291e-04  /  [fc_] 
  8 KSP Residual norms  /  1.775816148274e-07  3.797288634213e-09  1.421948070401e-08  /  2.112925802595e-03  9.337901019745e-05  2.918369180167e-04  /  [fc_] 
  9 KSP Residual norms  /  2.894214561489e-08  6.188798356178e-10  2.311534075261e-09  /  8.530602561895e-04  3.770029324452e-05  1.334387839597e-04  /  [fc_] 
 10 KSP Residual norms  /  2.090091692385e-08  4.469314819369e-10  1.674475669233e-09  /  7.249605609350e-04  3.203903304562e-05  9.907091644184e-05  /  [fc_] 
 11 KSP Residual norms  /  1.356382808367e-09  2.900399924204e-11  1.148030559506e-10  /  1.849610295133e-04  8.174199889008e-06  2.803035094579e-05  /  [fc_] 
 12 KSP Residual norms  /  6.590310094191e-10  1.409228632194e-11  6.569234045628e-11  /  1.290978101925e-04  5.705371063967e-06  2.375622766993e-05  /  [fc_] 
 13 KSP Residual norms  /  4.038859136436e-11  8.636431146815e-13  1.525490844756e-11  /  2.266731183300e-05  1.001763119274e-06  4.049853467612e-06  /  [fc_] 
 14 KSP Residual norms  /  3.651892293265e-11  7.808966661362e-13  1.866062859790e-11  /  1.170474458376e-05  5.172815167022e-07  2.075566451022e-06  /  [fc_] 
Velocity convergence reason: RTOL 
Pressure convergence reason: RTOL 
 15 KSP Residual norms  /  3.557405962408e-11  7.606923296345e-13  1.649036462936e-11  /  7.388308566562e-07  3.265201930572e-08  1.851564682721e-07  /  [fc_] 
Linear solve converged due to CONVERGED_HAPPY_BREAKDOWN iterations 15
#  Finished Stokes solve after 0.028172 s 
------------------------------------------
Stokes solver summary: 
  divergence: 
    Div_min = 8.506587014651e-11 
    Div_max = 1.851564682721e-07 
    |Div|_2 = 7.388308566562e-07 
    |Div|_1 = 6.115990442029e-06 
  momentum: 
    mRes_min = 0.000000000000e+00 
    mRes_max = 1.649036462936e-11 
    |mRes|_2 = 3.557394160402e-11 
    |mRes|_1 = 3.468605164920e-10 
  velocity: 
    u_min   = -2.095333843702e-03 
    u_max   = 3.789301853165e-03 
    |u|_2   = 4.129222482785e-02 
    |u|_1   = 1.080329586030e+00 
  pressure: 
    p_min   = -5.270051034592e-01 
    p_max   = 5.270051034592e-01 
    |p|_2   = 7.530120902304e+00 
    |p|_1   = 1.481649227311e+02 
------------------------------------------
The total memory used by integration points is 1.351680e-01 MB
The max memory used by integration points is 1.351680e-01 MB
The min memory used by integration points is 1.351680e-01 MB
#  Solving for velocity took 0.031847 s 
#  Forming FD stiffness matrix for energy equation with mx,my,mz=(9, 9, 9) with Top/Bottom T=[0,1]...  
#  Forming temperature stiffness matrixes took 0.000216007 s 
#  Solving for temperature took 0.000426054 s 
The total memory used by integration points is 1.351680e-01 MB
The max memory used by integration points is 1.351680e-01 MB
The min memory used by integration points is 1.351680e-01 MB
The total memory used by particles is 1.146880e+00 MB
The max memory used by particles is 1.146880e+00 MB
The min memory used by particles is 1.146880e+00 MB
#  Updating properties @ integration points and particles took 0.00704789 s 
AdvectionMethod = 0 
  Starting particle advection 
  Finished particle advection 
Minimum z-level phase 1 0.281248 
# Writing output to existing directory Timestep_000000 
# Saved MATLAB output in file Timestep_000000/FB_test.0.1000000.out 
# Saved Paraview VTS Velocity output in file FB_test_velocity_step000000-mesh.pvts 
# Saved Paraview VTS Temperature output in file FB_test_temperature_step000000-mesh.pvts 
# Saved Paraview VTS Surface Topography output in file FB_test_Surface_topography_step000000-mesh.pvts 
# Saved Paraview VTS Bottom Topography output in file FB_test_Bottom_topography_step000000-mesh.pvts 
# Saved Paraview VTS point-wise quadrature output in file FB_test_quadrature_step000000-mesh.pvts 
 Starting GetParticleNodes 
#rank=0, Attributing 4096 particles to elements took 0.00216889 s 
The total # of particles present is 4096 
 Finished GetParticleNodes 
 Maximum velocity  0.0037893    
 Time = 0.001, dt=1e-05   
# Finished timestep 0 out of 1 in 0.051507 s
  
# Total time required: 0.0687041 s 
#PETSc Option Table entries:
-AddRandomNoiseParticles 0
-BC.UpperBound 1
-ParamFile ./input/FallingBlock_FC_StokesResiduals.dat
-fc_ksp_converged_reason
-fc_ksp_max_it 1000
-fc_ksp_min_it 4
-fc_ksp_p_atol 1.0e-16
-fc_ksp_p_min_atol 1.0e-5
-fc_ksp_p_rtol 1.0e-6
-fc_ksp_type fgmres
-fc_ksp_v_atol 1.0e-16
-fc_ksp_v_min_atol 1.0e-5
-fc_ksp_v_rtol 1.0e-6
-fc_pc_fieldsplit_schur_factorization_type UPPER
-fc_pc_fieldsplit_type SCHUR
-fc_pc_type fieldsplit
-options_left
-ps_ksp_type preonly
-ps_pc_type lu
-restart 0
-save_breakpoints 0
-time_end 1
-use_stokes_monitor
-use_stokes_norm L2
-use_stokes_residual
-vpt_element FDSTAG
-vs_ksp_type preonly
-vs_pc_type lu
#End of PETSc Option Table entries
There are no unused options.
