# -------------------------------------------------------------------------- 
#                   Lithosphere and Mantle Evolution Model                   
#              Current Revision: 4812 - 2013-10-01 23:57:18		     
#  Modified items: LaMEM_Particles.c, Elements.c, Assembly_FDSTAG.c, fdstag/JacRes.c, 
#     Compiled: Date: Oct  9 2013 - Time: 23:02:54 - Mode:  	    
# -------------------------------------------------------------------------- 
 Parsing input file : ./input/FallingBlock_FC_StokesResiduals.dat 
# Adding PetscOption: -vpt_element Q1P0 
# Adding PetscOption: -restart 0 
# Adding PetscOption: -save_breakpoints 0 
# Adding PetscOption: -fc_ksp_type fgmres 
# Adding PetscOption: -use_stokes_norm L2 
# Adding PetscOption: -ps_ksp_type preonly 
# Adding PetscOption: -ps_pc_type lu 
# LithColDepth[0] = 0 
# LithColDens[0] = 0 
# LithColDens[1] = 0 
# --------------------------------------------------------------------------
# Phase material parameters read from ./input/FallingBlock_FC_StokesResiduals.dat: 
#    phase_1 (id=1), VISCOSITY, constant [0,0,0] = 1.000000e+03 
#    phase_1 (id=1), ELASTICITY, constant [0,1,0] = 5.000000e+10, 1.000000e+00 
#    phase_1 (id=1), DENSITY, temperature-dependent [0,2,0] = 2.000000e+00, 0.000000e+00, 0.000000e+00 
#    phase_1 (id=1), ENERGY, constant [0,3,0] = 3.000000e+00 1.050000e+03 0.000000e+00 0.000000e+00 
#    phase_0 (id=0), VISCOSITY, constant [1,0,0] = 1.000000e+00 
#    phase_0 (id=0), ELASTICITY, constant [1,1,0] = 5.000000e+10, 1.000000e+00 
#    phase_0 (id=0), DENSITY, temperature-dependent [1,2,0] = 1.000000e+00, 0.000000e+00, 0.000000e+00 
#    phase_0 (id=0), ENERGY, constant [1,3,0] = 3.000000e+00 1.050000e+03 0.000000e+00 0.000000e+00 
 Stokes solver             : Fully Coupled
 Velocity solver           : Direct (Build-in direct solver)
 Element-type used         : Q1Q1 ;  [Q1P0 Q2Pm1_global Q2Pm1_local Q1Q1 FDSTAG] (change with -vpt_element)
 Total # of cpu's          : 1 
 Total # of velocity dof's : 2187 
 Computing mean material per element using arithmetic averaging from integration points 
 Employing code in a Lagrangian manner 
 Gravity angle with z-axis =  0 
 Approximate Aspect ratio of cells [dx/dz, dy/dz] = [1 1] 
 Number of tracers/cell in [x,y,z]-direction = [2,2,2] 
 NumSurfaceNodes=1  nz=9 
 # Not employing nonlinear iterations 
 BC employed: BC.[Left Right; Front Back; Lower Upper]=[1 1; 1 1; 1 1] 
# Initial time step: 0.001 years 
 Input is assumed to be in non-dimensional units 
 Fine Grid parameters, nel=[8,8,8], cpu=[1,1,1] 
# Finished initializing Stokes matrices : 0.058017 s 
# Not adding random noise to initial particle distribution. 
Initialized particles 
#rank=0, Attributing 4096 particles to elements took 0.00266504 s 
The total # of particles present is 4096 
 *** Using a falling block setup *** 
 Falling block coordinates:  [left,right]=[0.250000,0.750000]; [front,back]=[0.250000,0.750000]; [bottom,top]=[0.250000,0.750000] 
Saved initial particle distribution to directory ./InitialParticles 
The total memory used by integration points is 1.081344e+00 MB
The max memory used by integration points is 1.081344e+00 MB
The min memory used by integration points is 1.081344e+00 MB
#  Interpolating meshes and temperatures took 0.000898838 s 
#  Forming FEM stiffness matrix mx,my,mz=(9, 9, 9) ...   finished. [0.032985 s]
 minDiagonalRatio=1 [Critical = 0.55; change with -CriticalDiagonalRatio]  
#  Forming stiffness matrixes took 0.03422 s 
FC: Viscosity structure info: min(0)=1.000000e+00 : max(182)=1.000000e+03 : contrast=1.000000e+03 
Using unpreconditioned (true) Stokes residual to define the FC stopping condition 
StokesResidual: Using L_2 
Stopping conditions: 
Velocity: RTOL: 1.000000e-06	ATOL: 1.000000e-16	minATOL: 1.000000e-05		fc_ksp_min_it 4
Pressure: RTOL: 1.000000e-06	ATOL: 1.000000e-16	minATOL: 1.000000e-05		fc_ksp_min_it 4
StokesResidual: Monitor activated 
# FC: using nonzero initial guess 
  Residual norms for fc_ solve.
  # KSP Iterations      /  L2_norm             scaled_L2_norm      Linf_norm           /  ... for each   2 blocks  [fc_] 
  0 KSP Residual norms  /  4.640984209845e-02  9.923975862441e-04  3.906250000000e-03  /  0.000000000000e+00  0.000000000000e+00  0.000000000000e+00  /  [fc_] 
  1 KSP Residual norms  /  7.466543523732e-04  1.596596634571e-05  6.284482847996e-05  /  5.839059673791e-03  2.162614693997e-04  4.629828919903e-04  /  [fc_] 
  2 KSP Residual norms  /  3.331588587834e-06  7.124050251907e-08  2.804150976950e-07  /  3.932014763515e-04  1.456301764265e-05  6.245226728397e-05  /  [fc_] 
  3 KSP Residual norms  /  6.924157415916e-07  1.480616351108e-08  5.827969060254e-08  /  1.792607764617e-04  6.639288017099e-06  2.545484006594e-05  /  [fc_] 
  4 KSP Residual norms  /  3.609628995930e-08  7.718593601759e-10  3.038180684031e-09  /  4.092947566687e-05  1.515906506180e-06  7.412277088881e-06  /  [fc_] 
  5 KSP Residual norms  /  4.244041175809e-09  9.075178945574e-11  3.572288211767e-10  /  1.403443810150e-05  5.197940037594e-07  3.994302263683e-06  /  [fc_] 
  6 KSP Residual norms  /  2.831863783737e-10  6.055471547589e-12  2.384482064924e-11  /  3.625299795215e-06  1.342703627857e-07  4.340431619062e-07  /  [fc_] 
  7 KSP Residual norms  /  1.328214870775e-11  2.840167456235e-13  1.126173373306e-12  /  7.852487048743e-07  2.908328536572e-08  8.703986084119e-08  /  [fc_] 
  8 KSP Residual norms  /  5.633512892662e-13  1.204633401875e-14  5.713788817086e-14  /  1.620403846861e-07  6.001495729117e-09  2.191878864636e-08  /  [fc_] 
  9 KSP Residual norms  /  4.583447124079e-14  9.800942336680e-16  9.853663024417e-15  /  3.664204608410e-08  1.357112817930e-09  4.639577689970e-09  /  [fc_] 
 10 KSP Residual norms  /  3.431346191133e-14  7.337365359753e-16  8.841018195316e-15  /  7.824619373598e-09  2.898007175407e-10  9.572273513116e-10  /  [fc_] 
Velocity convergence reason: RTOL 
Pressure convergence reason: RTOL 
 11 KSP Residual norms  /  3.615937838776e-14  7.732084017000e-16  9.568301012619e-15  /  1.560969490056e-09  5.781368481690e-11  1.911117423330e-10  /  [fc_] 
Linear solve converged due to CONVERGED_HAPPY_BREAKDOWN iterations 11
#  Finished Stokes solve after 0.330649 s 
------------------------------------------
Stokes solver summary: 
  divergence: 
    Div_min = 0.000000000000e+00 
    Div_max = 1.603758162540e-05 
    |Div|_2 = 1.770852232102e-04 
    |Div|_1 = 3.317562949353e-03 
  momentum: 
    mRes_min = 0.000000000000e+00 
    mRes_max = 9.568301012619e-15 
    |mRes|_2 = 3.615918284898e-14 
    |mRes|_1 = 3.647980688995e-13 
  velocity: 
    u_min   = -4.555807948207e-03 
    u_max   = 2.319046864645e-03 
    |u|_2   = 6.300923701928e-02 
    |u|_1   = 1.636706673782e+00 
  pressure: 
    p_min   = -5.416203144250e-01 
    p_max   = 5.416203144250e-01 
    |p|_2   = 9.545735617939e+00 
    |p|_1   = 2.232303403090e+02 
------------------------------------------
The total memory used by integration points is 1.081344e+00 MB
The max memory used by integration points is 1.081344e+00 MB
The min memory used by integration points is 1.081344e+00 MB
#  Solving for velocity took 0.372289 s 
#  Forming temperature stiffness matrix mx,my,mz=(9, 9, 9) ...  finished. 
#  Forming temperature stiffness matrixes took 0.00452113 s 
#  Solving for temperature took 0.00134897 s 
The total memory used by integration points is 1.081344e+00 MB
The max memory used by integration points is 1.081344e+00 MB
The min memory used by integration points is 1.081344e+00 MB
The total memory used by particles is 1.146880e+00 MB
The max memory used by particles is 1.146880e+00 MB
The min memory used by particles is 1.146880e+00 MB
#  Updating properties @ integration points and particles took 0.012929 s 
AdvectionMethod = 1 
  Starting particle advection 
  Finished particle advection 
Minimum z-level phase 1 0.281246 
# Writing output to existing directory Timestep_000000 
# Saved MATLAB output in file Timestep_000000/FB_test.0.1000000.out 
# Saved Paraview VTS Velocity output in file FB_test_velocity_step000000-mesh.pvts 
# Saved Paraview VTS Temperature output in file FB_test_temperature_step000000-mesh.pvts 
# Saved Paraview VTS Surface Topography output in file FB_test_Surface_topography_step000000-mesh.pvts 
# Saved Paraview VTS Bottom Topography output in file FB_test_Bottom_topography_step000000-mesh.pvts 
# Saved Paraview VTS point-wise quadrature output in file FB_test_quadrature_step000000-mesh.pvts 
 Maximum velocity  0.00455581    
 Time = 0.001, dt=1e-05   
# Finished timestep 0 out of 1 in 0.407785 s
  
# Total time required: 0.484685 s 
#PETSc Option Table entries:
-AddRandomNoiseParticles 0
-BC.UpperBound 1
-ParamFile ./input/FallingBlock_FC_StokesResiduals.dat
-fc_ksp_converged_reason
-fc_ksp_max_it 1000
-fc_ksp_min_it 4
-fc_ksp_p_atol 1.0e-16
-fc_ksp_p_min_atol 1.0e-5
-fc_ksp_p_rtol 1.0e-6
-fc_ksp_type fgmres
-fc_ksp_v_atol 1.0e-16
-fc_ksp_v_min_atol 1.0e-5
-fc_ksp_v_rtol 1.0e-6
-fc_pc_fieldsplit_schur_factorization_type UPPER
-fc_pc_fieldsplit_type SCHUR
-fc_pc_type fieldsplit
-options_left
-ps_ksp_type preonly
-ps_pc_type lu
-restart 0
-save_breakpoints 0
-time_end 1
-use_stokes_monitor
-use_stokes_norm L2
-use_stokes_residual
-vpt_element Q1Q1
-vs_ksp_type preonly
-vs_pc_type lu
#End of PETSc Option Table entries
There are no unused options.
