Parsing input file : t8_AdjointGradientScalingFB.dat 
   Adding PETSc option: -snes_type ksponly
   Adding PETSc option: -js_ksp_type gmres
   Adding PETSc option: -js_ksp_max_it 25
   Adding PETSc option: -js_ksp_monitor
   Adding PETSc option: -js_ksp_rtol 1e-4
   Adding PETSc option: -js_ksp_atol 1e-10
   Adding PETSc option: -pcmat_type mono
   Adding PETSc option: -pcmat_pgamma 1e5
   Adding PETSc option: -jp_type user
   Adding PETSc option: -jp_pc_type lu
   Adding PETSc option: -objects_dump
Finished parsing input file : t8_AdjointGradientScalingFB.dat 
--------------------------------------------------------------------------
-------------------------------------------------------------------------- 
                   Lithosphere and Mantle Evolution Model                   
     Compiled: Date: Jan 11 2018 - Time: 16:17:19 	    
-------------------------------------------------------------------------- 
        STAGGERED-GRID FINITE DIFFERENCE CANONICAL IMPLEMENTATION           
-------------------------------------------------------------------------- 
Parsing input file : t8_AdjointGradientScalingFB.dat 
   Adding PETSc option: -snes_type ksponly
   Adding PETSc option: -js_ksp_type gmres
   Adding PETSc option: -js_ksp_max_it 25
   Adding PETSc option: -js_ksp_monitor
   Adding PETSc option: -js_ksp_rtol 1e-4
   Adding PETSc option: -js_ksp_atol 1e-10
   Adding PETSc option: -pcmat_type mono
   Adding PETSc option: -pcmat_pgamma 1e5
   Adding PETSc option: -jp_type user
   Adding PETSc option: -jp_pc_type lu
   Adding PETSc option: -objects_dump
Finished parsing input file : t8_AdjointGradientScalingFB.dat 
--------------------------------------------------------------------------
Time stepping parameters:
   Simulation end time          : 1. [ ] 
   Maximum number of steps      : 1 
   Time step                    : 0.01 [ ] 
   Minimum time step            : 1e-05 [ ] 
   Maximum time step            : 0.1 [ ] 
   Time step increase factor    : 0.1 
   CFL criterion                : 0.5 
   CFLMAX (fixed time steps)    : 0.5 
   Output time step             : 0.2 [ ] 
   Output every [n] steps       : 1 
   Output [n] initial steps     : 1 
--------------------------------------------------------------------------
Material parameters: 
   Phase ID : 0
   (dens)   : rho = 1. [ ]  
   (disl)   : eta0 = 1. [ ]  e0 = 1e-06 [ ]  Bn = 0.5 [ ]  n = 1. [ ]  

   Phase ID : 1
   (dens)   : rho = 2. [ ]  
   (disl)   : eta0 = 100. [ ]  e0 = 1e-06 [ ]  Bn = 0.005 [ ]  n = 1. [ ]  

--------------------------------------------------------------------------
Grid parameters:
   Total number of cpu                  : 2 
   Processor grid  [nx, ny, nz]         : [1, 1, 2]
   Fine grid cells [nx, ny, nz]         : [32, 32, 32]
   Number of cells                      :  32768
   Number of faces                      :  101376
   Maximum cell aspect ratio            :  1.00000
   Lower coordinate bounds [bx, by, bz] : [0., 0., 0.]
   Upper coordinate bounds [ex, ey, ez] : [1., 1., 1.]
--------------------------------------------------------------------------
Boundary condition parameters: 
   No-slip boundary mask [lt rt ft bk bm tp]  : 0 0 0 0 0 0 
--------------------------------------------------------------------------
Solution parameters & controls:
   Gravity [gx, gy, gz]                    : [0., 0., -1.] [ ] 
   Surface stabilization (FSSA)            :  1. 
   Use lithostatic pressure for creep      @ 
   Minimum viscosity                       : 0.001 [ ] 
   Maximum viscosity                       : 1e+12 [ ] 
   Background (reference) strain-rate      : 1e-06 [ ] 
   Ground water level type                 : none 
--------------------------------------------------------------------------
Advection parameters:
   Advection scheme              : Euler 1-st order (basic implementation)
   Marker setup scheme           : geometric primitives
   Velocity interpolation scheme : STAG (linear)
   Marker control type           : no marker control
   Markers per cell [nx, ny, nz] : [3, 3, 3] 
   Marker distribution type      : uniform
   Background phase ID           : 0 
--------------------------------------------------------------------------
Reading geometric primitives ... done (0.0125916 sec)
--------------------------------------------------------------------------
Output parameters:
   Output file name                        : AdjointGradients_test 
   Write .pvd file                         : yes 
   Phase                                   @ 
   Density                                 @ 
   Total effective viscosity               @ 
   Creep effective viscosity               @ 
   Viscoplastic viscosity                  @ 
   Velocity                                @ 
   Pressure                                @ 
--------------------------------------------------------------------------
AVD output parameters:
   Write .pvd file       : yes 
   AVD refinement factor : 3 
--------------------------------------------------------------------------
Preconditioner parameters: 
   Matrix type                   : monolithic
   Penalty parameter (pgamma)    : 1.000000e+05
   Preconditioner type           : user-defined
--------------------------------------------------------------------------
Saving output ... done (0.257579 sec)
--------------------------------------------------------------------------
================================= STEP 1 =================================
--------------------------------------------------------------------------
Current time        : 0.00000 [ ] 
Tentative time step : 0.01000 [ ] 
--------------------------------------------------------------------------
  0 PICARD ||F||/||F0||=1.000000e+00 
    Residual norms for js_ solve.
    0 KSP Residual norm 6.043251315675e+01 
    1 KSP Residual norm 3.639815986282e-04 
--------------------------------------------------------------------------
SNES Convergence Reason : maximum iterations reached
Number of iterations    : 1
SNES solution time      : 11.5373 (sec)
--------------------------------------------------------------------------
Residual summary: 
   Continuity: 
      |Div|_inf = 5.720379120191e-06 
      |Div|_2   = 5.965697950075e-04 
   Momentum: 
      |mRes|_2  = 2.832117670458e-03 
--------------------------------------------------------------------------
******************************************
      COMPUTATION OF THE GRADIENTS
******************************************
    Residual norms for as_ solve.
    0 KSP Residual norm 1.384070637508e-02 
    1 KSP Residual norm 3.283656745506e-08 
1.Gradient (dimensional) = 0.0066331870375736130818200564362996374257 ; CurPar = 0 ; CurPhase = 0
2.Gradient (dimensional) = -0.0066303758094081073626302469392612692900 ; CurPar = 0 ; CurPhase = 1
3.Gradient (dimensional) = 0.0060575106445941353378037419474821945187 ; CurPar = 7 ; CurPhase = 0
4.Gradient (dimensional) = 0.0000081533169086204205729985494688349945 ; CurPar = 7 ; CurPhase = 1
Computation variable [Vz] (dimensional) = -0.003317442733705316428027831677 at Location x = 0.5 , y = 0.5 , z = 0.5
Computation was succesful & took 0.450079 s
******************************************
Actual time step : 0.01100 [ ] 
--------------------------------------------------------------------------
Saving output ... done (0.299745 sec)
--------------------------------------------------------------------------
=========================== SOLUTION IS DONE! ============================
--------------------------------------------------------------------------
Total solution time : 13.1165 (sec) 
--------------------------------------------------------------------------
