-------------------------------------------------------------------------- 
                   Lithosphere and Mantle Evolution Model                   
     Compiled: Date: Nov  8 2020 - Time: 19:59:02 	    
-------------------------------------------------------------------------- 
        STAGGERED-GRID FINITE DIFFERENCE CANONICAL IMPLEMENTATION           
-------------------------------------------------------------------------- 
Parsing input file : ./t4_Loc/localization_eta_min_reg.dat 
   Adding PETSc option: -snes_ksp_ew
   Adding PETSc option: -snes_ksp_ew_rtolmax 1e-1
   Adding PETSc option: -snes_max_linear_solve_fail 10000
   Adding PETSc option: -snes_max_it 100
   Adding PETSc option: -pcmat_pgamma 1e2
   Adding PETSc option: -snes_PicardSwitchToNewton_rtol 1e0
   Adding PETSc option: -snes_NewtonSwitchToPicard_it 20
   Adding PETSc option: -snes_linesearch_type l2
   Adding PETSc option: -snes_linesearch_maxstep 1.0
   Adding PETSc option: -js_ksp_type fgmres
   Adding PETSc option: -js_ksp_max_it 50
Finished parsing input file : ./t4_Loc/localization_eta_min_reg.dat 
--------------------------------------------------------------------------
Scaling parameters:
   Temperature : 1. [C/K] 
   Length      : 10000. [m] 
   Viscosity   : 1e+20 [Pa*s] 
   Stress      : 1e+08 [Pa] 
--------------------------------------------------------------------------
Time stepping parameters:
   Simulation end time          : 0.2 [Myr] 
   Maximum number of steps      : 20 
   Time step                    : 0.0015 [Myr] 
   Minimum time step            : 2e-05 [Myr] 
   Maximum time step            : 0.005 [Myr] 
   Time step increase factor    : 0.1 
   CFL criterion                : 0.1 
   CFLMAX (fixed time steps)    : 0.1 
   Output every [n] steps       : 1 
   Output [n] initial steps     : 1 
--------------------------------------------------------------------------
Softening laws: 
--------------------------------------------------------------------------
   SoftLaw [0] : A = 0.25, APS1 = 1e-05, APS2 = 0.01
--------------------------------------------------------------------------
Material parameters: 
--------------------------------------------------------------------------
   Phase ID : 0
   (dens)   : rho = 2700. [kg/m^3]  
   (elast)  : G = 5e+10 [Pa]  Kb = 8e+10 [Pa]  E = 1.24138e+11 [Pa]  nu = 0.241379 [ ]  Vp = 7370.28 [m/s]  Vs = 4303.31 [m/s]  
   (diff)   : eta = 1e+21 [Pa*s]  Bd = 5e-22 [1/Pa/s]  
   (plast)  : ch = 5e+07 [Pa]  fr = 30. [deg]  frSoftID = 0 chSoftID = 0 

   Phase ID : 1
   (dens)   : rho = 2700. [kg/m^3]  
   (elast)  : G = 5e+10 [Pa]  Kb = 8e+10 [Pa]  E = 1.24138e+11 [Pa]  nu = 0.241379 [ ]  Vp = 7370.28 [m/s]  Vs = 4303.31 [m/s]  
   (diff)   : eta = 1e+24 [Pa*s]  Bd = 5e-25 [1/Pa/s]  
   (plast)  : ch = 5e+07 [Pa]  fr = 30. [deg]  frSoftID = 0 chSoftID = 0 

   Phase ID : 2
   (dens)   : rho = 100. [kg/m^3]  
   (elast)  : G = 5e+10 [Pa]  Kb = 8e+10 [Pa]  E = 1.24138e+11 [Pa]  nu = 0.241379 [ ]  Vp = 38297.1 [m/s]  Vs = 22360.7 [m/s]  
   (diff)   : eta = 1e+21 [Pa*s]  Bd = 5e-22 [1/Pa/s]  
   (plast)  : ch = 5e+07 [Pa]  fr = 30. [deg]  frSoftID = 0 chSoftID = 0 

--------------------------------------------------------------------------
--------------------------------------------------------------------------
Grid parameters:
   Total number of cpu                  : 4 
   Processor grid  [nx, ny, nz]         : [4, 1, 1]
   Fine grid cells [nx, ny, nz]         : [64, 2, 16]
   Number of cells                      :  2048
   Number of faces                      :  7328
   Maximum cell aspect ratio            :  3.00000
   Lower coordinate bounds [bx, by, bz] : [-20., 0., 0.]
   Upper coordinate bounds [ex, ey, ez] : [20., 0.625, 15.]
--------------------------------------------------------------------------
Boundary condition parameters: 
   No-slip boundary mask [lt rt ft bk bm tp]  : 0 0 0 0 0 0 
   Number of x-background strain rate periods : 1 
   Open top boundary                          @ 
--------------------------------------------------------------------------
Solution parameters & controls:
   Gravity [gx, gy, gz]                    : [0., 0., -10.] [m/s^2] 
   Surface stabilization (FSSA)            :  1. 
   Compute initial guess                   @ 
   Use lithostatic pressure for creep      @ 
   Enforce zero average pressure on top    @ 
   Limit pressure at first iteration       @ 
   Minimum viscosity                       : 2e+20 [Pa*s] 
   Maximum viscosity                       : 1e+27 [Pa*s] 
   Reference viscosity (initial guess)     : 1e+22 [Pa*s] 
   Minimum cohesion                        : 1e+06 [Pa] 
   Minimum friction                        : 5. [deg] 
   Ultimate yield stress                   : 1e+09 [Pa] 
   Maximum melt fraction (viscosity)       : 0.15    
   Rheology iteration number               : 25  
   Rheology iteration tolerance            : 1e-06    
   Ground water level type                 : none 
--------------------------------------------------------------------------
Advection parameters:
   Advection scheme              : Euler 1-st order (basic implementation)
   Marker setup scheme           : geometric primitives
   Velocity interpolation scheme : STAG (linear)
   Marker control type           : no marker control
   Markers per cell [nx, ny, nz] : [5, 5, 5] 
   Marker distribution type      : uniform
   Background phase ID           : 1 
--------------------------------------------------------------------------
Reading geometric primitives ... done (0.00233793 sec)
--------------------------------------------------------------------------
Output parameters:
   Output file name                        : test_vep_analytical 
   Write .pvd file                         : yes 
   Phase                                   @ 
   Density                                 @ 
   Total effective viscosity               @ 
   Creep effective viscosity               @ 
   Velocity                                @ 
   Pressure                                @ 
   Deviatoric stress tensor                @ 
   Deviatoric stress second invariant      @ 
   Deviatoric strain rate tensor           @ 
   Deviatoric strain rate second invariant @ 
   Accumulated Plastic Strain (APS)        @ 
   Plastic dissipation                     @ 
   Momentum residual                       @ 
   Continuity residual                     @ 
--------------------------------------------------------------------------
AVD output parameters:
   Write .pvd file       : yes 
   AVD refinement factor : 1 
--------------------------------------------------------------------------
Preconditioner parameters: 
   Matrix type                   : monolithic
   Penalty parameter (pgamma)    : 1.000000e+02
   Preconditioner type           : user-defined
--------------------------------------------------------------------------
Solver parameters specified: 
   Outermost Krylov solver       : fgmres 
   Solver type                   : parallel direct/lu 
   Solver package                : mumps 
--------------------------------------------------------------------------
Initializing pressure with lithostatic pressure ... done (0.00134492 sec)
--------------------------------------------------------------------------
============================== INITIAL GUESS =============================
--------------------------------------------------------------------------
  0 SNES Function norm 5.563165582916e+02 
  0 PICARD ||F||/||F0||=1.000000e+00 
  Linear js_ solve converged due to CONVERGED_RTOL iterations 1
  1 SNES Function norm 1.894938599094e-01 
  1 MMFD   ||F||/||F0||=3.406224e-04 
  Linear js_ solve converged due to CONVERGED_RTOL iterations 2
  2 SNES Function norm 4.898318519409e-07 
--------------------------------------------------------------------------
SNES Convergence Reason : ||F|| < rtol*||F_initial|| 
Number of iterations    : 2
SNES solution time      : 0.406376 (sec)
--------------------------------------------------------------------------
Residual summary: 
   Continuity: 
      |Div|_inf = 9.119547348183e-12 
      |Div|_2   = 1.620769675357e-10 
   Momentum: 
      |mRes|_2  = 4.898318251266e-07 
--------------------------------------------------------------------------
Saving output ... done (0.07635 sec)
--------------------------------------------------------------------------
================================= STEP 1 =================================
--------------------------------------------------------------------------
Current time        : 0.00000 [Myr] 
Tentative time step : 0.00150 [Myr] 
--------------------------------------------------------------------------
  0 SNES Function norm 4.931655381622e+00 
  0 PICARD ||F||/||F0||=1.000000e+00 
  Linear js_ solve converged due to CONVERGED_RTOL iterations 1
  1 SNES Function norm 2.254047199707e-03 
  1 MMFD   ||F||/||F0||=4.570569e-04 
  Linear js_ solve converged due to CONVERGED_RTOL iterations 2
  2 SNES Function norm 2.304022931452e-08 
--------------------------------------------------------------------------
SNES Convergence Reason : ||F|| < atol 
Number of iterations    : 2
SNES solution time      : 0.284108 (sec)
--------------------------------------------------------------------------
Residual summary: 
   Continuity: 
      |Div|_inf = 4.251258881602e-10 
      |Div|_2   = 1.521718236555e-09 
   Momentum: 
      |mRes|_2  = 2.298992258522e-08 
--------------------------------------------------------------------------
Actual time step : 0.00150 [Myr] 
--------------------------------------------------------------------------
Saving output ... done (0.0786562 sec)
--------------------------------------------------------------------------
================================= STEP 2 =================================
--------------------------------------------------------------------------
Current time        : 0.00150 [Myr] 
Tentative time step : 0.00165 [Myr] 
--------------------------------------------------------------------------
  0 SNES Function norm 2.332473906244e+00 
  0 PICARD ||F||/||F0||=1.000000e+00 
  Linear js_ solve converged due to CONVERGED_RTOL iterations 1
  1 SNES Function norm 3.354377742804e-03 
  1 MMFD   ||F||/||F0||=1.438120e-03 
  Linear js_ solve converged due to CONVERGED_RTOL iterations 2
  2 SNES Function norm 2.239013343386e-08 
--------------------------------------------------------------------------
SNES Convergence Reason : ||F|| < atol 
Number of iterations    : 2
SNES solution time      : 0.283703 (sec)
--------------------------------------------------------------------------
Residual summary: 
   Continuity: 
      |Div|_inf = 1.137461007328e-09 
      |Div|_2   = 2.331874787854e-09 
   Momentum: 
      |mRes|_2  = 2.226837297963e-08 
--------------------------------------------------------------------------
Actual time step : 0.00165 [Myr] 
--------------------------------------------------------------------------
Saving output ... done (0.0767422 sec)
--------------------------------------------------------------------------
================================= STEP 3 =================================
--------------------------------------------------------------------------
Current time        : 0.00315 [Myr] 
Tentative time step : 0.00182 [Myr] 
--------------------------------------------------------------------------
  0 SNES Function norm 2.844103604754e+00 
  0 PICARD ||F||/||F0||=1.000000e+00 
  Linear js_ solve converged due to CONVERGED_RTOL iterations 1
  1 SNES Function norm 3.657790920328e-03 
  1 MMFD   ||F||/||F0||=1.286096e-03 
  Linear js_ solve converged due to CONVERGED_RTOL iterations 2
  2 SNES Function norm 2.493982554019e-08 
--------------------------------------------------------------------------
SNES Convergence Reason : ||F|| < atol 
Number of iterations    : 2
SNES solution time      : 0.280024 (sec)
--------------------------------------------------------------------------
Residual summary: 
   Continuity: 
      |Div|_inf = 1.351421944837e-09 
      |Div|_2   = 2.763860334653e-09 
   Momentum: 
      |mRes|_2  = 2.478620531719e-08 
--------------------------------------------------------------------------
Actual time step : 0.00182 [Myr] 
--------------------------------------------------------------------------
Saving output ... done (0.0745039 sec)
--------------------------------------------------------------------------
================================= STEP 4 =================================
--------------------------------------------------------------------------
Current time        : 0.00497 [Myr] 
Tentative time step : 0.00200 [Myr] 
--------------------------------------------------------------------------
  0 SNES Function norm 3.284024724926e+00 
  0 PICARD ||F||/||F0||=1.000000e+00 
  Linear js_ solve converged due to CONVERGED_RTOL iterations 1
  1 SNES Function norm 4.001675949597e-03 
  1 MMFD   ||F||/||F0||=1.218528e-03 
  Linear js_ solve converged due to CONVERGED_RTOL iterations 2
  2 SNES Function norm 2.794250835104e-08 
--------------------------------------------------------------------------
SNES Convergence Reason : ||F|| < atol 
Number of iterations    : 2
SNES solution time      : 0.284003 (sec)
--------------------------------------------------------------------------
Residual summary: 
   Continuity: 
      |Div|_inf = 1.579072207410e-09 
      |Div|_2   = 3.230667368402e-09 
   Momentum: 
      |mRes|_2  = 2.775511774976e-08 
--------------------------------------------------------------------------
Actual time step : 0.00200 [Myr] 
--------------------------------------------------------------------------
Saving output ... done (0.0749011 sec)
--------------------------------------------------------------------------
================================= STEP 5 =================================
--------------------------------------------------------------------------
Current time        : 0.00696 [Myr] 
Tentative time step : 0.00220 [Myr] 
--------------------------------------------------------------------------
  0 SNES Function norm 3.739345324486e+00 
  0 PICARD ||F||/||F0||=1.000000e+00 
  Linear js_ solve converged due to CONVERGED_RTOL iterations 1
  1 SNES Function norm 4.381581244801e-03 
  1 MMFD   ||F||/||F0||=1.171751e-03 
  Linear js_ solve converged due to CONVERGED_RTOL iterations 2
  2 SNES Function norm 3.186330350003e-08 
--------------------------------------------------------------------------
SNES Convergence Reason : ||F|| < atol 
Number of iterations    : 2
SNES solution time      : 0.285321 (sec)
--------------------------------------------------------------------------
Residual summary: 
   Continuity: 
      |Div|_inf = 1.806999917753e-09 
      |Div|_2   = 3.700863364604e-09 
   Momentum: 
      |mRes|_2  = 3.164764952239e-08 
--------------------------------------------------------------------------
Actual time step : 0.00220 [Myr] 
--------------------------------------------------------------------------
Saving output ... done (0.0770018 sec)
--------------------------------------------------------------------------
================================= STEP 6 =================================
--------------------------------------------------------------------------
Current time        : 0.00916 [Myr] 
Tentative time step : 0.00242 [Myr] 
--------------------------------------------------------------------------
  0 SNES Function norm 4.224000627962e+00 
  0 PICARD ||F||/||F0||=1.000000e+00 
  Linear js_ solve converged due to CONVERGED_RTOL iterations 1
  1 SNES Function norm 4.799721224517e-03 
  1 MMFD   ||F||/||F0||=1.136297e-03 
  Linear js_ solve converged due to CONVERGED_RTOL iterations 2
  2 SNES Function norm 3.545833886384e-08 
--------------------------------------------------------------------------
SNES Convergence Reason : ||F|| < atol 
Number of iterations    : 2
SNES solution time      : 0.277906 (sec)
--------------------------------------------------------------------------
Residual summary: 
   Continuity: 
      |Div|_inf = 2.058416752803e-09 
      |Div|_2   = 4.215986357646e-09 
   Momentum: 
      |mRes|_2  = 3.520680692728e-08 
--------------------------------------------------------------------------
Actual time step : 0.00242 [Myr] 
--------------------------------------------------------------------------
Saving output ... done (0.0760369 sec)
--------------------------------------------------------------------------
================================= STEP 7 =================================
--------------------------------------------------------------------------
Current time        : 0.01157 [Myr] 
Tentative time step : 0.00266 [Myr] 
--------------------------------------------------------------------------
  0 SNES Function norm 4.727319588584e+00 
  0 PICARD ||F||/||F0||=1.000000e+00 
  Linear js_ solve converged due to CONVERGED_RTOL iterations 1
  1 SNES Function norm 5.259138612784e-03 
  1 MMFD   ||F||/||F0||=1.112499e-03 
  Linear js_ solve converged due to CONVERGED_RTOL iterations 2
  2 SNES Function norm 4.099430071196e-08 
--------------------------------------------------------------------------
SNES Convergence Reason : ||F|| < atol 
Number of iterations    : 2
SNES solution time      : 0.280689 (sec)
--------------------------------------------------------------------------
Residual summary: 
   Continuity: 
      |Div|_inf = 2.301732470204e-09 
      |Div|_2   = 4.714451726787e-09 
   Momentum: 
      |mRes|_2  = 4.072231127746e-08 
--------------------------------------------------------------------------
Actual time step : 0.00266 [Myr] 
--------------------------------------------------------------------------
Saving output ... done (0.0750091 sec)
--------------------------------------------------------------------------
================================= STEP 8 =================================
--------------------------------------------------------------------------
Current time        : 0.01423 [Myr] 
Tentative time step : 0.00292 [Myr] 
--------------------------------------------------------------------------
  0 SNES Function norm 5.293671067914e+00 
  0 PICARD ||F||/||F0||=1.000000e+00 
  Linear js_ solve converged due to CONVERGED_RTOL iterations 1
  1 SNES Function norm 5.763267312800e-03 
  1 MMFD   ||F||/||F0||=1.088709e-03 
  Linear js_ solve converged due to CONVERGED_RTOL iterations 2
  2 SNES Function norm 4.799457399904e-08 
--------------------------------------------------------------------------
SNES Convergence Reason : ||F|| < atol 
Number of iterations    : 2
SNES solution time      : 0.280358 (sec)
--------------------------------------------------------------------------
Residual summary: 
   Continuity: 
      |Div|_inf = 2.577255213279e-09 
      |Div|_2   = 5.279650821227e-09 
   Momentum: 
      |mRes|_2  = 4.770329569910e-08 
--------------------------------------------------------------------------
Actual time step : 0.00292 [Myr] 
--------------------------------------------------------------------------
Saving output ... done (0.073879 sec)
--------------------------------------------------------------------------
================================= STEP 9 =================================
--------------------------------------------------------------------------
Current time        : 0.01715 [Myr] 
Tentative time step : 0.00322 [Myr] 
--------------------------------------------------------------------------
  0 SNES Function norm 5.881406246677e+00 
  0 PICARD ||F||/||F0||=1.000000e+00 
  Linear js_ solve converged due to CONVERGED_RTOL iterations 1
  1 SNES Function norm 6.315873942162e-03 
  1 MMFD   ||F||/||F0||=1.073871e-03 
  Linear js_ solve converged due to CONVERGED_RTOL iterations 2
  2 SNES Function norm 5.171086473350e-08 
--------------------------------------------------------------------------
SNES Convergence Reason : ||F|| < atol 
Number of iterations    : 2
SNES solution time      : 0.281694 (sec)
--------------------------------------------------------------------------
Residual summary: 
   Continuity: 
      |Div|_inf = 2.867415098331e-09 
      |Div|_2   = 5.872625369198e-09 
   Momentum: 
      |mRes|_2  = 5.137631558179e-08 
--------------------------------------------------------------------------
Actual time step : 0.00322 [Myr] 
--------------------------------------------------------------------------
Saving output ... done (0.0734 sec)
--------------------------------------------------------------------------
================================ STEP 10 =================================
--------------------------------------------------------------------------
Current time        : 0.02037 [Myr] 
Tentative time step : 0.00354 [Myr] 
--------------------------------------------------------------------------
  0 SNES Function norm 6.501163030839e+00 
  0 PICARD ||F||/||F0||=1.000000e+00 
  Linear js_ solve converged due to CONVERGED_RTOL iterations 1
  1 SNES Function norm 6.921032363909e-03 
  1 MMFD   ||F||/||F0||=1.064584e-03 
  Linear js_ solve converged due to CONVERGED_RTOL iterations 2
  2 SNES Function norm 5.910068114270e-08 
--------------------------------------------------------------------------
SNES Convergence Reason : ||F|| < atol 
Number of iterations    : 2
SNES solution time      : 0.282965 (sec)
--------------------------------------------------------------------------
Residual summary: 
   Continuity: 
      |Div|_inf = 3.178479244127e-09 
      |Div|_2   = 6.506877877109e-09 
   Momentum: 
      |mRes|_2  = 5.874139129969e-08 
--------------------------------------------------------------------------
Actual time step : 0.00354 [Myr] 
--------------------------------------------------------------------------
Saving output ... done (0.0745449 sec)
--------------------------------------------------------------------------
================================ STEP 11 =================================
--------------------------------------------------------------------------
Current time        : 0.02391 [Myr] 
Tentative time step : 0.00389 [Myr] 
--------------------------------------------------------------------------
  0 SNES Function norm 7.207194203478e+00 
  0 PICARD ||F||/||F0||=1.000000e+00 
  Linear js_ solve converged due to CONVERGED_RTOL iterations 1
  1 SNES Function norm 7.583104419412e-03 
  1 MMFD   ||F||/||F0||=1.052158e-03 
  Linear js_ solve converged due to CONVERGED_RTOL iterations 2
  2 SNES Function norm 6.703444555172e-08 
--------------------------------------------------------------------------
SNES Convergence Reason : ||F|| < atol 
Number of iterations    : 2
SNES solution time      : 0.285478 (sec)
--------------------------------------------------------------------------
Residual summary: 
   Continuity: 
      |Div|_inf = 3.486193555407e-09 
      |Div|_2   = 7.137269172173e-09 
   Momentum: 
      |mRes|_2  = 6.665340410805e-08 
--------------------------------------------------------------------------
Actual time step : 0.00389 [Myr] 
--------------------------------------------------------------------------
Saving output ... done (0.072314 sec)
--------------------------------------------------------------------------
================================ STEP 12 =================================
--------------------------------------------------------------------------
Current time        : 0.02780 [Myr] 
Tentative time step : 0.00428 [Myr] 
--------------------------------------------------------------------------
  0 SNES Function norm 7.931268469900e+00 
  0 PICARD ||F||/||F0||=1.000000e+00 
  Linear js_ solve converged due to CONVERGED_RTOL iterations 1
  1 SNES Function norm 8.306824020236e-03 
  1 MMFD   ||F||/||F0||=1.047351e-03 
  Linear js_ solve converged due to CONVERGED_RTOL iterations 2
  2 SNES Function norm 7.495998706913e-08 
--------------------------------------------------------------------------
SNES Convergence Reason : ||F|| < atol 
Number of iterations    : 2
SNES solution time      : 0.287627 (sec)
--------------------------------------------------------------------------
Residual summary: 
   Continuity: 
      |Div|_inf = 3.810350999349e-09 
      |Div|_2   = 7.798630621820e-09 
   Momentum: 
      |mRes|_2  = 7.455320933285e-08 
--------------------------------------------------------------------------
Actual time step : 0.00428 [Myr] 
--------------------------------------------------------------------------
Saving output ... done (0.0749762 sec)
--------------------------------------------------------------------------
================================ STEP 13 =================================
--------------------------------------------------------------------------
Current time        : 0.03208 [Myr] 
Tentative time step : 0.00471 [Myr] 
--------------------------------------------------------------------------
  0 SNES Function norm 8.722020543888e+00 
  0 PICARD ||F||/||F0||=1.000000e+00 
  Linear js_ solve converged due to CONVERGED_RTOL iterations 1
  1 SNES Function norm 9.097185055083e-03 
  1 MMFD   ||F||/||F0||=1.043013e-03 
  Linear js_ solve converged due to CONVERGED_RTOL iterations 2
  2 SNES Function norm 8.931499860343e-08 
--------------------------------------------------------------------------
SNES Convergence Reason : ||F|| < atol 
Number of iterations    : 2
SNES solution time      : 0.284736 (sec)
--------------------------------------------------------------------------
Residual summary: 
   Continuity: 
      |Div|_inf = 4.142699974730e-09 
      |Div|_2   = 8.475587372161e-09 
   Momentum: 
      |mRes|_2  = 8.891194179764e-08 
--------------------------------------------------------------------------
Actual time step : 0.00471 [Myr] 
--------------------------------------------------------------------------
Saving output ... done (0.075603 sec)
--------------------------------------------------------------------------
================================ STEP 14 =================================
--------------------------------------------------------------------------
Current time        : 0.03678 [Myr] 
Tentative time step : 0.00500 [Myr] 
--------------------------------------------------------------------------
  0 SNES Function norm 9.421351824003e+00 
  0 PICARD ||F||/||F0||=1.000000e+00 
  Linear js_ solve converged due to CONVERGED_RTOL iterations 1
  1 SNES Function norm 9.614777001486e-03 
  1 MMFD   ||F||/||F0||=1.020531e-03 
  Linear js_ solve converged due to CONVERGED_RTOL iterations 2
  2 SNES Function norm 1.044463061804e-07 
--------------------------------------------------------------------------
SNES Convergence Reason : ||F|| < rtol*||F_initial|| 
Number of iterations    : 2
SNES solution time      : 0.278564 (sec)
--------------------------------------------------------------------------
Residual summary: 
   Continuity: 
      |Div|_inf = 4.352868242718e-09 
      |Div|_2   = 8.903396352308e-09 
   Momentum: 
      |mRes|_2  = 1.040661347803e-07 
--------------------------------------------------------------------------
Actual time step : 0.00500 [Myr] 
--------------------------------------------------------------------------
Saving output ... done (0.075397 sec)
--------------------------------------------------------------------------
================================ STEP 15 =================================
--------------------------------------------------------------------------
Current time        : 0.04178 [Myr] 
Tentative time step : 0.00500 [Myr] 
--------------------------------------------------------------------------
  0 SNES Function norm 7.812215935909e+00 
  0 PICARD ||F||/||F0||=1.000000e+00 
  Linear js_ solve converged due to CONVERGED_RTOL iterations 1
  1 SNES Function norm 2.898302878841e+00 
  1 MMFD   ||F||/||F0||=3.709963e-01 
  Linear js_ solve converged due to CONVERGED_RTOL iterations 2
  2 SNES Function norm 7.647289590035e-01 
  2 MMFD   ||F||/||F0||=9.788887e-02 
  Linear js_ solve converged due to CONVERGED_RTOL iterations 2
  3 SNES Function norm 6.265367483409e-02 
  3 MMFD   ||F||/||F0||=8.019962e-03 
  Linear js_ solve converged due to CONVERGED_RTOL iterations 4
  4 SNES Function norm 4.253106807057e-04 
--------------------------------------------------------------------------
SNES Convergence Reason : ||F|| < rtol*||F_initial|| 
Number of iterations    : 4
SNES solution time      : 0.683563 (sec)
--------------------------------------------------------------------------
Residual summary: 
   Continuity: 
      |Div|_inf = 6.825845864521e-08 
      |Div|_2   = 6.855743254679e-07 
   Momentum: 
      |mRes|_2  = 4.253101281538e-04 
--------------------------------------------------------------------------
Actual time step : 0.00500 [Myr] 
--------------------------------------------------------------------------
Saving output ... done (0.0744438 sec)
--------------------------------------------------------------------------
================================ STEP 16 =================================
--------------------------------------------------------------------------
Current time        : 0.04678 [Myr] 
Tentative time step : 0.00500 [Myr] 
--------------------------------------------------------------------------
  0 SNES Function norm 1.078183785350e+01 
  0 PICARD ||F||/||F0||=1.000000e+00 
  Linear js_ solve converged due to CONVERGED_RTOL iterations 1
  1 SNES Function norm 3.786640177678e-01 
  1 MMFD   ||F||/||F0||=3.512054e-02 
  Linear js_ solve converged due to CONVERGED_RTOL iterations 5
  2 SNES Function norm 1.876167666703e-03 
  2 MMFD   ||F||/||F0||=1.740119e-04 
  Linear js_ solve converged due to CONVERGED_RTOL iterations 8
  3 SNES Function norm 2.117079106797e-07 
--------------------------------------------------------------------------
SNES Convergence Reason : ||F|| < rtol*||F_initial|| 
Number of iterations    : 3
SNES solution time      : 0.802196 (sec)
--------------------------------------------------------------------------
Residual summary: 
   Continuity: 
      |Div|_inf = 2.930407704254e-09 
      |Div|_2   = 6.074647141039e-09 
   Momentum: 
      |mRes|_2  = 2.116207412010e-07 
--------------------------------------------------------------------------
Actual time step : 0.00500 [Myr] 
--------------------------------------------------------------------------
Saving output ... done (0.075593 sec)
--------------------------------------------------------------------------
================================ STEP 17 =================================
--------------------------------------------------------------------------
Current time        : 0.05178 [Myr] 
Tentative time step : 0.00500 [Myr] 
--------------------------------------------------------------------------
  0 SNES Function norm 7.690405596702e+00 
  0 PICARD ||F||/||F0||=1.000000e+00 
  Linear js_ solve converged due to CONVERGED_RTOL iterations 1
  1 SNES Function norm 2.718652432971e+00 
  1 MMFD   ||F||/||F0||=3.535122e-01 
  Linear js_ solve converged due to CONVERGED_RTOL iterations 2
  2 SNES Function norm 1.071079316716e+00 
  2 MMFD   ||F||/||F0||=1.392747e-01 
  Linear js_ solve converged due to CONVERGED_RTOL iterations 3
  3 SNES Function norm 4.760115849387e-01 
  3 MMFD   ||F||/||F0||=6.189681e-02 
  Linear js_ solve converged due to CONVERGED_RTOL iterations 2
  4 SNES Function norm 8.454493806299e-02 
  4 MMFD   ||F||/||F0||=1.099356e-02 
  Linear js_ solve converged due to CONVERGED_RTOL iterations 3
  5 SNES Function norm 3.240000437133e-03 
  5 MMFD   ||F||/||F0||=4.213042e-04 
  Linear js_ solve converged due to CONVERGED_RTOL iterations 7
  6 SNES Function norm 1.247284220830e-05 
--------------------------------------------------------------------------
SNES Convergence Reason : ||F|| < rtol*||F_initial|| 
Number of iterations    : 6
SNES solution time      : 1.20699 (sec)
--------------------------------------------------------------------------
Residual summary: 
   Continuity: 
      |Div|_inf = 3.003846178143e-10 
      |Div|_2   = 1.089293973467e-09 
   Momentum: 
      |mRes|_2  = 1.247284216074e-05 
--------------------------------------------------------------------------
Actual time step : 0.00500 [Myr] 
--------------------------------------------------------------------------
Saving output ... done (0.074945 sec)
--------------------------------------------------------------------------
================================ STEP 18 =================================
--------------------------------------------------------------------------
Current time        : 0.05678 [Myr] 
Tentative time step : 0.00500 [Myr] 
--------------------------------------------------------------------------
  0 SNES Function norm 1.045887202782e+01 
  0 PICARD ||F||/||F0||=1.000000e+00 
  Linear js_ solve converged due to CONVERGED_RTOL iterations 1
  1 SNES Function norm 1.059058271504e+00 
  1 MMFD   ||F||/||F0||=1.012593e-01 
  Linear js_ solve converged due to CONVERGED_RTOL iterations 4
  2 SNES Function norm 1.393863328215e-02 
  2 MMFD   ||F||/||F0||=1.332709e-03 
  Linear js_ solve converged due to CONVERGED_RTOL iterations 10
  3 SNES Function norm 8.037288446904e-06 
--------------------------------------------------------------------------
SNES Convergence Reason : ||F|| < rtol*||F_initial|| 
Number of iterations    : 3
SNES solution time      : 0.932323 (sec)
--------------------------------------------------------------------------
Residual summary: 
   Continuity: 
      |Div|_inf = 3.624014052522e-08 
      |Div|_2   = 7.292536489403e-08 
   Momentum: 
      |mRes|_2  = 8.036957600354e-06 
--------------------------------------------------------------------------
Actual time step : 0.00500 [Myr] 
--------------------------------------------------------------------------
Saving output ... done (0.072016 sec)
--------------------------------------------------------------------------
================================ STEP 19 =================================
--------------------------------------------------------------------------
Current time        : 0.06178 [Myr] 
Tentative time step : 0.00500 [Myr] 
--------------------------------------------------------------------------
  0 SNES Function norm 7.982136264326e+00 
  0 PICARD ||F||/||F0||=1.000000e+00 
  Linear js_ solve converged due to CONVERGED_RTOL iterations 1
  1 SNES Function norm 2.812272757185e+00 
  1 MMFD   ||F||/||F0||=3.523208e-01 
  Linear js_ solve converged due to CONVERGED_RTOL iterations 3
  2 SNES Function norm 1.490197020849e+00 
  2 MMFD   ||F||/||F0||=1.866915e-01 
  Linear js_ solve converged due to CONVERGED_RTOL iterations 2
  3 SNES Function norm 6.441008872851e-01 
  3 MMFD   ||F||/||F0||=8.069280e-02 
  Linear js_ solve converged due to CONVERGED_RTOL iterations 2
  4 SNES Function norm 5.598692366866e-02 
  4 MMFD   ||F||/||F0||=7.014028e-03 
  Linear js_ solve converged due to CONVERGED_RTOL iterations 6
  5 SNES Function norm 7.793029085699e-04 
--------------------------------------------------------------------------
SNES Convergence Reason : ||F|| < rtol*||F_initial|| 
Number of iterations    : 5
SNES solution time      : 0.96535 (sec)
--------------------------------------------------------------------------
Residual summary: 
   Continuity: 
      |Div|_inf = 1.477074070546e-07 
      |Div|_2   = 5.621290281155e-07 
   Momentum: 
      |mRes|_2  = 7.793027058316e-04 
--------------------------------------------------------------------------
Actual time step : 0.00500 [Myr] 
--------------------------------------------------------------------------
Saving output ... done (0.073236 sec)
--------------------------------------------------------------------------
================================ STEP 20 =================================
--------------------------------------------------------------------------
Current time        : 0.06678 [Myr] 
Tentative time step : 0.00500 [Myr] 
--------------------------------------------------------------------------
  0 SNES Function norm 9.785428927991e+00 
  0 PICARD ||F||/||F0||=1.000000e+00 
  Linear js_ solve converged due to CONVERGED_RTOL iterations 1
  1 SNES Function norm 1.237240177522e+00 
  1 MMFD   ||F||/||F0||=1.264370e-01 
  Linear js_ solve converged due to CONVERGED_RTOL iterations 4
  2 SNES Function norm 5.545251446010e-01 
  2 MMFD   ||F||/||F0||=5.666846e-02 
  Linear js_ solve converged due to CONVERGED_RTOL iterations 4
  3 SNES Function norm 2.669687422599e-01 
  3 MMFD   ||F||/||F0||=2.728227e-02 
  Linear js_ solve converged due to CONVERGED_RTOL iterations 4
  4 SNES Function norm 1.318498180489e-02 
  4 MMFD   ||F||/||F0||=1.347410e-03 
  Linear js_ solve converged due to CONVERGED_RTOL iterations 9
  5 SNES Function norm 5.319572052111e-05 
--------------------------------------------------------------------------
SNES Convergence Reason : ||F|| < rtol*||F_initial|| 
Number of iterations    : 5
SNES solution time      : 1.27754 (sec)
--------------------------------------------------------------------------
Residual summary: 
   Continuity: 
      |Div|_inf = 7.311955054021e-09 
      |Div|_2   = 2.039240908621e-08 
   Momentum: 
      |mRes|_2  = 5.319571661243e-05 
--------------------------------------------------------------------------
Actual time step : 0.00500 [Myr] 
--------------------------------------------------------------------------
Saving output ... done (0.0736091 sec)
--------------------------------------------------------------------------
=========================== SOLUTION IS DONE! ============================
--------------------------------------------------------------------------
Total solution time : 12.4186 (sec) 
--------------------------------------------------------------------------
