-------------------------------------------------------------------------- 
                   Lithosphere and Mantle Evolution Model                   
     Compiled: Date: Oct 12 2019 - Time: 23:47:26 	    
-------------------------------------------------------------------------- 
        STAGGERED-GRID FINITE DIFFERENCE CANONICAL IMPLEMENTATION           
-------------------------------------------------------------------------- 
Parsing input file : ./t4_Loc/localization_viscoplastic.dat 
   Adding PETSc option: -snes_ksp_ew
   Adding PETSc option: -snes_atol 1e-7
   Adding PETSc option: -snes_linesearch_type l2
   Adding PETSc option: -snes_linesearch_maxstep 1.0
   Adding PETSc option: -snes_PicardSwitchToNewton_rtol 3e-1
   Adding PETSc option: -snes_NewtonSwitchToPicard_it 20
   Adding PETSc option: -js_ksp_type fgmres
   Adding PETSc option: -js_ksp_max_it 50
Finished parsing input file : ./t4_Loc/localization_viscoplastic.dat 
--------------------------------------------------------------------------
Scaling parameters:
   Temperature : 1. [C/K] 
   Length      : 1000. [m] 
   Viscosity   : 1e+20 [Pa*s] 
   Stress      : 1e+08 [Pa] 
--------------------------------------------------------------------------
Time stepping parameters:
   Simulation end time          : 0.08 [Myr] 
   Maximum number of steps      : 8 
   Time step                    : 0.0015 [Myr] 
   Minimum time step            : 1e-05 [Myr] 
   Maximum time step            : 0.01 [Myr] 
   Time step increase factor    : 0.1 
   CFL criterion                : 0.1 
   CFLMAX (fixed time steps)    : 0.1 
   Output every [n] steps       : 1 
   Output [n] initial steps     : 1 
--------------------------------------------------------------------------
Softening laws: 
--------------------------------------------------------------------------
   SoftLaw [0] : A = 0.25, APS1 = 1e-09, APS2 = 0.001 
Material parameters: 
   Phase ID : 0
   (dens)   : rho = 2700. [kg/m^3]  
   (diff)   : eta = 1e+21 [Pa*s]  Bd = 5e-22 [1/Pa/s]  
   (plast)  : ch = 5e+07 [Pa]  fr = 30. [deg]  frSoftID = 0 chSoftID = 0 

   Phase ID : 1
   (dens)   : rho = 2700. [kg/m^3]  
   (diff)   : eta = 1e+24 [Pa*s]  Bd = 5e-25 [1/Pa/s]  
   (plast)  : ch = 5e+07 [Pa]  fr = 30. [deg]  frSoftID = 0 chSoftID = 0 

   Phase ID : 2
   (diff)   : eta = 1e+21 [Pa*s]  Bd = 5e-22 [1/Pa/s]  
   (plast)  : ch = 5e+07 [Pa]  fr = 30. [deg]  frSoftID = 0 chSoftID = 0 

--------------------------------------------------------------------------
Grid parameters:
   Total number of cpu                  : 4 
   Processor grid  [nx, ny, nz]         : [4, 1, 1]
   Fine grid cells [nx, ny, nz]         : [64, 2, 16]
   Number of cells                      :  2048
   Number of faces                      :  7328
   Maximum cell aspect ratio            :  3.00000
   Lower coordinate bounds [bx, by, bz] : [-20., 0., 0.]
   Upper coordinate bounds [ex, ey, ez] : [20., 0.625, 15.]
--------------------------------------------------------------------------
Boundary condition parameters: 
   No-slip boundary mask [lt rt ft bk bm tp]  : 0 0 0 0 0 0 
   Number of x-background strain rate periods : 1 
--------------------------------------------------------------------------
Solution parameters & controls:
   Gravity [gx, gy, gz]                    : [0., 0., -10.] [m/s^2] 
   Surface stabilization (FSSA)            :  1. 
   Compute initial guess                   @ 
   Use lithostatic pressure for creep      @ 
   Use quasi-harmonic averaging            @ 
   Minimum viscosity                       : 1e+16 [Pa*s] 
   Maximum viscosity                       : 1e+27 [Pa*s] 
   Reference viscosity (initial guess)     : 1e+20 [Pa*s] 
   Minimum cohesion                        : 1e+06 [Pa] 
   Minimum friction                        : 5. [deg] 
   Ultimate yield stress                   : 1e+09 [Pa] 
   Ground water level type                 : none 
--------------------------------------------------------------------------
Advection parameters:
   Advection scheme              : Euler 1-st order (basic implementation)
   Marker setup scheme           : geometric primitives
   Velocity interpolation scheme : STAG (linear)
   Marker control type           : no marker control
   Markers per cell [nx, ny, nz] : [5, 5, 5] 
   Marker distribution type      : random noise
   Background phase ID           : 1 
--------------------------------------------------------------------------
Reading geometric primitives ... done (0.000952959 sec)
--------------------------------------------------------------------------
Output parameters:
   Output file name                        : test_vp_quasiharmonic 
   Write .pvd file                         : yes 
   Phase                                   @ 
   Density                                 @ 
   Total effective viscosity               @ 
   Creep effective viscosity               @ 
   Viscoplastic viscosity                  @ 
   Velocity                                @ 
   Pressure                                @ 
   Deviatoric stress tensor                @ 
   Deviatoric stress second invariant      @ 
   Deviatoric strain rate tensor           @ 
   Deviatoric strain rate second invariant @ 
   Accumulated Plastic Strain (APS)        @ 
   Plastic dissipation                     @ 
   Momentum residual                       @ 
   Continuity residual                     @ 
--------------------------------------------------------------------------
AVD output parameters:
   Write .pvd file       : yes 
   AVD refinement factor : 1 
--------------------------------------------------------------------------
Preconditioner parameters: 
   Matrix type                   : monolithic
   Penalty parameter (pgamma)    : 1.000000e+03
   Preconditioner type           : user-defined
--------------------------------------------------------------------------
Solver parameters specified: 
   Outermost Krylov solver       : fgmres 
   Solver type                   : parallel direct/lu 
   Solver package                : mumps 
--------------------------------------------------------------------------
============================== INITIAL GUESS =============================
--------------------------------------------------------------------------
  0 SNES Function norm 9.610419607814e+00 
  0 PICARD ||F||/||F0||=1.000000e+00 
  Linear js_ solve converged due to CONVERGED_RTOL iterations 1
  1 SNES Function norm 4.065649980771e-02 
  1 MMFD   ||F||/||F0||=4.230460e-03 
  Linear js_ solve converged due to CONVERGED_RTOL iterations 1
  2 SNES Function norm 8.044040885516e-07 
--------------------------------------------------------------------------
SNES Convergence Reason : ||F|| < rtol*||F_initial|| 
Number of iterations    : 2
SNES solution time      : 0.360612 (sec)
--------------------------------------------------------------------------
Residual summary: 
   Continuity: 
      |Div|_inf = 3.207874979842e-08 
      |Div|_2   = 8.038930010528e-07 
   Momentum: 
      |mRes|_2  = 2.867020294452e-08 
--------------------------------------------------------------------------
Saving output ... done (0.074013 sec)
--------------------------------------------------------------------------
================================= STEP 1 =================================
--------------------------------------------------------------------------
Current time        : 0.00000 [Myr] 
Tentative time step : 0.00150 [Myr] 
--------------------------------------------------------------------------
  0 SNES Function norm 8.711642048333e+00 
  0 PICARD ||F||/||F0||=1.000000e+00 
  Linear js_ solve converged due to CONVERGED_RTOL iterations 1
  1 SNES Function norm 4.641152983847e+00 
  1 PICARD ||F||/||F0||=5.327529e-01 
  Linear js_ solve converged due to CONVERGED_RTOL iterations 1
  2 SNES Function norm 3.441302204068e+00 
  2 PICARD ||F||/||F0||=3.950234e-01 
  Linear js_ solve converged due to CONVERGED_RTOL iterations 1
  3 SNES Function norm 2.729368268548e+00 
  3 PICARD ||F||/||F0||=3.133012e-01 
  Linear js_ solve converged due to CONVERGED_RTOL iterations 1
  4 SNES Function norm 2.289938610186e+00 
  4 MMFD   ||F||/||F0||=2.628596e-01 
  Linear js_ solve converged due to CONVERGED_RTOL iterations 1
  5 SNES Function norm 1.586342529223e+00 
  5 MMFD   ||F||/||F0||=1.820945e-01 
  Linear js_ solve converged due to CONVERGED_RTOL iterations 2
  6 SNES Function norm 1.114397403374e+00 
  6 MMFD   ||F||/||F0||=1.279205e-01 
  Linear js_ solve converged due to CONVERGED_RTOL iterations 2
  7 SNES Function norm 6.584092920065e-01 
  7 MMFD   ||F||/||F0||=7.557809e-02 
  Linear js_ solve converged due to CONVERGED_RTOL iterations 3
  8 SNES Function norm 3.196488564541e-01 
  8 MMFD   ||F||/||F0||=3.669215e-02 
  Linear js_ solve converged due to CONVERGED_RTOL iterations 5
  9 SNES Function norm 1.070786862870e-01 
  9 MMFD   ||F||/||F0||=1.229145e-02 
  Linear js_ solve converged due to CONVERGED_RTOL iterations 8
 10 SNES Function norm 2.002670737343e-02 
 10 MMFD   ||F||/||F0||=2.298844e-03 
  Linear js_ solve converged due to CONVERGED_RTOL iterations 12
 11 SNES Function norm 1.290268594645e-03 
 11 MMFD   ||F||/||F0||=1.481085e-04 
  Linear js_ solve converged due to CONVERGED_RTOL iterations 20
 12 SNES Function norm 1.385097933463e-05 
--------------------------------------------------------------------------
SNES Convergence Reason : ||F|| < rtol*||F_initial|| 
Number of iterations    : 12
SNES solution time      : 3.26592 (sec)
--------------------------------------------------------------------------
Residual summary: 
   Continuity: 
      |Div|_inf = 4.703620826163e-11 
      |Div|_2   = 1.198917643366e-10 
   Momentum: 
      |mRes|_2  = 1.385097933411e-05 
--------------------------------------------------------------------------
Actual time step : 0.00165 [Myr] 
--------------------------------------------------------------------------
Saving output ... done (0.0725439 sec)
--------------------------------------------------------------------------
================================= STEP 2 =================================
--------------------------------------------------------------------------
Current time        : 0.00165 [Myr] 
Tentative time step : 0.00165 [Myr] 
--------------------------------------------------------------------------
  0 SNES Function norm 6.928898517058e-01 
  0 PICARD ||F||/||F0||=1.000000e+00 
  Linear js_ solve converged due to CONVERGED_RTOL iterations 1
  1 SNES Function norm 5.391668303740e-01 
  1 PICARD ||F||/||F0||=7.781422e-01 
  Linear js_ solve converged due to CONVERGED_RTOL iterations 1
  2 SNES Function norm 4.974661039459e-01 
  2 PICARD ||F||/||F0||=7.179584e-01 
  Linear js_ solve converged due to CONVERGED_RTOL iterations 1
  3 SNES Function norm 4.367359376578e-01 
  3 PICARD ||F||/||F0||=6.303108e-01 
  Linear js_ solve converged due to CONVERGED_RTOL iterations 1
  4 SNES Function norm 3.878446830345e-01 
  4 PICARD ||F||/||F0||=5.597494e-01 
  Linear js_ solve converged due to CONVERGED_RTOL iterations 1
  5 SNES Function norm 3.450866189195e-01 
  5 PICARD ||F||/||F0||=4.980396e-01 
  Linear js_ solve converged due to CONVERGED_RTOL iterations 1
  6 SNES Function norm 3.094206995889e-01 
  6 PICARD ||F||/||F0||=4.465655e-01 
  Linear js_ solve converged due to CONVERGED_RTOL iterations 1
  7 SNES Function norm 2.787919095687e-01 
  7 PICARD ||F||/||F0||=4.023611e-01 
  Linear js_ solve converged due to CONVERGED_RTOL iterations 1
  8 SNES Function norm 2.522958893756e-01 
  8 PICARD ||F||/||F0||=3.641212e-01 
  Linear js_ solve converged due to CONVERGED_RTOL iterations 1
  9 SNES Function norm 2.290501124363e-01 
  9 PICARD ||F||/||F0||=3.305722e-01 
  Linear js_ solve converged due to CONVERGED_RTOL iterations 1
 10 SNES Function norm 2.084884455679e-01 
 10 PICARD ||F||/||F0||=3.008970e-01 
  Linear js_ solve converged due to CONVERGED_RTOL iterations 1
 11 SNES Function norm 1.901662525556e-01 
 11 MMFD   ||F||/||F0||=2.744538e-01 
  Linear js_ solve converged due to CONVERGED_RTOL iterations 1
 12 SNES Function norm 7.799110771281e-02 
 12 MMFD   ||F||/||F0||=1.125592e-01 
  Linear js_ solve converged due to CONVERGED_RTOL iterations 2
 13 SNES Function norm 4.744626661311e-02 
 13 MMFD   ||F||/||F0||=6.847592e-02 
  Linear js_ solve converged due to CONVERGED_RTOL iterations 3
 14 SNES Function norm 2.566132400887e-02 
 14 MMFD   ||F||/||F0||=3.703521e-02 
  Linear js_ solve converged due to CONVERGED_RTOL iterations 3
 15 SNES Function norm 1.170451393552e-02 
 15 MMFD   ||F||/||F0||=1.689232e-02 
  Linear js_ solve converged due to CONVERGED_RTOL iterations 5
 16 SNES Function norm 3.291990942749e-03 
 16 MMFD   ||F||/||F0||=4.751103e-03 
  Linear js_ solve converged due to CONVERGED_RTOL iterations 8
 17 SNES Function norm 5.539504707368e-04 
 17 MMFD   ||F||/||F0||=7.994784e-04 
  Linear js_ solve converged due to CONVERGED_RTOL iterations 12
 18 SNES Function norm 1.979184606402e-05 
--------------------------------------------------------------------------
SNES Convergence Reason : ||F|| < rtol*||F_initial|| 
Number of iterations    : 18
SNES solution time      : 3.28924 (sec)
--------------------------------------------------------------------------
Residual summary: 
   Continuity: 
      |Div|_inf = 8.961704121846e-11 
      |Div|_2   = 2.452904117593e-10 
   Momentum: 
      |mRes|_2  = 1.979184606250e-05 
--------------------------------------------------------------------------
Actual time step : 0.00182 [Myr] 
--------------------------------------------------------------------------
Saving output ... done (0.0741961 sec)
--------------------------------------------------------------------------
================================= STEP 3 =================================
--------------------------------------------------------------------------
Current time        : 0.00347 [Myr] 
Tentative time step : 0.00182 [Myr] 
--------------------------------------------------------------------------
  0 SNES Function norm 1.015781915536e+00 
  0 PICARD ||F||/||F0||=1.000000e+00 
  Linear js_ solve converged due to CONVERGED_RTOL iterations 1
  1 SNES Function norm 8.337123839859e-01 
  1 PICARD ||F||/||F0||=8.207592e-01 
  Linear js_ solve converged due to CONVERGED_RTOL iterations 1
  2 SNES Function norm 7.511439770201e-01 
  2 PICARD ||F||/||F0||=7.394737e-01 
  Linear js_ solve converged due to CONVERGED_RTOL iterations 1
  3 SNES Function norm 6.602074755204e-01 
  3 PICARD ||F||/||F0||=6.499500e-01 
  Linear js_ solve converged due to CONVERGED_RTOL iterations 1
  4 SNES Function norm 5.839354505938e-01 
  4 PICARD ||F||/||F0||=5.748630e-01 
  Linear js_ solve converged due to CONVERGED_RTOL iterations 1
  5 SNES Function norm 5.194661501795e-01 
  5 PICARD ||F||/||F0||=5.113954e-01 
  Linear js_ solve converged due to CONVERGED_RTOL iterations 1
  6 SNES Function norm 4.643377618970e-01 
  6 PICARD ||F||/||F0||=4.571235e-01 
  Linear js_ solve converged due to CONVERGED_RTOL iterations 1
  7 SNES Function norm 4.163943352369e-01 
  7 PICARD ||F||/||F0||=4.099249e-01 
  Linear js_ solve converged due to CONVERGED_RTOL iterations 1
  8 SNES Function norm 3.741981639155e-01 
  8 PICARD ||F||/||F0||=3.683844e-01 
  Linear js_ solve converged due to CONVERGED_RTOL iterations 1
  9 SNES Function norm 3.367891454765e-01 
  9 PICARD ||F||/||F0||=3.315565e-01 
  Linear js_ solve converged due to CONVERGED_RTOL iterations 1
 10 SNES Function norm 3.034524426507e-01 
 10 MMFD   ||F||/||F0||=2.987378e-01 
  Linear js_ solve converged due to CONVERGED_RTOL iterations 1
 11 SNES Function norm 1.213421657818e-01 
 11 MMFD   ||F||/||F0||=1.194569e-01 
  Linear js_ solve converged due to CONVERGED_RTOL iterations 1
 12 SNES Function norm 8.842544789636e-02 
 12 MMFD   ||F||/||F0||=8.705161e-02 
  Linear js_ solve converged due to CONVERGED_RTOL iterations 2
 13 SNES Function norm 5.481297644816e-02 
 13 MMFD   ||F||/||F0||=5.396136e-02 
  Linear js_ solve converged due to CONVERGED_RTOL iterations 3
 14 SNES Function norm 2.218268327451e-02 
 14 MMFD   ||F||/||F0||=2.183804e-02 
  Linear js_ solve converged due to CONVERGED_RTOL iterations 4
 15 SNES Function norm 6.625954237734e-03 
 15 MMFD   ||F||/||F0||=6.523009e-03 
  Linear js_ solve converged due to CONVERGED_RTOL iterations 7
 16 SNES Function norm 8.109531343074e-04 
 16 MMFD   ||F||/||F0||=7.983536e-04 
  Linear js_ solve converged due to CONVERGED_RTOL iterations 11
 17 SNES Function norm 2.044765707949e-05 
--------------------------------------------------------------------------
SNES Convergence Reason : ||F|| < rtol*||F_initial|| 
Number of iterations    : 17
SNES solution time      : 3.03132 (sec)
--------------------------------------------------------------------------
Residual summary: 
   Continuity: 
      |Div|_inf = 3.273968769701e-11 
      |Div|_2   = 1.282616196849e-10 
   Momentum: 
      |mRes|_2  = 2.044765707909e-05 
--------------------------------------------------------------------------
Actual time step : 0.00200 [Myr] 
--------------------------------------------------------------------------
Saving output ... done (0.074923 sec)
--------------------------------------------------------------------------
================================= STEP 4 =================================
--------------------------------------------------------------------------
Current time        : 0.00546 [Myr] 
Tentative time step : 0.00200 [Myr] 
--------------------------------------------------------------------------
  0 SNES Function norm 1.107986811010e+00 
  0 PICARD ||F||/||F0||=1.000000e+00 
  Linear js_ solve converged due to CONVERGED_RTOL iterations 1
  1 SNES Function norm 9.208004408163e-01 
  1 PICARD ||F||/||F0||=8.310572e-01 
  Linear js_ solve converged due to CONVERGED_RTOL iterations 1
  2 SNES Function norm 8.220313792933e-01 
  2 PICARD ||F||/||F0||=7.419144e-01 
  Linear js_ solve converged due to CONVERGED_RTOL iterations 1
  3 SNES Function norm 7.330538745597e-01 
  3 PICARD ||F||/||F0||=6.616088e-01 
  Linear js_ solve converged due to CONVERGED_RTOL iterations 1
  4 SNES Function norm 6.552168020246e-01 
  4 PICARD ||F||/||F0||=5.913579e-01 
  Linear js_ solve converged due to CONVERGED_RTOL iterations 1
  5 SNES Function norm 5.834639745878e-01 
  5 PICARD ||F||/||F0||=5.265983e-01 
  Linear js_ solve converged due to CONVERGED_RTOL iterations 1
  6 SNES Function norm 5.186801321774e-01 
  6 PICARD ||F||/||F0||=4.681284e-01 
  Linear js_ solve converged due to CONVERGED_RTOL iterations 1
  7 SNES Function norm 4.601881455477e-01 
  7 PICARD ||F||/||F0||=4.153372e-01 
  Linear js_ solve converged due to CONVERGED_RTOL iterations 1
  8 SNES Function norm 4.078112028331e-01 
  8 PICARD ||F||/||F0||=3.680650e-01 
  Linear js_ solve converged due to CONVERGED_RTOL iterations 1
  9 SNES Function norm 3.610450368506e-01 
  9 PICARD ||F||/||F0||=3.258568e-01 
  Linear js_ solve converged due to CONVERGED_RTOL iterations 1
 10 SNES Function norm 3.193674885913e-01 
 10 MMFD   ||F||/||F0||=2.882412e-01 
  Linear js_ solve converged due to CONVERGED_RTOL iterations 1
 11 SNES Function norm 1.527522715659e-01 
 11 MMFD   ||F||/||F0||=1.378647e-01 
  Linear js_ solve converged due to CONVERGED_RTOL iterations 1
 12 SNES Function norm 9.499375820332e-02 
 12 MMFD   ||F||/||F0||=8.573546e-02 
  Linear js_ solve converged due to CONVERGED_RTOL iterations 2
 13 SNES Function norm 4.514126273302e-02 
 13 MMFD   ||F||/||F0||=4.074170e-02 
  Linear js_ solve converged due to CONVERGED_RTOL iterations 3
 14 SNES Function norm 1.390781082641e-02 
 14 MMFD   ||F||/||F0||=1.255233e-02 
  Linear js_ solve converged due to CONVERGED_RTOL iterations 4
 15 SNES Function norm 2.677748546075e-03 
 15 MMFD   ||F||/||F0||=2.416769e-03 
  Linear js_ solve converged due to CONVERGED_RTOL iterations 7
 16 SNES Function norm 1.938865967159e-04 
 16 MMFD   ||F||/||F0||=1.749900e-04 
  Linear js_ solve converged due to CONVERGED_RTOL iterations 11
 17 SNES Function norm 1.566371237891e-06 
--------------------------------------------------------------------------
SNES Convergence Reason : ||F|| < rtol*||F_initial|| 
Number of iterations    : 17
SNES solution time      : 2.99431 (sec)
--------------------------------------------------------------------------
Residual summary: 
   Continuity: 
      |Div|_inf = 4.041218748529e-12 
      |Div|_2   = 1.406613980201e-11 
   Momentum: 
      |mRes|_2  = 1.566371237828e-06 
--------------------------------------------------------------------------
Actual time step : 0.00220 [Myr] 
--------------------------------------------------------------------------
Saving output ... done (0.073971 sec)
--------------------------------------------------------------------------
================================= STEP 5 =================================
--------------------------------------------------------------------------
Current time        : 0.00766 [Myr] 
Tentative time step : 0.00220 [Myr] 
--------------------------------------------------------------------------
  0 SNES Function norm 8.264975544708e-01 
  0 PICARD ||F||/||F0||=1.000000e+00 
  Linear js_ solve converged due to CONVERGED_RTOL iterations 1
  1 SNES Function norm 5.930230555094e-01 
  1 PICARD ||F||/||F0||=7.175134e-01 
  Linear js_ solve converged due to CONVERGED_RTOL iterations 1
  2 SNES Function norm 4.952400103386e-01 
  2 PICARD ||F||/||F0||=5.992032e-01 
  Linear js_ solve converged due to CONVERGED_RTOL iterations 1
  3 SNES Function norm 4.244712468574e-01 
  3 PICARD ||F||/||F0||=5.135783e-01 
  Linear js_ solve converged due to CONVERGED_RTOL iterations 1
  4 SNES Function norm 3.629008973626e-01 
  4 PICARD ||F||/||F0||=4.390828e-01 
  Linear js_ solve converged due to CONVERGED_RTOL iterations 1
  5 SNES Function norm 3.096830954923e-01 
  5 PICARD ||F||/||F0||=3.746933e-01 
  Linear js_ solve converged due to CONVERGED_RTOL iterations 1
  6 SNES Function norm 2.639442667330e-01 
  6 PICARD ||F||/||F0||=3.193527e-01 
  Linear js_ solve converged due to CONVERGED_RTOL iterations 1
  7 SNES Function norm 2.250108785594e-01 
  7 MMFD   ||F||/||F0||=2.722463e-01 
  Linear js_ solve converged due to CONVERGED_RTOL iterations 1
  8 SNES Function norm 9.046763711313e-02 
  8 MMFD   ||F||/||F0||=1.094590e-01 
  Linear js_ solve converged due to CONVERGED_RTOL iterations 1
  9 SNES Function norm 5.866754775284e-02 
  9 MMFD   ||F||/||F0||=7.098333e-02 
  Linear js_ solve converged due to CONVERGED_RTOL iterations 2
 10 SNES Function norm 2.580695506779e-02 
 10 MMFD   ||F||/||F0||=3.122448e-02 
  Linear js_ solve converged due to CONVERGED_RTOL iterations 4
 11 SNES Function norm 5.985030274039e-03 
 11 MMFD   ||F||/||F0||=7.241437e-03 
  Linear js_ solve converged due to CONVERGED_RTOL iterations 5
 12 SNES Function norm 9.630414878885e-04 
 12 MMFD   ||F||/||F0||=1.165208e-03 
  Linear js_ solve converged due to CONVERGED_RTOL iterations 8
 13 SNES Function norm 2.789865963257e-05 
--------------------------------------------------------------------------
SNES Convergence Reason : ||F|| < rtol*||F_initial|| 
Number of iterations    : 13
SNES solution time      : 2.2317 (sec)
--------------------------------------------------------------------------
Residual summary: 
   Continuity: 
      |Div|_inf = 4.276949454318e-11 
      |Div|_2   = 1.853465477029e-10 
   Momentum: 
      |mRes|_2  = 2.789865963195e-05 
--------------------------------------------------------------------------
Actual time step : 0.00242 [Myr] 
--------------------------------------------------------------------------
Saving output ... done (0.0789921 sec)
--------------------------------------------------------------------------
================================= STEP 6 =================================
--------------------------------------------------------------------------
Current time        : 0.01007 [Myr] 
Tentative time step : 0.00242 [Myr] 
--------------------------------------------------------------------------
  0 SNES Function norm 7.345279322217e-01 
  0 PICARD ||F||/||F0||=1.000000e+00 
  Linear js_ solve converged due to CONVERGED_RTOL iterations 1
  1 SNES Function norm 5.808327725956e-01 
  1 PICARD ||F||/||F0||=7.907565e-01 
  Linear js_ solve converged due to CONVERGED_RTOL iterations 1
  2 SNES Function norm 4.785970048622e-01 
  2 PICARD ||F||/||F0||=6.515709e-01 
  Linear js_ solve converged due to CONVERGED_RTOL iterations 1
  3 SNES Function norm 3.956291756215e-01 
  3 PICARD ||F||/||F0||=5.386169e-01 
  Linear js_ solve converged due to CONVERGED_RTOL iterations 1
  4 SNES Function norm 3.274578401670e-01 
  4 PICARD ||F||/||F0||=4.458072e-01 
  Linear js_ solve converged due to CONVERGED_RTOL iterations 1
  5 SNES Function norm 2.740783861957e-01 
  5 PICARD ||F||/||F0||=3.731354e-01 
  Linear js_ solve converged due to CONVERGED_RTOL iterations 1
  6 SNES Function norm 2.317035421669e-01 
  6 PICARD ||F||/||F0||=3.154455e-01 
  Linear js_ solve converged due to CONVERGED_RTOL iterations 1
  7 SNES Function norm 1.980530696393e-01 
  7 MMFD   ||F||/||F0||=2.696331e-01 
  Linear js_ solve converged due to CONVERGED_RTOL iterations 1
  8 SNES Function norm 1.012426916283e-01 
  8 MMFD   ||F||/||F0||=1.378337e-01 
  Linear js_ solve converged due to CONVERGED_RTOL iterations 1
  9 SNES Function norm 4.827729897455e-02 
  9 MMFD   ||F||/||F0||=6.572561e-02 
  Linear js_ solve converged due to CONVERGED_RTOL iterations 3
 10 SNES Function norm 2.070071283957e-02 
 10 MMFD   ||F||/||F0||=2.818234e-02 
  Linear js_ solve converged due to CONVERGED_RTOL iterations 3
 11 SNES Function norm 5.934148306238e-03 
 11 MMFD   ||F||/||F0||=8.078860e-03 
  Linear js_ solve converged due to CONVERGED_RTOL iterations 5
 12 SNES Function norm 8.860491266596e-04 
 12 MMFD   ||F||/||F0||=1.206284e-03 
  Linear js_ solve converged due to CONVERGED_RTOL iterations 8
 13 SNES Function norm 2.525275933942e-05 
--------------------------------------------------------------------------
SNES Convergence Reason : ||F|| < rtol*||F_initial|| 
Number of iterations    : 13
SNES solution time      : 2.18129 (sec)
--------------------------------------------------------------------------
Residual summary: 
   Continuity: 
      |Div|_inf = 1.239094157141e-10 
      |Div|_2   = 3.729613870961e-10 
   Momentum: 
      |mRes|_2  = 2.525275933666e-05 
--------------------------------------------------------------------------
Actual time step : 0.00266 [Myr] 
--------------------------------------------------------------------------
Saving output ... done (0.0916212 sec)
--------------------------------------------------------------------------
================================= STEP 7 =================================
--------------------------------------------------------------------------
Current time        : 0.01273 [Myr] 
Tentative time step : 0.00266 [Myr] 
--------------------------------------------------------------------------
  0 SNES Function norm 6.324660548245e-01 
  0 PICARD ||F||/||F0||=1.000000e+00 
  Linear js_ solve converged due to CONVERGED_RTOL iterations 1
  1 SNES Function norm 4.674665947885e-01 
  1 PICARD ||F||/||F0||=7.391173e-01 
  Linear js_ solve converged due to CONVERGED_RTOL iterations 1
  2 SNES Function norm 3.934540381224e-01 
  2 PICARD ||F||/||F0||=6.220951e-01 
  Linear js_ solve converged due to CONVERGED_RTOL iterations 1
  3 SNES Function norm 3.454810151846e-01 
  3 PICARD ||F||/||F0||=5.462444e-01 
  Linear js_ solve converged due to CONVERGED_RTOL iterations 1
  4 SNES Function norm 3.039730977242e-01 
  4 PICARD ||F||/||F0||=4.806157e-01 
  Linear js_ solve converged due to CONVERGED_RTOL iterations 1
  5 SNES Function norm 2.680928511934e-01 
  5 PICARD ||F||/||F0||=4.238850e-01 
  Linear js_ solve converged due to CONVERGED_RTOL iterations 1
  6 SNES Function norm 2.364899375338e-01 
  6 PICARD ||F||/||F0||=3.739172e-01 
  Linear js_ solve converged due to CONVERGED_RTOL iterations 1
  7 SNES Function norm 2.091533437009e-01 
  7 PICARD ||F||/||F0||=3.306950e-01 
  Linear js_ solve converged due to CONVERGED_RTOL iterations 1
  8 SNES Function norm 1.853583153041e-01 
  8 MMFD   ||F||/||F0||=2.930724e-01 
  Linear js_ solve converged due to CONVERGED_RTOL iterations 1
  9 SNES Function norm 8.981440337429e-02 
  9 MMFD   ||F||/||F0||=1.420067e-01 
  Linear js_ solve converged due to CONVERGED_RTOL iterations 1
 10 SNES Function norm 5.554790638485e-02 
 10 MMFD   ||F||/||F0||=8.782749e-02 
  Linear js_ solve converged due to CONVERGED_RTOL iterations 2
 11 SNES Function norm 2.843747216618e-02 
 11 MMFD   ||F||/||F0||=4.496284e-02 
  Linear js_ solve converged due to CONVERGED_RTOL iterations 3
 12 SNES Function norm 1.092631220068e-02 
 12 MMFD   ||F||/||F0||=1.727573e-02 
  Linear js_ solve converged due to CONVERGED_RTOL iterations 5
 13 SNES Function norm 1.672377088128e-03 
 13 MMFD   ||F||/||F0||=2.644216e-03 
  Linear js_ solve converged due to CONVERGED_RTOL iterations 7
 14 SNES Function norm 1.131852821856e-04 
 14 MMFD   ||F||/||F0||=1.789587e-04 
  Linear js_ solve converged due to CONVERGED_RTOL iterations 12
 15 SNES Function norm 1.023535326746e-06 
--------------------------------------------------------------------------
SNES Convergence Reason : ||F|| < rtol*||F_initial|| 
Number of iterations    : 15
SNES solution time      : 2.98428 (sec)
--------------------------------------------------------------------------
Residual summary: 
   Continuity: 
      |Div|_inf = 2.682946374018e-12 
      |Div|_2   = 8.363620700249e-12 
   Momentum: 
      |mRes|_2  = 1.023535326712e-06 
--------------------------------------------------------------------------
Actual time step : 0.00292 [Myr] 
--------------------------------------------------------------------------
Saving output ... done (0.0811751 sec)
--------------------------------------------------------------------------
================================= STEP 8 =================================
--------------------------------------------------------------------------
Current time        : 0.01565 [Myr] 
Tentative time step : 0.00292 [Myr] 
--------------------------------------------------------------------------
  0 SNES Function norm 4.909826953829e-01 
  0 PICARD ||F||/||F0||=1.000000e+00 
  Linear js_ solve converged due to CONVERGED_RTOL iterations 1
  1 SNES Function norm 3.694562056675e-01 
  1 PICARD ||F||/||F0||=7.524832e-01 
  Linear js_ solve converged due to CONVERGED_RTOL iterations 1
  2 SNES Function norm 3.149460340600e-01 
  2 PICARD ||F||/||F0||=6.414606e-01 
  Linear js_ solve converged due to CONVERGED_RTOL iterations 1
  3 SNES Function norm 2.718982081431e-01 
  3 PICARD ||F||/||F0||=5.537837e-01 
  Linear js_ solve converged due to CONVERGED_RTOL iterations 1
  4 SNES Function norm 2.368701981480e-01 
  4 PICARD ||F||/||F0||=4.824410e-01 
  Linear js_ solve converged due to CONVERGED_RTOL iterations 1
  5 SNES Function norm 2.077364751313e-01 
  5 PICARD ||F||/||F0||=4.231035e-01 
  Linear js_ solve converged due to CONVERGED_RTOL iterations 1
  6 SNES Function norm 1.840096873885e-01 
  6 PICARD ||F||/||F0||=3.747784e-01 
  Linear js_ solve converged due to CONVERGED_RTOL iterations 1
  7 SNES Function norm 1.645799931503e-01 
  7 PICARD ||F||/||F0||=3.352053e-01 
  Linear js_ solve converged due to CONVERGED_RTOL iterations 1
  8 SNES Function norm 1.485386236896e-01 
  8 PICARD ||F||/||F0||=3.025333e-01 
  Linear js_ solve converged due to CONVERGED_RTOL iterations 1
  9 SNES Function norm 1.350464374770e-01 
  9 MMFD   ||F||/||F0||=2.750534e-01 
  Linear js_ solve converged due to CONVERGED_RTOL iterations 1
 10 SNES Function norm 7.539346618118e-02 
 10 MMFD   ||F||/||F0||=1.535563e-01 
  Linear js_ solve converged due to CONVERGED_RTOL iterations 1
 11 SNES Function norm 5.048630494329e-02 
 11 MMFD   ||F||/||F0||=1.028271e-01 
  Linear js_ solve converged due to CONVERGED_RTOL iterations 2
 12 SNES Function norm 2.416316409876e-02 
 12 MMFD   ||F||/||F0||=4.921388e-02 
  Linear js_ solve converged due to CONVERGED_RTOL iterations 3
 13 SNES Function norm 1.260351462785e-02 
 13 MMFD   ||F||/||F0||=2.566998e-02 
  Linear js_ solve converged due to CONVERGED_RTOL iterations 4
 14 SNES Function norm 3.454453774253e-03 
 14 MMFD   ||F||/||F0||=7.035795e-03 
  Linear js_ solve converged due to CONVERGED_RTOL iterations 6
 15 SNES Function norm 5.392248907565e-04 
 15 MMFD   ||F||/||F0||=1.098256e-03 
  Linear js_ solve converged due to CONVERGED_RTOL iterations 8
 16 SNES Function norm 2.310255184965e-05 
--------------------------------------------------------------------------
SNES Convergence Reason : ||F|| < rtol*||F_initial|| 
Number of iterations    : 16
SNES solution time      : 2.82913 (sec)
--------------------------------------------------------------------------
Residual summary: 
   Continuity: 
      |Div|_inf = 6.574392766301e-11 
      |Div|_2   = 2.171014708035e-10 
   Momentum: 
      |mRes|_2  = 2.310255184863e-05 
--------------------------------------------------------------------------
Actual time step : 0.00322 [Myr] 
--------------------------------------------------------------------------
Saving output ... done (0.0847061 sec)
--------------------------------------------------------------------------
=========================== SOLUTION IS DONE! ============================
--------------------------------------------------------------------------
Total solution time : 24.1773 (sec) 
--------------------------------------------------------------------------
