-------------------------------------------------------------------------- 
                   Lithosphere and Mantle Evolution Model                   
     Compiled: Date: Mar  3 2022 - Time: 16:55:02 	    
-------------------------------------------------------------------------- 
        STAGGERED-GRID FINITE DIFFERENCE CANONICAL IMPLEMENTATION           
-------------------------------------------------------------------------- 
Parsing input file : ./t22_RidgeGeom/ridge_geom_oblique_2cores.dat 
   Adding PETSc option: -snes_rtol 1e-4
   Adding PETSc option: -snes_atol 1e-4
   Adding PETSc option: -snes_max_it 50
   Adding PETSc option: -snes_PicardSwitchToNewton_rtol 1e-4
   Adding PETSc option: -snes_NewtonSwitchToPicard_it 20
   Adding PETSc option: -js_ksp_type fgmres
   Adding PETSc option: -js_ksp_monitor
   Adding PETSc option: -js_ksp_max_it 20
   Adding PETSc option: -js_ksp_atol 1e-8
   Adding PETSc option: -js_ksp_rtol 1e-4
   Adding PETSc option: -snes_linesearch_type l2
   Adding PETSc option: -snes_linesearch_monitor
   Adding PETSc option: -snes_linesearch_maxstep 10
Finished parsing input file : ./t22_RidgeGeom/ridge_geom_oblique_2cores.dat 
--------------------------------------------------------------------------
Scaling parameters:
   Temperature : 1000. [C/K] 
   Length      : 1000. [m] 
   Viscosity   : 1e+19 [Pa*s] 
   Stress      : 1e+09 [Pa] 
   Density     : 1000. [kg/m^3] 
   WRNING! Unconventional scaling is employed--------------------------------------------------------------------------
Time stepping parameters:
   Simulation end time          : 3. [Myr] 
   Maximum number of steps      : 3 
   Time step                    : 0.01 [Myr] 
   Minimum time step            : 0.001 [Myr] 
   Maximum time step            : 1. [Myr] 
   Time step increase factor    : 0.1 
   CFL criterion                : 0.5 
   CFLMAX (fixed time steps)    : 0.8 
   Output every [n] steps       : 1 
   Output [n] initial steps     : 1 
--------------------------------------------------------------------------
--------------------------------------------------------------------------
Material parameters: 
--------------------------------------------------------------------------
   Phase ID : 0   
   (dens)   : rho = 500. [kg/m^3]  
   (elast)  : G = 5e+10 [Pa]  Vs = 10000. [m/s]  
   (diff)   : eta = 1e+18 [Pa*s]  Bd = 5e-19 [1/Pa/s]  

   Phase ID : 2   
   (dens)   : rho = 200. [kg/m^3]  
   (elast)  : G = 5e+10 [Pa]  Vs = 15811.4 [m/s]  
   (diff)   : eta = 1e+19 [Pa*s]  Bd = 5e-20 [1/Pa/s]  

   Phase ID : 1   
   (dens)   : rho = 3300. [kg/m^3]  
   (elast)  : G = 5e+10 [Pa]  Vs = 3892.49 [m/s]  
   (diff)   : eta = 1e+24 [Pa*s]  Bd = 5e-25 [1/Pa/s]  

--------------------------------------------------------------------------
--------------------------------------------------------------------------
Grid parameters:
   Total number of cpu                  : 1 
   Processor grid  [nx, ny, nz]         : [1, 1, 1]
   Fine grid cells [nx, ny, nz]         : [32, 16, 16]
   Number of cells                      :  8192
   Number of faces                      :  25856
   Maximum cell aspect ratio            :  1.25000
   Lower coordinate bounds [bx, by, bz] : [-50., -25., -40.]
   Upper coordinate bounds [ex, ey, ez] : [50., 25., 0.]
--------------------------------------------------------------------------
Boundary condition parameters: 
   No-slip boundary mask [lt rt ft bk bm tp]  : 0 0 0 0 0 0 
   Adding inflow velocity at boundary         @ 
      Inflow velocity boundary                : Left 
      Outflow at opposite boundary            @ 
      Inflow phase from next to boundary      @ 
      Inflow window [bottom, top]             : [-20.00,-10.00] [km] 
      Inflow velocity                         : 5.00 [cm/yr] 
      Velocity smoothening distance           : 50.00 [km] 
      Inflow temperature from closest marker  @ 
--------------------------------------------------------------------------
Solution parameters & controls:
   Gravity [gx, gy, gz]                    : [0., 0., -10.] [m/s^2] 
   Surface stabilization (FSSA)            :  1. 
   Compute initial guess                   @ 
   Use lithostatic pressure for creep      @ 
   Use lithostatic pressure for plasticity @ 
   Limit pressure at first iteration       @ 
   Minimum viscosity                       : 1e+18 [Pa*s] 
   Maximum viscosity                       : 1e+25 [Pa*s] 
   Reference viscosity (initial guess)     : 1e+22 [Pa*s] 
   Minimum cohesion                        : 1e+06 [Pa] 
   Minimum friction                        : 1. [deg] 
   Ultimate yield stress                   : 1e+09 [Pa] 
   Max. melt fraction (viscosity, density) : 0.15    
   Rheology iteration number               : 25  
   Rheology iteration tolerance            : 1e-06    
   Ground water level type                 : none 
--------------------------------------------------------------------------
Advection parameters:
   Advection scheme              : Euler 1-st order (basic implementation)
   Marker setup scheme           : geometric primitives
   Velocity interpolation scheme : STAG (linear)
   Marker control type           : AVD for cells + corner insertion
   Markers per cell [nx, ny, nz] : [3, 3, 3] 
   Marker distribution type      : random noise
   Background phase ID           : 2 
--------------------------------------------------------------------------
Reading geometric primitives ... done (0.0137606 sec)
--------------------------------------------------------------------------
Output parameters:
   Output file name                        : 3D_ridge 
   Write .pvd file                         : yes 
   Phase                                   @ 
   Density                                 @ 
   Total effective viscosity               @ 
   Creep effective viscosity               @ 
   Velocity                                @ 
   Pressure                                @ 
   Temperature                             @ 
--------------------------------------------------------------------------
AVD output parameters:
   Write .pvd file       : yes 
   AVD refinement factor : 2 
--------------------------------------------------------------------------
Preconditioner parameters: 
   Matrix type                   : monolithic
   Preconditioner type           : coupled Galerkin geometric multigrid
   Global coarse grid [nx,ny,nz] : [8, 4, 4]
   Local coarse grid  [nx,ny,nz] : [8, 4, 4]
   Number of multigrid levels    :  3
--------------------------------------------------------------------------
Solver parameters specified: 
   Outermost Krylov solver       : fgmres 
   Solver type                   : multigrid 
   Multigrid smoother levels KSP : chebyshev 
   Multigrid smoother levels PC  : sor 
   Number of smoothening steps   : 10 
   Coarse level KSP              : preonly 
   Coarse level PC               : lu 
   Coarse level solver package   : (null) 
--------------------------------------------------------------------------
============================== INITIAL GUESS =============================
--------------------------------------------------------------------------
  0 SNES Function norm 4.332702945042e+01 
  0 PICARD ||F||/||F0||=1.000000e+00 
    Residual norms for js_ solve.
    0 KSP Residual norm 4.332702945042e+01 
    1 KSP Residual norm 1.317376726620e-01 
    2 KSP Residual norm 8.858542736674e-03 
    3 KSP Residual norm 2.873044390562e-04 
  Linear js_ solve converged due to CONVERGED_RTOL iterations 3
      Line search: lambdas = [1., 0.5, 0.], fnorms = [0.000287304, 21.6635, 43.327]
      Line search terminated: lambda = 1., fnorms = 0.000287304
  1 SNES Function norm 2.873044390540e-04 
--------------------------------------------------------------------------
SNES Convergence Reason : ||F|| < rtol*||F_initial|| 
Number of iterations    : 1
SNES solution time      : 0.273958 (sec)
--------------------------------------------------------------------------
Residual summary: 
   Continuity: 
      |Div|_inf = 1.615763928161e-07 
      |Div|_2   = 5.529199118378e-06 
   Momentum: 
      |mRes|_2  = 2.872512291658e-04 
--------------------------------------------------------------------------
Saving output ... done (0.115749 sec)
--------------------------------------------------------------------------
================================= STEP 1 =================================
--------------------------------------------------------------------------
Current time        : 0.00000000 [Myr] 
Tentative time step : 0.01000000 [Myr] 
--------------------------------------------------------------------------
  0 SNES Function norm 6.522819032263e-01 
  0 PICARD ||F||/||F0||=1.000000e+00 
    Residual norms for js_ solve.
    0 KSP Residual norm 6.522819032263e-01 
    1 KSP Residual norm 9.233012789499e-04 
    2 KSP Residual norm 3.579396341079e-04 
    3 KSP Residual norm 1.737758967191e-06 
  Linear js_ solve converged due to CONVERGED_RTOL iterations 3
      Line search: lambdas = [1., 0.5, 0.], fnorms = [1.73776e-06, 0.326141, 0.652282]
      Line search terminated: lambda = 1., fnorms = 1.73776e-06
  1 SNES Function norm 1.737758967425e-06 
--------------------------------------------------------------------------
SNES Convergence Reason : ||F|| < atol 
Number of iterations    : 1
SNES solution time      : 0.21441 (sec)
--------------------------------------------------------------------------
Residual summary: 
   Continuity: 
      |Div|_inf = 3.034878835192e-09 
      |Div|_2   = 4.502154348408e-08 
   Momentum: 
      |mRes|_2  = 1.737175664545e-06 
--------------------------------------------------------------------------
Actual time step : 0.01000 [Myr] 
--------------------------------------------------------------------------
Performing marker control (standard algorithm)
Marker control [0]: (Corners ) injected 118 markers in 1.2153e-02 s 
--------------------------------------------------------------------------
Saving output ... done (0.112082 sec)
--------------------------------------------------------------------------
================================= STEP 2 =================================
--------------------------------------------------------------------------
Current time        : 0.01000000 [Myr] 
Tentative time step : 0.01100000 [Myr] 
--------------------------------------------------------------------------
  0 SNES Function norm 2.019812131594e+00 
  0 PICARD ||F||/||F0||=1.000000e+00 
    Residual norms for js_ solve.
    0 KSP Residual norm 2.019812131594e+00 
    1 KSP Residual norm 2.582809246210e-03 
    2 KSP Residual norm 1.055764647282e-03 
    3 KSP Residual norm 5.237125922001e-06 
  Linear js_ solve converged due to CONVERGED_RTOL iterations 3
      Line search: lambdas = [1., 0.5, 0.], fnorms = [5.23713e-06, 1.00991, 2.01981]
      Line search terminated: lambda = 1., fnorms = 5.23713e-06
  1 SNES Function norm 5.237125922091e-06 
--------------------------------------------------------------------------
SNES Convergence Reason : ||F|| < atol 
Number of iterations    : 1
SNES solution time      : 0.217501 (sec)
--------------------------------------------------------------------------
Residual summary: 
   Continuity: 
      |Div|_inf = 8.218661013060e-09 
      |Div|_2   = 1.247315376411e-07 
   Momentum: 
      |mRes|_2  = 5.235640358863e-06 
--------------------------------------------------------------------------
Actual time step : 0.01100 [Myr] 
--------------------------------------------------------------------------
Performing marker control (standard algorithm)
Marker control [0]: (Corners ) injected 336 markers in 1.4526e-02 s 
--------------------------------------------------------------------------
Saving output ... done (0.109878 sec)
--------------------------------------------------------------------------
================================= STEP 3 =================================
--------------------------------------------------------------------------
Current time        : 0.02100000 [Myr] 
Tentative time step : 0.01210000 [Myr] 
--------------------------------------------------------------------------
  0 SNES Function norm 2.262800775274e+00 
  0 PICARD ||F||/||F0||=1.000000e+00 
    Residual norms for js_ solve.
    0 KSP Residual norm 2.262800775274e+00 
    1 KSP Residual norm 2.583377183603e-03 
    2 KSP Residual norm 1.107794500609e-03 
    3 KSP Residual norm 5.575568044566e-06 
  Linear js_ solve converged due to CONVERGED_RTOL iterations 3
      Line search: lambdas = [1., 0.5, 0.], fnorms = [5.57557e-06, 1.1314, 2.2628]
      Line search terminated: lambda = 1., fnorms = 5.57557e-06
  1 SNES Function norm 5.575568044856e-06 
--------------------------------------------------------------------------
SNES Convergence Reason : ||F|| < atol 
Number of iterations    : 1
SNES solution time      : 0.214444 (sec)
--------------------------------------------------------------------------
Residual summary: 
   Continuity: 
      |Div|_inf = 7.571868700481e-09 
      |Div|_2   = 1.224342839523e-07 
   Momentum: 
      |mRes|_2  = 5.574223611315e-06 
--------------------------------------------------------------------------
Actual time step : 0.01210 [Myr] 
--------------------------------------------------------------------------
Performing marker control (standard algorithm)
Marker control [0]: (Corners ) injected 758 markers in 1.8337e-02 s 
--------------------------------------------------------------------------
Saving output ... done (0.109498 sec)
--------------------------------------------------------------------------
=========================== SOLUTION IS DONE! ============================
--------------------------------------------------------------------------
Total solution time : 1.73603 (sec) 
--------------------------------------------------------------------------
