| ------------------------------------------------------------------------- 
|                                      LaMEM                                
|                        Adjoint Gradient Framework Active                  
| ------------------------------------------------------------------------- 
| Adjoint parameters:  
|    Adjoint mode                             : Gradient descent (or Quasi-Newton) inversion  
|    Use Tao BLMVM (or LaMEM steepest descent): 0    
|    Gradient evaluation points               : several observation points  
|    Advect evaluation points with flow       : 0    
|    Objective function type                  : 0    
|    Objective function defined in input      : 1    
|    Maximum gradient descent iterations      : 200    
|    Maximum linesearch iterations            : 100    
|    Apply bounds                             : 0    
|    Tolerance (F/Fini)                       : 1.00000e-16  
|    Not employing TAO, but instead our build-in gradient algorithm, with the following parameters: 
|     Linesearch factor (successful update)    : 2.00000e+00  
|     Linesearch factor (overstep)             : 2.00000e-01  
|     Maximum linesearch factor                : 1.00000e+30  
|     Scale for initial parameter update       : 1.00000e-01  
|   1 : adjoint          rho[1 ] = 1        ; bnd=[-        ; -        ]   
|   Total number of adjoint gradients      : 1   
|   Total number of FD gradients           : 0   
| 
|   Total number of observation points     : 1   
|       [0.600000,0.500000,0.990000] has target PSD=135.00000
| 
SNES Convergence Reason : ||F|| < atol 
SNES Convergence Reason : ||F|| < atol 
| IOparam->mfit = 1.762770e-01 
| grad=5.931046e-02, aop->CurScal=1.000000e+00 vel-scale =1.000000e+00
| ************************************************************************
|                       COMPUTATION OF THE COST FUNCTION                    
| ************************************************************************
| Current Cost function = 1.7627699720e-01
| ************************************************************************ 
|                       COMPUTATION OF THE GRADIENTS                       
| ************************************************************************ 
| 
| Gradients: 
|                    Parameter             |  Gradient (dimensional)  
|                  -----------------------   ------------------------ 
|  adjoint     1:          rho[ 1]           -5.931046e-02 
| 
| 
| Observation points: 
|                                                    Center values         
|                       Location         |      Target         Value     
|       --------------------------------- --- ------------- ------------- 
| 1   : [    0.600;     0.500;     0.990] PSD   1.35000e+02   1.69020e+02
| 
| AdjointOptimisation: Gradients. [0]=-5.931046e-02, [1]=0.000000e+00 
| ------------------------------------------------------------------------ 
| 1. IT INVERSION RESULT: line search its = 0 ; F / FINI = 1.00000e+00
| 
| Fold = 1.00000e+100 
|    F = 1.76277e-01
| 
| 1 Diff parameter value = 1.00000e-01
| 
| 1 Parameter value = 1.10000e+00
| -------------------------------------------------------------------------
| LS factor for 1.Parameter = 3.37209e+00
| 
SNES Convergence Reason : ||F|| < atol 
SNES Convergence Reason : ||F|| < atol 
| IOparam->mfit = 1.698002e-01 
| grad=7.058523e-02, aop->CurScal=1.000000e+00 vel-scale =1.000000e+00
| ************************************************************************
|                       COMPUTATION OF THE COST FUNCTION                    
| ************************************************************************
| Current Cost function = 1.6980016571e-01
| ************************************************************************ 
|                       COMPUTATION OF THE GRADIENTS                       
| ************************************************************************ 
| 
| Gradients: 
|                    Parameter             |  Gradient (dimensional)  
|                  -----------------------   ------------------------ 
|  adjoint     1:          rho[ 1]           -7.058523e-02 
| 
| 
| Observation points: 
|                                                    Center values         
|                       Location         |      Target         Value     
|       --------------------------------- --- ------------- ------------- 
| 1   : [    0.600;     0.500;     0.990] PSD   1.35000e+02   1.68389e+02
| 
| AdjointOptimisation: Gradients. [0]=-7.058523e-02, [1]=0.000000e+00 
| ------------------------------------------------------------------------ 
| 2. IT INVERSION RESULT: line search its = 0 ; F / FINI = 9.63258e-01
| 
| Fold = 1.76277e-01 
|    F = 1.69800e-01
| 
| 1 Diff parameter value = 2.38019e-01
| 
| 1 Parameter value = 1.33802e+00
| -------------------------------------------------------------------------
| LS factor for 1.Parameter = 6.74417e+00
| 
SNES Convergence Reason : ||F|| < atol 
SNES Convergence Reason : ||F|| < atol 
| IOparam->mfit = 1.484462e-01 
| grad=1.135855e-01, aop->CurScal=1.000000e+00 vel-scale =1.000000e+00
| ************************************************************************
|                       COMPUTATION OF THE COST FUNCTION                    
| ************************************************************************
| Current Cost function = 1.4844623015e-01
| ************************************************************************ 
|                       COMPUTATION OF THE GRADIENTS                       
| ************************************************************************ 
| 
| Gradients: 
|                    Parameter             |  Gradient (dimensional)  
|                  -----------------------   ------------------------ 
|  adjoint     1:          rho[ 1]           -1.135855e-01 
| 
| 
| Observation points: 
|                                                    Center values         
|                       Location         |      Target         Value     
|       --------------------------------- --- ------------- ------------- 
| 1   : [    0.600;     0.500;     0.990] PSD   1.35000e+02   1.66219e+02
| 
| AdjointOptimisation: Gradients. [0]=-1.135855e-01, [1]=0.000000e+00 
| ------------------------------------------------------------------------ 
| 3. IT INVERSION RESULT: line search its = 0 ; F / FINI = 8.42119e-01
| 
| Fold = 1.69800e-01 
|    F = 1.48446e-01
| 
| 1 Diff parameter value = 7.66040e-01
| 
| 1 Parameter value = 2.10406e+00
| -------------------------------------------------------------------------
| LS factor for 1.Parameter = 1.34883e+01
| 
SNES Convergence Reason : Newton computed step size small; || delta x || < stol || x ||
SNES Convergence Reason : ||F|| < atol 
| IOparam->mfit = 2.545121e-02 
| grad=-4.609150e-01, aop->CurScal=1.000000e+00 vel-scale =1.000000e+00
| ************************************************************************
|                       COMPUTATION OF THE COST FUNCTION                    
| ************************************************************************
| Current Cost function = 2.5451210961e-02
| ************************************************************************ 
|                       COMPUTATION OF THE GRADIENTS                       
| ************************************************************************ 
| 
| Gradients: 
|                    Parameter             |  Gradient (dimensional)  
|                  -----------------------   ------------------------ 
|  adjoint     1:          rho[ 1]            4.609150e-01 
| 
| 
| Observation points: 
|                                                    Center values         
|                       Location         |      Target         Value     
|       --------------------------------- --- ------------- ------------- 
| 1   : [    0.600;     0.500;     0.990] PSD   1.35000e+02   1.22073e+02
| 
| AdjointOptimisation: Gradients. [0]=4.609150e-01, [1]=0.000000e+00 
| ------------------------------------------------------------------------ 
| 4. IT INVERSION RESULT: line search its = 0 ; F / FINI = 1.44382e-01
| 
| Fold = 1.48446e-01 
|    F = 2.54512e-02
| 
| 1 Diff parameter value = -6.21698e+00
| 
| 1 Parameter value = -4.11292e+00
| -------------------------------------------------------------------------
| LS factor for 1.Parameter = 2.69767e+01
| 
SNES Convergence Reason : ||F|| < atol 
SNES Convergence Reason : ||F|| < atol 
| IOparam->mfit = 2.329039e-01 
| grad=3.985120e-03, aop->CurScal=1.000000e+00 vel-scale =1.000000e+00
| ************************************************************************
|                       COMPUTATION OF THE COST FUNCTION                    
| ************************************************************************
| Current Cost function = 2.3290391672e-01
| ************************************************************************ 
|                       COMPUTATION OF THE GRADIENTS                       
| ************************************************************************ 
| 
| Gradients: 
|                    Parameter             |  Gradient (dimensional)  
|                  -----------------------   ------------------------ 
|  adjoint     1:          rho[ 1]           -3.985120e-03 
| 
| 
| Observation points: 
|                                                    Center values         
|                       Location         |      Target         Value     
|       --------------------------------- --- ------------- ------------- 
| 1   : [    0.600;     0.500;     0.990] PSD   1.35000e+02   1.74104e+02
| 
| AdjointOptimisation: Gradients. [0]=-3.985120e-03, [1]=0.000000e+00 
| - - - - - - - - - - - - - - - - - - - - - - - - - - - 
|               LINE SEARCH IT 1                       
SNES Convergence Reason : ||F|| < atol 
SNES Convergence Reason : ||F|| < atol 
| IOparam->mfit = 2.140813e-01 
| grad=1.247623e-02, aop->CurScal=1.000000e+00 vel-scale =1.000000e+00
| ************************************************************************
|                       COMPUTATION OF THE COST FUNCTION                    
| ************************************************************************
| Current Cost function = 2.1408125980e-01
| ************************************************************************ 
|                       COMPUTATION OF THE GRADIENTS                       
| ************************************************************************ 
| 
| Gradients: 
|                    Parameter             |  Gradient (dimensional)  
|                  -----------------------   ------------------------ 
|  adjoint     1:          rho[ 1]           -1.247623e-02 
| 
| 
| Observation points: 
|                                                    Center values         
|                       Location         |      Target         Value     
|       --------------------------------- --- ------------- ------------- 
| 1   : [    0.600;     0.500;     0.990] PSD   1.35000e+02   1.72491e+02
| 
|    F = 2.140813e-01,  Fold = 2.545121e-02                      
| - - - - - - - - - - - - - - - - - - - - - - - - - - - 
| - - - - - - - - - - - - - - - - - - - - - - - - - - - 
|               LINE SEARCH IT 2                       
SNES Convergence Reason : ||F|| < atol 
SNES Convergence Reason : ||F|| < atol 
| IOparam->mfit = 1.057397e-01 
| grad=2.184582e-01, aop->CurScal=1.000000e+00 vel-scale =1.000000e+00
| ************************************************************************
|                       COMPUTATION OF THE COST FUNCTION                    
| ************************************************************************
| Current Cost function = 1.0573974412e-01
| ************************************************************************ 
|                       COMPUTATION OF THE GRADIENTS                       
| ************************************************************************ 
| 
| Gradients: 
|                    Parameter             |  Gradient (dimensional)  
|                  -----------------------   ------------------------ 
|  adjoint     1:          rho[ 1]           -2.184582e-01 
| 
| 
| Observation points: 
|                                                    Center values         
|                       Location         |      Target         Value     
|       --------------------------------- --- ------------- ------------- 
| 1   : [    0.600;     0.500;     0.990] PSD   1.35000e+02   1.61349e+02
| 
|    F = 1.057397e-01,  Fold = 2.545121e-02                      
| - - - - - - - - - - - - - - - - - - - - - - - - - - - 
| - - - - - - - - - - - - - - - - - - - - - - - - - - - 
|               LINE SEARCH IT 3                       
SNES Convergence Reason : ||F|| < atol 
SNES Convergence Reason : ||F|| < atol 
| IOparam->mfit = 4.899384e-05 
| grad=-2.142898e-02, aop->CurScal=1.000000e+00 vel-scale =1.000000e+00
| ************************************************************************
|                       COMPUTATION OF THE COST FUNCTION                    
| ************************************************************************
| Current Cost function = 4.8993839298e-05
| ************************************************************************ 
|                       COMPUTATION OF THE GRADIENTS                       
| ************************************************************************ 
| 
| Gradients: 
|                    Parameter             |  Gradient (dimensional)  
|                  -----------------------   ------------------------ 
|  adjoint     1:          rho[ 1]            2.142898e-02 
| 
| 
| Observation points: 
|                                                    Center values         
|                       Location         |      Target         Value     
|       --------------------------------- --- ------------- ------------- 
| 1   : [    0.600;     0.500;     0.990] PSD   1.35000e+02   1.34433e+02
| 
|    F = 4.899384e-05,  Fold = 2.545121e-02                      
| - - - - - - - - - - - - - - - - - - - - - - - - - - - 
| ------------------------------------------------------------------------ 
| 5. IT INVERSION RESULT: line search its = 3 ; F / FINI = 2.77937e-04
| 
| Fold = 2.54512e-02 
|    F = 4.89938e-05
| 
| 1 Diff parameter value = -4.62466e-03
| 
| 1 Parameter value = 1.99996e+00
| -------------------------------------------------------------------------
| LS factor for 1.Parameter = 4.31627e-01
| 
SNES Convergence Reason : ||F|| < atol 
SNES Convergence Reason : ||F|| < atol 
| IOparam->mfit = 3.069794e-09 
| grad=1.684383e-04, aop->CurScal=1.000000e+00 vel-scale =1.000000e+00
| ************************************************************************
|                       COMPUTATION OF THE COST FUNCTION                    
| ************************************************************************
| Current Cost function = 3.0697935679e-09
| ************************************************************************ 
|                       COMPUTATION OF THE GRADIENTS                       
| ************************************************************************ 
| 
| Gradients: 
|                    Parameter             |  Gradient (dimensional)  
|                  -----------------------   ------------------------ 
|  adjoint     1:          rho[ 1]           -1.684383e-04 
| 
| 
| Observation points: 
|                                                    Center values         
|                       Location         |      Target         Value     
|       --------------------------------- --- ------------- ------------- 
| 1   : [    0.600;     0.500;     0.990] PSD   1.35000e+02   1.35004e+02
| 
| AdjointOptimisation: Gradients. [0]=-1.684383e-04, [1]=0.000000e+00 
| ------------------------------------------------------------------------ 
| 6. IT INVERSION RESULT: line search its = 0 ; F / FINI = 1.74146e-08
| 
| Fold = 4.89938e-05 
|    F = 3.06979e-09
| 
| 1 Diff parameter value = 7.27025e-05
| 
| 1 Parameter value = 2.00004e+00
| -------------------------------------------------------------------------
| LS factor for 1.Parameter = 8.63254e-01
| 
SNES Convergence Reason : ||F|| < atol 
SNES Convergence Reason : ||F|| < atol 
| IOparam->mfit = 3.041116e-09 
| grad=-1.677737e-04, aop->CurScal=1.000000e+00 vel-scale =1.000000e+00
| ************************************************************************
|                       COMPUTATION OF THE COST FUNCTION                    
| ************************************************************************
| Current Cost function = 3.0411159936e-09
| ************************************************************************ 
|                       COMPUTATION OF THE GRADIENTS                       
| ************************************************************************ 
| 
| Gradients: 
|                    Parameter             |  Gradient (dimensional)  
|                  -----------------------   ------------------------ 
|  adjoint     1:          rho[ 1]            1.677737e-04 
| 
| 
| Observation points: 
|                                                    Center values         
|                       Location         |      Target         Value     
|       --------------------------------- --- ------------- ------------- 
| 1   : [    0.600;     0.500;     0.990] PSD   1.35000e+02   1.34996e+02
| 
| AdjointOptimisation: Gradients. [0]=1.677737e-04, [1]=0.000000e+00 
| ------------------------------------------------------------------------ 
| 7. IT INVERSION RESULT: line search its = 0 ; F / FINI = 1.72519e-08
| 
| Fold = 3.06979e-09 
|    F = 3.04112e-09
| 
| 1 Diff parameter value = -1.44831e-04
| 
| 1 Parameter value = 1.99989e+00
| -------------------------------------------------------------------------
| LS factor for 1.Parameter = 1.72651e+00
| 
SNES Convergence Reason : ||F|| < atol 
SNES Convergence Reason : ||F|| < atol 
| IOparam->mfit = 2.724930e-08 
| grad=5.017847e-04, aop->CurScal=1.000000e+00 vel-scale =1.000000e+00
| ************************************************************************
|                       COMPUTATION OF THE COST FUNCTION                    
| ************************************************************************
| Current Cost function = 2.7249303785e-08
| ************************************************************************ 
|                       COMPUTATION OF THE GRADIENTS                       
| ************************************************************************ 
| 
| Gradients: 
|                    Parameter             |  Gradient (dimensional)  
|                  -----------------------   ------------------------ 
|  adjoint     1:          rho[ 1]           -5.017847e-04 
| 
| 
| Observation points: 
|                                                    Center values         
|                       Location         |      Target         Value     
|       --------------------------------- --- ------------- ------------- 
| 1   : [    0.600;     0.500;     0.990] PSD   1.35000e+02   1.35013e+02
| 
| AdjointOptimisation: Gradients. [0]=-5.017847e-04, [1]=0.000000e+00 
| - - - - - - - - - - - - - - - - - - - - - - - - - - - 
|               LINE SEARCH IT 1                       
SNES Convergence Reason : ||F|| < atol 
SNES Convergence Reason : ||F|| < atol 
| IOparam->mfit = 1.085524e-09 
| grad=1.001649e-04, aop->CurScal=1.000000e+00 vel-scale =1.000000e+00
| ************************************************************************
|                       COMPUTATION OF THE COST FUNCTION                    
| ************************************************************************
| Current Cost function = 1.0855237987e-09
| ************************************************************************ 
|                       COMPUTATION OF THE GRADIENTS                       
| ************************************************************************ 
| 
| Gradients: 
|                    Parameter             |  Gradient (dimensional)  
|                  -----------------------   ------------------------ 
|  adjoint     1:          rho[ 1]           -1.001649e-04 
| 
| 
| Observation points: 
|                                                    Center values         
|                       Location         |      Target         Value     
|       --------------------------------- --- ------------- ------------- 
| 1   : [    0.600;     0.500;     0.990] PSD   1.35000e+02   1.35003e+02
| 
|    F = 1.085524e-09,  Fold = 3.041116e-09                      
| - - - - - - - - - - - - - - - - - - - - - - - - - - - 
| ------------------------------------------------------------------------ 
| 8. IT INVERSION RESULT: line search its = 1 ; F / FINI = 6.15806e-09
| 
| Fold = 3.04112e-09 
|    F = 1.08552e-09
| 
| 1 Diff parameter value = 3.45871e-05
| 
| 1 Parameter value = 2.00001e+00
| -------------------------------------------------------------------------
| LS factor for 1.Parameter = 6.90603e-01
| 
SNES Convergence Reason : ||F|| < atol 
SNES Convergence Reason : ||F|| < atol 
| IOparam->mfit = 3.859576e-10 
| grad=-5.976710e-05, aop->CurScal=1.000000e+00 vel-scale =1.000000e+00
| ************************************************************************
|                       COMPUTATION OF THE COST FUNCTION                    
| ************************************************************************
| Current Cost function = 3.8595758359e-10
| ************************************************************************ 
|                       COMPUTATION OF THE GRADIENTS                       
| ************************************************************************ 
| 
| Gradients: 
|                    Parameter             |  Gradient (dimensional)  
|                  -----------------------   ------------------------ 
|  adjoint     1:          rho[ 1]            5.976710e-05 
| 
| 
| Observation points: 
|                                                    Center values         
|                       Location         |      Target         Value     
|       --------------------------------- --- ------------- ------------- 
| 1   : [    0.600;     0.500;     0.990] PSD   1.35000e+02   1.34998e+02
| 
| AdjointOptimisation: Gradients. [0]=5.976710e-05, [1]=0.000000e+00 
| ------------------------------------------------------------------------ 
| 9. IT INVERSION RESULT: line search its = 0 ; F / FINI = 2.18949e-09
| 
| Fold = 1.08552e-09 
|    F = 3.85958e-10
| 
| 1 Diff parameter value = -4.12754e-05
| 
| 1 Parameter value = 1.99997e+00
| -------------------------------------------------------------------------
| LS factor for 1.Parameter = 1.38121e+00
| 
SNES Convergence Reason : ||F|| < atol 
SNES Convergence Reason : ||F|| < atol 
| IOparam->mfit = 1.859085e-09 
| grad=1.310815e-04, aop->CurScal=1.000000e+00 vel-scale =1.000000e+00
| ************************************************************************
|                       COMPUTATION OF THE COST FUNCTION                    
| ************************************************************************
| Current Cost function = 1.8590853179e-09
| ************************************************************************ 
|                       COMPUTATION OF THE GRADIENTS                       
| ************************************************************************ 
| 
| Gradients: 
|                    Parameter             |  Gradient (dimensional)  
|                  -----------------------   ------------------------ 
|  adjoint     1:          rho[ 1]           -1.310815e-04 
| 
| 
| Observation points: 
|                                                    Center values         
|                       Location         |      Target         Value     
|       --------------------------------- --- ------------- ------------- 
| 1   : [    0.600;     0.500;     0.990] PSD   1.35000e+02   1.35003e+02
| 
| AdjointOptimisation: Gradients. [0]=-1.310815e-04, [1]=0.000000e+00 
| - - - - - - - - - - - - - - - - - - - - - - - - - - - 
|               LINE SEARCH IT 1                       
SNES Convergence Reason : ||F|| < atol 
SNES Convergence Reason : ||F|| < atol 
| IOparam->mfit = 2.980963e-11 
| grad=1.659916e-05, aop->CurScal=1.000000e+00 vel-scale =1.000000e+00
| ************************************************************************
|                       COMPUTATION OF THE COST FUNCTION                    
| ************************************************************************
| Current Cost function = 2.9809626839e-11
| ************************************************************************ 
|                       COMPUTATION OF THE GRADIENTS                       
| ************************************************************************ 
| 
| Gradients: 
|                    Parameter             |  Gradient (dimensional)  
|                  -----------------------   ------------------------ 
|  adjoint     1:          rho[ 1]           -1.659916e-05 
| 
| 
| Observation points: 
|                                                    Center values         
|                       Location         |      Target         Value     
|       --------------------------------- --- ------------- ------------- 
| 1   : [    0.600;     0.500;     0.990] PSD   1.35000e+02   1.35000e+02
| 
|    F = 2.980963e-11,  Fold = 3.859576e-10                      
| - - - - - - - - - - - - - - - - - - - - - - - - - - - 
| ------------------------------------------------------------------------ 
| 10. IT INVERSION RESULT: line search its = 1 ; F / FINI = 1.69107e-10
| 
| Fold = 3.85958e-10 
|    F = 2.98096e-11
| 
| 1 Diff parameter value = 4.58537e-06
| 
| 1 Parameter value = 2.00000e+00
| -------------------------------------------------------------------------
| LS factor for 1.Parameter = 5.52483e-01
| 
SNES Convergence Reason : Newton computed step size small; || delta x || < stol || x ||
SNES Convergence Reason : ||F|| < atol 
| IOparam->mfit = 2.288324e-12 
| grad=-4.601969e-06, aop->CurScal=1.000000e+00 vel-scale =1.000000e+00
| ************************************************************************
|                       COMPUTATION OF THE COST FUNCTION                    
| ************************************************************************
| Current Cost function = 2.2883236757e-12
| ************************************************************************ 
|                       COMPUTATION OF THE GRADIENTS                       
| ************************************************************************ 
| 
| Gradients: 
|                    Parameter             |  Gradient (dimensional)  
|                  -----------------------   ------------------------ 
|  adjoint     1:          rho[ 1]            4.601969e-06 
| 
| 
| Observation points: 
|                                                    Center values         
|                       Location         |      Target         Value     
|       --------------------------------- --- ------------- ------------- 
| 1   : [    0.600;     0.500;     0.990] PSD   1.35000e+02   1.35000e+02
| 
| AdjointOptimisation: Gradients. [0]=4.601969e-06, [1]=0.000000e+00 
| ------------------------------------------------------------------------ 
| 11. IT INVERSION RESULT: line search its = 0 ; F / FINI = 1.29814e-11
| 
| Fold = 2.98096e-11 
|    F = 2.28832e-12
| 
| 1 Diff parameter value = -2.54251e-06
| 
| 1 Parameter value = 2.00000e+00
| -------------------------------------------------------------------------
| LS factor for 1.Parameter = 1.10497e+00
| 
SNES Convergence Reason : Newton computed step size small; || delta x || < stol || x ||
SNES Convergence Reason : ||F|| < atol 
| IOparam->mfit = 5.538656e-12 
| grad=7.155025e-06, aop->CurScal=1.000000e+00 vel-scale =1.000000e+00
| ************************************************************************
|                       COMPUTATION OF THE COST FUNCTION                    
| ************************************************************************
| Current Cost function = 5.5386563163e-12
| ************************************************************************ 
|                       COMPUTATION OF THE GRADIENTS                       
| ************************************************************************ 
| 
| Gradients: 
|                    Parameter             |  Gradient (dimensional)  
|                  -----------------------   ------------------------ 
|  adjoint     1:          rho[ 1]           -7.155025e-06 
| 
| 
| Observation points: 
|                                                    Center values         
|                       Location         |      Target         Value     
|       --------------------------------- --- ------------- ------------- 
| 1   : [    0.600;     0.500;     0.990] PSD   1.35000e+02   1.35000e+02
| 
| AdjointOptimisation: Gradients. [0]=-7.155025e-06, [1]=0.000000e+00 
| - - - - - - - - - - - - - - - - - - - - - - - - - - - 
|               LINE SEARCH IT 1                       
SNES Convergence Reason : ||F|| < atol 
SNES Convergence Reason : ||F|| < atol 
| IOparam->mfit = 1.138619e-15 
| grad=1.025886e-07, aop->CurScal=1.000000e+00 vel-scale =1.000000e+00
| ************************************************************************
|                       COMPUTATION OF THE COST FUNCTION                    
| ************************************************************************
| Current Cost function = 1.1386185884e-15
| ************************************************************************ 
|                       COMPUTATION OF THE GRADIENTS                       
| ************************************************************************ 
| 
| Gradients: 
|                    Parameter             |  Gradient (dimensional)  
|                  -----------------------   ------------------------ 
|  adjoint     1:          rho[ 1]           -1.025886e-07 
| 
| 
| Observation points: 
|                                                    Center values         
|                       Location         |      Target         Value     
|       --------------------------------- --- ------------- ------------- 
| 1   : [    0.600;     0.500;     0.990] PSD   1.35000e+02   1.35000e+02
| 
|    F = 1.138619e-15,  Fold = 2.288324e-12                      
| - - - - - - - - - - - - - - - - - - - - - - - - - - - 
| ------------------------------------------------------------------------ 
| 12. IT INVERSION RESULT: line search its = 1 ; F / FINI = 6.45926e-15
| 
| Fold = 2.28832e-12 
|    F = 1.13862e-15
| 
| 1 Diff parameter value = 2.26714e-08
| 
| 1 Parameter value = 2.00000e+00
| -------------------------------------------------------------------------
| LS factor for 1.Parameter = 4.41986e-01
| 
SNES Convergence Reason : Newton computed step size small; || delta x || < stol || x ||
SNES Convergence Reason : ||F|| < atol 
| IOparam->mfit = 5.343021e-19 
| grad=-2.223707e-09, aop->CurScal=1.000000e+00 vel-scale =1.000000e+00
| ************************************************************************
|                       COMPUTATION OF THE COST FUNCTION                    
| ************************************************************************
| Current Cost function = 5.3430206011e-19
| ************************************************************************ 
|                       COMPUTATION OF THE GRADIENTS                       
| ************************************************************************ 
| 
| Gradients: 
|                    Parameter             |  Gradient (dimensional)  
|                  -----------------------   ------------------------ 
|  adjoint     1:          rho[ 1]            2.223707e-09 
| 
| 
| Observation points: 
|                                                    Center values         
|                       Location         |      Target         Value     
|       --------------------------------- --- ------------- ------------- 
| 1   : [    0.600;     0.500;     0.990] PSD   1.35000e+02   1.35000e+02
| 
| AdjointOptimisation: Gradients. [0]=2.223707e-09, [1]=0.000000e+00 
| ------------------------------------------------------------------------ 
| 13. IT INVERSION RESULT: line search its = 0 ; F / FINI = 3.03104e-18
| 
| Fold = 1.13862e-15 
|    F = 5.34302e-19
| 
| 1 Diff parameter value = -9.82848e-10
| 
| 1 Parameter value = 2.00000e+00
| -------------------------------------------------------------------------
| LS factor for 1.Parameter = 8.83972e-01
| 
| ------------------------------------------------------------------------- 
| *                         INVERSION RESULT SUMMARY                      * 
| ------------------------------------------------------------------------- 
| Number of inversion iterations: 14
| F/Fini:
| 1.00000e+00
| 9.63258e-01
| 8.42119e-01
| 1.44382e-01
| 2.77937e-04
| 1.74146e-08
| 1.72519e-08
| 6.15806e-09
| 2.18949e-09
| 1.69107e-10
| 1.29814e-11
| 6.45926e-15
| 3.03104e-18
| 
| Final cost function:
| 5.34302e-19
| 
| Final Parameters: 
| rho[1] = 2.00000e+00
| ------------------------------------------------------------------------- 
| Adjoint computation was successful & took 4.23132 s                         	 
| ************************************************************************ 
