| ------------------------------------------------------------------------- 
|                                      LaMEM                                
|                        Adjoint Gradient Framework Active                  
| ------------------------------------------------------------------------- 
| Adjoint parameters:  
|    Adjoint mode                             : Gradient descent (or Quasi-Newton) inversion  
|    Use Tao BLMVM (or LaMEM steepest descent): 0    
|    Gradient evaluation points               : several observation points  
|    Advect evaluation points with flow       : 0    
|    Objective function type                  : 0    
|    Objective function defined in input      : 1    
|    Maximum gradient descent iterations      : 200    
|    Maximum linesearch iterations            : 100    
|    Apply bounds                             : 0    
|    Tolerance (F/Fini)                       : 4.60000e-02  
|    Not employing TAO, but instead our build-in gradient algorithm, with the following parameters: 
|     Linesearch factor (successful update)    : 2.00000e+00  
|     Linesearch factor (overstep)             : 2.00000e-01  
|     Maximum linesearch factor                : 1.00000e+30  
|     Scale for initial parameter update       : 1.00000e-01  
|   1 : adjoint          rho[1 ] = 1        ; bnd=[-        ; -        ]   
|   Total number of adjoint gradients      : 1   
|   Total number of FD gradients           : 0   
| 
|   Total number of observation points     : 1   
|       [0.600000,0.500000,0.990000] has target PSD=157.11300
| 
SNES Convergence Reason : ||F|| < atol 
SNES Convergence Reason : ||F|| < atol 
| IOparam->mfit = 4.662541e-02 
| grad=1.889573e-02, aop->CurScal=1.000000e+00 vel-scale =1.000000e+00
| ************************************************************************
|                       COMPUTATION OF THE COST FUNCTION                    
| ************************************************************************
| Current Cost function = 4.6625409327e-02
| ************************************************************************ 
|                       COMPUTATION OF THE GRADIENTS                       
| ************************************************************************ 
| 
| Gradients: 
|                    Parameter             |  Gradient (dimensional)  
|                  -----------------------   ------------------------ 
|  adjoint     1:          rho[ 1]           -1.889573e-02 
| 
| 
| Observation points: 
|                                                    Center values         
|                       Location         |      Target         Value     
|       --------------------------------- --- ------------- ------------- 
| 1   : [    0.600;     0.500;     0.990] PSD   1.57113e+02   1.74609e+02
| 
| AdjointOptimisation: Gradients. [0]=-1.889573e-02, [1]=0.000000e+00 
| ------------------------------------------------------------------------ 
| 1. IT INVERSION RESULT: line search its = 0 ; F / FINI = 1.00000e+00
| 
| Fold = 1.00000e+100 
|    F = 4.66254e-02
| 
| 1 Diff parameter value = 1.00000e-01
| 
| 1 Parameter value = 1.10000e+00
| -------------------------------------------------------------------------
| LS factor for 1.Parameter = 1.05844e+01
| 
SNES Convergence Reason : ||F|| < atol 
SNES Convergence Reason : ||F|| < atol 
| IOparam->mfit = 4.503170e-02 
| grad=1.606651e-02, aop->CurScal=1.000000e+00 vel-scale =1.000000e+00
| ************************************************************************
|                       COMPUTATION OF THE COST FUNCTION                    
| ************************************************************************
| Current Cost function = 4.5031700157e-02
| ************************************************************************ 
|                       COMPUTATION OF THE GRADIENTS                       
| ************************************************************************ 
| 
| Gradients: 
|                    Parameter             |  Gradient (dimensional)  
|                  -----------------------   ------------------------ 
|  adjoint     1:          rho[ 1]           -1.606651e-02 
| 
| 
| Observation points: 
|                                                    Center values         
|                       Location         |      Target         Value     
|       --------------------------------- --- ------------- ------------- 
| 1   : [    0.600;     0.500;     0.990] PSD   1.57113e+02   1.74308e+02
| 
| AdjointOptimisation: Gradients. [0]=-1.606651e-02, [1]=0.000000e+00 
| ------------------------------------------------------------------------ 
| 2. IT INVERSION RESULT: line search its = 0 ; F / FINI = 9.65819e-01
| 
| Fold = 4.66254e-02 
|    F = 4.50317e-02
| 
| 1 Diff parameter value = 1.70054e-01
| 
| 1 Parameter value = 1.10000e+00
| -------------------------------------------------------------------------
| LS factor for 1.Parameter = 2.11688e+01
| 
| ------------------------------------------------------------------------- 
| *                         INVERSION RESULT SUMMARY                      * 
| ------------------------------------------------------------------------- 
| Number of inversion iterations: 3
| F/Fini:
| 1.00000e+00
| 9.65819e-01
| 
| Final cost function:
| 4.50317e-02
| 
| Final Parameters: 
| rho[1] = 1.10000e+00
| ------------------------------------------------------------------------- 
| Adjoint computation was successful & took 14.0308 s                         	 
| ************************************************************************ 
