-------------------------------------------------------------------------- 
                   Lithosphere and Mantle Evolution Model                   
     Compiled: Date: Jan 13 2021 - Time: 16:53:03 	    
-------------------------------------------------------------------------- 
        STAGGERED-GRID FINITE DIFFERENCE CANONICAL IMPLEMENTATION           
-------------------------------------------------------------------------- 
Parsing input file : PlumeLithos_Interaction_3D_Pres.dat 
   Adding PETSc option: -snes_rtol 1e-4
   Adding PETSc option: -snes_atol 1e-3
   Adding PETSc option: -snes_max_it 30
   Adding PETSc option: -snes_PicardSwitchToNewton_rtol 1e-4
   Adding PETSc option: -snes_NewtonSwitchToPicard_it 20
   Adding PETSc option: -js_ksp_type fgmres
   Adding PETSc option: -js_ksp_monitor
   Adding PETSc option: -js_ksp_max_it 20
   Adding PETSc option: -js_ksp_atol 1e-3
   Adding PETSc option: -js_ksp_rtol 1e-4
   Adding PETSc option: -snes_linesearch_type l2
   Adding PETSc option: -snes_linesearch_monitor
   Adding PETSc option: -snes_linesearch_maxstep 10
Finished parsing input file : PlumeLithos_Interaction_3D_Pres.dat 
--------------------------------------------------------------------------
Scaling parameters:
   Temperature : 1000. [C/K] 
   Length      : 100000. [m] 
   Viscosity   : 1e+20 [Pa*s] 
   Stress      : 1e+09 [Pa] 
--------------------------------------------------------------------------
Time stepping parameters:
   Simulation end time          : 100. [Myr] 
   Maximum number of steps      : 3 
   Time step                    : 0.001 [Myr] 
   Minimum time step            : 1e-05 [Myr] 
   Maximum time step            : 1. [Myr] 
   Time step increase factor    : 0.1 
   CFL criterion                : 0.5 
   CFLMAX (fixed time steps)    : 0.8 
   Output every [n] steps       : 10 
   Output [n] initial steps     : 1 
   Save restart every [n] steps : 2000 
--------------------------------------------------------------------------
--------------------------------------------------------------------------
Material parameters: 
--------------------------------------------------------------------------
   Phase ID : 0   
   (dens)   : rho = 3300. [kg/m^3]  
   (diff)   : eta = 1e+22 [Pa*s]  Bd = 5e-23 [1/Pa/s]  
   (temp)   : alpha = 3e-05 [1/K]  Cp = 1e+06 [J/kg/K]  k = 100. [W/m/k]  

   Phase ID : 1   
   (dens)   : rho = 3300. [kg/m^3]  
   (diff)   : eta = 1e+24 [Pa*s]  Bd = 5e-25 [1/Pa/s]  
   (temp)   : alpha = 3e-05 [1/K]  Cp = 1050. [J/kg/K]  k = 3. [W/m/k]  

   Phase ID : 2   
   (dens)   : rho = 3300. [kg/m^3]  
   (diff)   : eta = 1e+23 [Pa*s]  Bd = 5e-24 [1/Pa/s]  
   (temp)   : alpha = 3e-05 [1/K]  Cp = 1050. [J/kg/K]  k = 3. [W/m/k]  

   Phase ID : 3   
   (dens)   : rho = 3300. [kg/m^3]  
   (diff)   : eta = 1e+20 [Pa*s]  Bd = 5e-21 [1/Pa/s]  
   (temp)   : alpha = 3e-05 [1/K]  Cp = 1050. [J/kg/K]  k = 3. [W/m/k]  

   Phase ID : 4   
   (dens)   : rho = 3300. [kg/m^3]  
   (diff)   : eta = 1e+20 [Pa*s]  Bd = 5e-21 [1/Pa/s]  
   (temp)   : alpha = 3e-05 [1/K]  Cp = 1050. [J/kg/K]  k = 3. [W/m/k]  

--------------------------------------------------------------------------
--------------------------------------------------------------------------
Grid parameters:
   Total number of cpu                  : 4 
   Processor grid  [nx, ny, nz]         : [2, 1, 2]
   Fine grid cells [nx, ny, nz]         : [64, 32, 32]
   Number of cells                      :  65536
   Number of faces                      :  201728
   Maximum cell aspect ratio            :  2.00000
   Lower coordinate bounds [bx, by, bz] : [-1400., -1000., -1000.]
   Upper coordinate bounds [ex, ey, ez] : [1400., 1000., 0.]
--------------------------------------------------------------------------
Boundary condition parameters: 
   No-slip boundary mask [lt rt ft bk bm tp]  : 0 0 0 0 0 0 
   Top boundary temperature                   : 0. [C] 
   Bottom boundary temperature                : 1300. [C] 
   Adding plume inflow bottom condition       @ 
      Type of plume                           : 3D 
      Type of velocity perturbation           : Poiseuille flow (and constant outflow) 
      Temperature of plume                    : 1600. [C] 
      Phase of plume                          : 4 
      Inflow velocity                         : 5. [cm/yr] 
      Location of center                      : [0., 0.] [km] 
      Radius of plume                         : 50. [km] 
   Adding inflow velocity at boundary         @ 
      Inflow velocity boundary                : Left 
      Outflow at opposite boundary            @ 
      Inflow phase from next to boundary      @ 
      Inflow window [bottom, top]             : [-100.00,150.00] [km] 
      Inflow velocity                         : 5.00 [cm/yr] 
      Velocity smoothening distance           : 100.00 [km] 
      Inflow temperature from closest marker  @ 
--------------------------------------------------------------------------
Solution parameters & controls:
   Gravity [gx, gy, gz]                    : [0., 0., -10.] [m/s^2] 
   Surface stabilization (FSSA)            :  1. 
   Compute initial guess                   @ 
   Use lithostatic pressure for creep      @ 
   Enforce zero average pressure on top    @ 
   Minimum viscosity                       : 1e+18 [Pa*s] 
   Maximum viscosity                       : 1e+24 [Pa*s] 
   Reference viscosity (initial guess)     : 1e+20 [Pa*s] 
   Max. melt fraction (viscosity, density) : 0.15    
   Rheology iteration number               : 25  
   Rheology iteration tolerance            : 1e-06    
   Ground water level type                 : none 
--------------------------------------------------------------------------
Advection parameters:
   Advection scheme              : Runge-Kutta 2-nd order
   Marker setup scheme           : geometric primitives
   Velocity interpolation scheme : empirical STAGP (STAG + pressure points)
   Marker control type           : subgrid 
   Markers per cell [nx, ny, nz] : [3, 3, 3] 
   Marker distribution type      : random noise
   Background phase ID           : 0 
   Interpolation constant        : 0.666667 
--------------------------------------------------------------------------
Reading geometric primitives ... done (2.04204 sec)
--------------------------------------------------------------------------
Output parameters:
   Output file name                        : PlumeLithosphereInteraction_3D 
   Write .pvd file                         : yes 
   Phase                                   @ 
   Density                                 @ 
   Total effective viscosity               @ 
   Creep effective viscosity               @ 
   Velocity                                @ 
   Pressure                                @ 
   Total Pressure                          @ 
   Temperature                             @ 
   Deviatoric stress tensor                @ 
   Deviatoric stress second invariant      @ 
   Deviatoric strain rate tensor           @ 
   Deviatoric strain rate second invariant @ 
   Yield stress                            @ 
   Accumulated Plastic Strain (APS)        @ 
   Plastic dissipation                     @ 
   Total displacements                     @ 
   Momentum residual                       @ 
   Continuity residual                     @ 
--------------------------------------------------------------------------
AVD output parameters:
   Write .pvd file       : yes 
   AVD refinement factor : 3 
--------------------------------------------------------------------------
Preconditioner parameters: 
   Matrix type                   : monolithic
   Preconditioner type           : coupled Galerkin geometric multigrid
   Global coarse grid [nx,ny,nz] : [16, 8, 8]
   Local coarse grid  [nx,ny,nz] : [8, 8, 4]
   Number of multigrid levels    :  3
--------------------------------------------------------------------------
Solver parameters specified: 
   Outermost Krylov solver       : fgmres 
   Solver type                   : multigrid 
   Multigrid smoother levels KSP : chebyshev 
   Multigrid smoother levels PC  : sor 
   Number of smoothening steps   : 10 
   Coarse level KSP              : preonly 
   Coarse level PC               : lu 
   Coarse level solver package   : (null) 
--------------------------------------------------------------------------
Initializing pressure with lithostatic pressure ... done (0.0161912 sec)
--------------------------------------------------------------------------
============================== INITIAL GUESS =============================
--------------------------------------------------------------------------
  0 SNES Function norm 7.998513713821e+02 
  0 PICARD ||F||/||F0||=1.000000e+00 
    Residual norms for js_ solve.
    0 KSP Residual norm 7.998513713821e+02 
    1 KSP Residual norm 6.261290781580e+02 
    2 KSP Residual norm 1.214824918319e+02 
    3 KSP Residual norm 7.515886526212e+00 
    4 KSP Residual norm 3.495088704578e+00 
    5 KSP Residual norm 3.915270432352e-01 
    6 KSP Residual norm 7.530252454914e-02 
  Linear js_ solve converged due to CONVERGED_RTOL iterations 6
      Line search: lambdas = [1., 0.5, 0.], fnorms = [0.0753025, 399.926, 799.851]
      Line search terminated: lambda = 1., fnorms = 0.0753025
  1 SNES Function norm 7.530252454917e-02 
--------------------------------------------------------------------------
SNES Convergence Reason : ||F|| < rtol*||F_initial|| 
Number of iterations    : 1
SNES solution time      : 7.33336 (sec)
--------------------------------------------------------------------------
Residual summary: 
   Continuity: 
      |Div|_inf = 3.542118939737e-03 
      |Div|_2   = 7.029361277274e-02 
   Momentum: 
      |mRes|_2  = 2.700515148696e-02 
--------------------------------------------------------------------------
Saving output ... done (1.77583 sec)
--------------------------------------------------------------------------
================================= STEP 1 =================================
--------------------------------------------------------------------------
Current time        : 0.00000000 [Myr] 
Tentative time step : 0.00100000 [Myr] 
--------------------------------------------------------------------------
  0 SNES Function norm 1.849517501889e+02 
  0 PICARD ||F||/||F0||=1.000000e+00 
    Residual norms for js_ solve.
    0 KSP Residual norm 1.849517501889e+02 
    1 KSP Residual norm 1.447030653240e+00 
    2 KSP Residual norm 8.899349533355e-02 
    3 KSP Residual norm 2.057590710077e-02 
    4 KSP Residual norm 1.112426695412e-02 
  Linear js_ solve converged due to CONVERGED_RTOL iterations 4
      Line search: lambdas = [1., 0.5, 0.], fnorms = [0.0111243, 92.4759, 184.952]
      Line search terminated: lambda = 1., fnorms = 0.0111243
  1 SNES Function norm 1.112426695421e-02 
--------------------------------------------------------------------------
SNES Convergence Reason : ||F|| < rtol*||F_initial|| 
Number of iterations    : 1
SNES solution time      : 2.48131 (sec)
--------------------------------------------------------------------------
Residual summary: 
   Continuity: 
      |Div|_inf = 1.589153889292e-04 
      |Div|_2   = 8.878084148541e-03 
   Momentum: 
      |mRes|_2  = 6.702905125385e-03 
--------------------------------------------------------------------------
Actual time step : 0.00110 [Myr] 
--------------------------------------------------------------------------
Performing marker control (subgrid algorithm)
Marker control [0]: (subgrid) cloned 222 markers and merged 223 markers in 7.2732e-02 s
--------------------------------------------------------------------------
Saving output ... done (1.00808 sec)
--------------------------------------------------------------------------
================================= STEP 2 =================================
--------------------------------------------------------------------------
Current time        : 0.00110000 [Myr] 
Tentative time step : 0.00110000 [Myr] 
--------------------------------------------------------------------------
  0 SNES Function norm 7.407693618032e-02 
  0 PICARD ||F||/||F0||=1.000000e+00 
    Residual norms for js_ solve.
    0 KSP Residual norm 7.407693618032e-02 
    1 KSP Residual norm 1.610040595859e-02 
    2 KSP Residual norm 5.792133050725e-03 
    3 KSP Residual norm 1.840069103215e-03 
    4 KSP Residual norm 9.136201374773e-04 
  Linear js_ solve converged due to CONVERGED_ATOL iterations 4
      Line search: lambdas = [1., 0.5, 0.], fnorms = [0.00091362, 0.0370469, 0.0740769]
      Line search terminated: lambda = 1., fnorms = 0.00091362
  1 SNES Function norm 9.136201374785e-04 
--------------------------------------------------------------------------
SNES Convergence Reason : ||F|| < atol 
Number of iterations    : 1
SNES solution time      : 2.50911 (sec)
--------------------------------------------------------------------------
Residual summary: 
   Continuity: 
      |Div|_inf = 2.307688820324e-04 
      |Div|_2   = 7.610522074058e-04 
   Momentum: 
      |mRes|_2  = 5.054713574566e-04 
--------------------------------------------------------------------------
Actual time step : 0.00121 [Myr] 
--------------------------------------------------------------------------
Performing marker control (subgrid algorithm)
Marker control [0]: (subgrid) cloned 534 markers and merged 533 markers in 7.3785e-02 s
--------------------------------------------------------------------------
================================= STEP 3 =================================
--------------------------------------------------------------------------
Current time        : 0.00231000 [Myr] 
Tentative time step : 0.00121000 [Myr] 
--------------------------------------------------------------------------
  0 SNES Function norm 1.488030628936e-01 
  0 PICARD ||F||/||F0||=1.000000e+00 
    Residual norms for js_ solve.
    0 KSP Residual norm 1.488030628936e-01 
    1 KSP Residual norm 2.508759675061e-03 
    2 KSP Residual norm 1.170789312723e-03 
    3 KSP Residual norm 3.887903028823e-04 
  Linear js_ solve converged due to CONVERGED_ATOL iterations 3
      Line search: lambdas = [1., 0.5, 0.], fnorms = [0.00038879, 0.0744023, 0.148803]
      Line search terminated: lambda = 1., fnorms = 0.00038879
  1 SNES Function norm 3.887903028828e-04 
--------------------------------------------------------------------------
SNES Convergence Reason : ||F|| < atol 
Number of iterations    : 1
SNES solution time      : 2.15922 (sec)
--------------------------------------------------------------------------
Residual summary: 
   Continuity: 
      |Div|_inf = 9.144029255668e-05 
      |Div|_2   = 3.498829032490e-04 
   Momentum: 
      |mRes|_2  = 1.695283269244e-04 
--------------------------------------------------------------------------
Actual time step : 0.00133 [Myr] 
--------------------------------------------------------------------------
Performing marker control (subgrid algorithm)
Marker control [0]: (subgrid) cloned 589 markers and merged 586 markers in 7.4016e-02 s
--------------------------------------------------------------------------
=========================== SOLUTION IS DONE! ============================
--------------------------------------------------------------------------
Total solution time : 27.6918 (sec) 
--------------------------------------------------------------------------
