-------------------------------------------------------------------------- 
                   Lithosphere and Mantle Evolution Model                   
     Compiled: Date: Mar  3 2022 - Time: 16:55:02 	    
-------------------------------------------------------------------------- 
        STAGGERED-GRID FINITE DIFFERENCE CANONICAL IMPLEMENTATION           
-------------------------------------------------------------------------- 
Parsing input file : ./t17_InflowOutflow/PlumeLithos_Interaction_3D.dat 
   Adding PETSc option: -snes_rtol 1e-4
   Adding PETSc option: -snes_atol 1e-3
   Adding PETSc option: -snes_max_it 30
   Adding PETSc option: -snes_PicardSwitchToNewton_rtol 1e-4
   Adding PETSc option: -snes_NewtonSwitchToPicard_it 20
   Adding PETSc option: -js_ksp_type fgmres
   Adding PETSc option: -js_ksp_monitor
   Adding PETSc option: -js_ksp_max_it 20
   Adding PETSc option: -js_ksp_atol 1e-3
   Adding PETSc option: -js_ksp_rtol 1e-4
   Adding PETSc option: -snes_linesearch_type l2
   Adding PETSc option: -snes_linesearch_monitor
   Adding PETSc option: -snes_linesearch_maxstep 10
Finished parsing input file : ./t17_InflowOutflow/PlumeLithos_Interaction_3D.dat 
--------------------------------------------------------------------------
Scaling parameters:
   Temperature : 1000. [C/K] 
   Length      : 100000. [m] 
   Viscosity   : 1e+20 [Pa*s] 
   Stress      : 1e+09 [Pa] 
--------------------------------------------------------------------------
Time stepping parameters:
   Simulation end time          : 100. [Myr] 
   Maximum number of steps      : 3 
   Time step                    : 0.001 [Myr] 
   Minimum time step            : 1e-05 [Myr] 
   Maximum time step            : 1. [Myr] 
   Time step increase factor    : 0.1 
   CFL criterion                : 0.5 
   CFLMAX (fixed time steps)    : 0.8 
   Output every [n] steps       : 10 
   Output [n] initial steps     : 1 
   Save restart every [n] steps : 2000 
--------------------------------------------------------------------------
--------------------------------------------------------------------------
Material parameters: 
--------------------------------------------------------------------------
   Phase ID : 0   
   (dens)   : rho = 3300. [kg/m^3]  
   (diff)   : eta = 1e+22 [Pa*s]  Bd = 5e-23 [1/Pa/s]  
   (temp)   : alpha = 3e-05 [1/K]  Cp = 1e+06 [J/kg/K]  k = 100. [W/m/k]  

   Phase ID : 1   
   (dens)   : rho = 3300. [kg/m^3]  
   (diff)   : eta = 1e+24 [Pa*s]  Bd = 5e-25 [1/Pa/s]  
   (temp)   : alpha = 3e-05 [1/K]  Cp = 1050. [J/kg/K]  k = 3. [W/m/k]  

   Phase ID : 2   
   (dens)   : rho = 3300. [kg/m^3]  
   (diff)   : eta = 1e+23 [Pa*s]  Bd = 5e-24 [1/Pa/s]  
   (temp)   : alpha = 3e-05 [1/K]  Cp = 1050. [J/kg/K]  k = 3. [W/m/k]  

   Phase ID : 3   
   (dens)   : rho = 3300. [kg/m^3]  
   (diff)   : eta = 1e+20 [Pa*s]  Bd = 5e-21 [1/Pa/s]  
   (temp)   : alpha = 3e-05 [1/K]  Cp = 1050. [J/kg/K]  k = 3. [W/m/k]  

   Phase ID : 4   
   (dens)   : rho = 3300. [kg/m^3]  
   (diff)   : eta = 1e+20 [Pa*s]  Bd = 5e-21 [1/Pa/s]  
   (temp)   : alpha = 3e-05 [1/K]  Cp = 1050. [J/kg/K]  k = 3. [W/m/k]  

--------------------------------------------------------------------------
--------------------------------------------------------------------------
Grid parameters:
   Total number of cpu                  : 1 
   Processor grid  [nx, ny, nz]         : [1, 1, 1]
   Fine grid cells [nx, ny, nz]         : [64, 32, 32]
   Number of cells                      :  65536
   Number of faces                      :  201728
   Maximum cell aspect ratio            :  2.00000
   Lower coordinate bounds [bx, by, bz] : [-1400., -1000., -1000.]
   Upper coordinate bounds [ex, ey, ez] : [1400., 1000., 0.]
--------------------------------------------------------------------------
Boundary condition parameters: 
   No-slip boundary mask [lt rt ft bk bm tp]  : 0 0 0 0 0 0 
   Top boundary temperature                   : 0. [C] 
   Bottom boundary temperature                : 1300. [C] 
   Adding plume inflow bottom condition       @ 
      Type of plume                           : Inflow 
      Type of velocity perturbation           : Poiseuille flow (and constant outflow) 
      Temperature of plume                    : 1600. [C] 
      Phase of plume                          : 4 
      Inflow velocity                         : 5. [cm/yr] 
      Location of center                      : [0., 0.] [km] 
      Radius of plume                         : 50. [km] 
   Adding inflow velocity at boundary         @ 
      Inflow velocity boundary                : Left 
      Outflow at opposite boundary            @ 
      Inflow phase from next to boundary      @ 
      Inflow window [bottom, top]             : [-100.00,150.00] [km] 
      Inflow velocity                         : 5.00 [cm/yr] 
      Velocity smoothening distance           : 100.00 [km] 
      Inflow temperature from closest marker  @ 
--------------------------------------------------------------------------
Solution parameters & controls:
   Gravity [gx, gy, gz]                    : [0., 0., -10.] [m/s^2] 
   Surface stabilization (FSSA)            :  1. 
   Compute initial guess                   @ 
   Use lithostatic pressure for creep      @ 
   Enforce zero average pressure on top    @ 
   Minimum viscosity                       : 1e+18 [Pa*s] 
   Maximum viscosity                       : 1e+24 [Pa*s] 
   Reference viscosity (initial guess)     : 1e+20 [Pa*s] 
   Max. melt fraction (viscosity, density) : 0.15    
   Rheology iteration number               : 25  
   Rheology iteration tolerance            : 1e-06    
   Ground water level type                 : none 
--------------------------------------------------------------------------
Advection parameters:
   Advection scheme              : Runge-Kutta 2-nd order
   Marker setup scheme           : geometric primitives
   Velocity interpolation scheme : empirical STAGP (STAG + pressure points)
   Marker control type           : subgrid 
   Markers per cell [nx, ny, nz] : [3, 3, 3] 
   Marker distribution type      : random noise
   Background phase ID           : 0 
   Interpolation constant        : 0.666667 
--------------------------------------------------------------------------
Reading geometric primitives ... done (0.138519 sec)
--------------------------------------------------------------------------
Output parameters:
   Output file name                        : PlumeLithosphereInteraction_3D 
   Write .pvd file                         : yes 
   Phase                                   @ 
   Density                                 @ 
   Total effective viscosity               @ 
   Creep effective viscosity               @ 
   Velocity                                @ 
   Pressure                                @ 
   Total Pressure                          @ 
   Temperature                             @ 
   Deviatoric stress tensor                @ 
   Deviatoric stress second invariant      @ 
   Deviatoric strain rate tensor           @ 
   Deviatoric strain rate second invariant @ 
   Yield stress                            @ 
   Accumulated Plastic Strain (APS)        @ 
   Plastic dissipation                     @ 
   Total displacements                     @ 
   Momentum residual                       @ 
   Continuity residual                     @ 
--------------------------------------------------------------------------
AVD output parameters:
   Write .pvd file       : yes 
   AVD refinement factor : 3 
--------------------------------------------------------------------------
Preconditioner parameters: 
   Matrix type                   : monolithic
   Preconditioner type           : coupled Galerkin geometric multigrid
   Global coarse grid [nx,ny,nz] : [16, 8, 8]
   Local coarse grid  [nx,ny,nz] : [16, 8, 8]
   Number of multigrid levels    :  3
--------------------------------------------------------------------------
Solver parameters specified: 
   Outermost Krylov solver       : fgmres 
   Solver type                   : multigrid 
   Multigrid smoother levels KSP : chebyshev 
   Multigrid smoother levels PC  : sor 
   Number of smoothening steps   : 10 
   Coarse level KSP              : preonly 
   Coarse level PC               : lu 
   Coarse level solver package   : (null) 
--------------------------------------------------------------------------
Initializing pressure with lithostatic pressure ... done (0.0201209 sec)
--------------------------------------------------------------------------
============================== INITIAL GUESS =============================
--------------------------------------------------------------------------
  0 SNES Function norm 7.998517511751e+02 
  0 PICARD ||F||/||F0||=1.000000e+00 
    Residual norms for js_ solve.
    0 KSP Residual norm 7.998517511751e+02 
    1 KSP Residual norm 6.258609217775e+02 
    2 KSP Residual norm 2.794799411281e+01 
    3 KSP Residual norm 1.219255850618e+00 
    4 KSP Residual norm 1.802008449276e-01 
    5 KSP Residual norm 1.155036726363e-03 
  Linear js_ solve converged due to CONVERGED_RTOL iterations 5
      Line search: lambdas = [1., 0.5, 0.], fnorms = [0.00115504, 399.926, 799.852]
      Line search terminated: lambda = 1., fnorms = 0.00115504
  1 SNES Function norm 1.155036726380e-03 
--------------------------------------------------------------------------
SNES Convergence Reason : ||F|| < rtol*||F_initial|| 
Number of iterations    : 1
SNES solution time      : 7.50424 (sec)
--------------------------------------------------------------------------
Residual summary: 
   Continuity: 
      |Div|_inf = 1.797963464275e-05 
      |Div|_2   = 9.619664446554e-04 
   Momentum: 
      |mRes|_2  = 6.393202629698e-04 
--------------------------------------------------------------------------
Saving output ... done (1.07491 sec)
--------------------------------------------------------------------------
================================= STEP 1 =================================
--------------------------------------------------------------------------
Current time        : 0.00000000 [Myr] 
Tentative time step : 0.00100000 [Myr] 
--------------------------------------------------------------------------
  0 SNES Function norm 7.796763271734e+01 
  0 PICARD ||F||/||F0||=1.000000e+00 
    Residual norms for js_ solve.
    0 KSP Residual norm 7.796763271734e+01 
    1 KSP Residual norm 1.179703457171e+00 
    2 KSP Residual norm 5.672803895358e-02 
    3 KSP Residual norm 1.777756244613e-02 
    4 KSP Residual norm 8.896593198371e-03 
    5 KSP Residual norm 2.846720640885e-03 
  Linear js_ solve converged due to CONVERGED_RTOL iterations 5
      Line search: lambdas = [1., 0.5, 0.], fnorms = [0.00284672, 38.9838, 77.9676]
      Line search terminated: lambda = 1., fnorms = 0.00284672
  1 SNES Function norm 2.846720640861e-03 
--------------------------------------------------------------------------
SNES Convergence Reason : ||F|| < rtol*||F_initial|| 
Number of iterations    : 1
SNES solution time      : 7.4711 (sec)
--------------------------------------------------------------------------
Residual summary: 
   Continuity: 
      |Div|_inf = 9.555355161726e-05 
      |Div|_2   = 2.215248662131e-03 
   Momentum: 
      |mRes|_2  = 1.787873533568e-03 
--------------------------------------------------------------------------
Actual time step : 0.00110 [Myr] 
--------------------------------------------------------------------------
Performing marker control (subgrid algorithm)
Marker control [0]: (subgrid) cloned 2973 markers and merged 2916 markers in 9.0727e-02 s
--------------------------------------------------------------------------
Saving output ... done (1.10061 sec)
--------------------------------------------------------------------------
================================= STEP 2 =================================
--------------------------------------------------------------------------
Current time        : 0.00110000 [Myr] 
Tentative time step : 0.00110000 [Myr] 
--------------------------------------------------------------------------
  0 SNES Function norm 1.703755484322e-01 
  0 PICARD ||F||/||F0||=1.000000e+00 
    Residual norms for js_ solve.
    0 KSP Residual norm 1.703755484322e-01 
    1 KSP Residual norm 1.667900234848e-02 
    2 KSP Residual norm 1.271245736211e-03 
    3 KSP Residual norm 5.614441003954e-04 
  Linear js_ solve converged due to CONVERGED_ATOL iterations 3
      Line search: lambdas = [1., 0.5, 0.], fnorms = [0.000561444, 0.0851892, 0.170376]
      Line search terminated: lambda = 1., fnorms = 0.000561444
  1 SNES Function norm 5.614441003959e-04 
--------------------------------------------------------------------------
SNES Convergence Reason : ||F|| < atol 
Number of iterations    : 1
SNES solution time      : 6.68896 (sec)
--------------------------------------------------------------------------
Residual summary: 
   Continuity: 
      |Div|_inf = 3.520146438861e-05 
      |Div|_2   = 4.286722432901e-04 
   Momentum: 
      |mRes|_2  = 3.625735590221e-04 
--------------------------------------------------------------------------
Actual time step : 0.00121 [Myr] 
--------------------------------------------------------------------------
Performing marker control (subgrid algorithm)
Marker control [0]: (subgrid) cloned 3115 markers and merged 3066 markers in 1.0292e-01 s
--------------------------------------------------------------------------
================================= STEP 3 =================================
--------------------------------------------------------------------------
Current time        : 0.00231000 [Myr] 
Tentative time step : 0.00121000 [Myr] 
--------------------------------------------------------------------------
  0 SNES Function norm 1.451589386644e-01 
  0 PICARD ||F||/||F0||=1.000000e+00 
    Residual norms for js_ solve.
    0 KSP Residual norm 1.451589386644e-01 
    1 KSP Residual norm 1.916025013035e-03 
    2 KSP Residual norm 4.962025167585e-04 
  Linear js_ solve converged due to CONVERGED_ATOL iterations 2
      Line search: lambdas = [1., 0.5, 0.], fnorms = [0.000496203, 0.0725807, 0.145159]
      Line search terminated: lambda = 1., fnorms = 0.000496203
  1 SNES Function norm 4.962025167588e-04 
--------------------------------------------------------------------------
SNES Convergence Reason : ||F|| < atol 
Number of iterations    : 1
SNES solution time      : 6.32645 (sec)
--------------------------------------------------------------------------
Residual summary: 
   Continuity: 
      |Div|_inf = 1.338473362176e-04 
      |Div|_2   = 4.890579162417e-04 
   Momentum: 
      |mRes|_2  = 8.390048986205e-05 
--------------------------------------------------------------------------
Actual time step : 0.00133 [Myr] 
--------------------------------------------------------------------------
Performing marker control (subgrid algorithm)
Marker control [0]: (subgrid) cloned 3566 markers and merged 3516 markers in 9.3330e-02 s
--------------------------------------------------------------------------
=========================== SOLUTION IS DONE! ============================
--------------------------------------------------------------------------
Total solution time : 35.0075 (sec) 
--------------------------------------------------------------------------
