-------------------------------------------------------------------------- 
                   Lithosphere and Mantle Evolution Model                   
     Compiled: Date: Nov  5 2020 - Time: 11:35:43 	    
-------------------------------------------------------------------------- 
        STAGGERED-GRID FINITE DIFFERENCE CANONICAL IMPLEMENTATION           
-------------------------------------------------------------------------- 
Parsing input file : ./SubductionWithParticles/Subduction2D_FreeSurface_Particles_Nonlinear_DirectSolver.dat 
   Adding PETSc option: -snes_ksp_ew
   Adding PETSc option: -snes_ksp_ew_rtolmax 1e-4
   Adding PETSc option: -snes_rtol 1e-3
   Adding PETSc option: -snes_atol 1e-4
   Adding PETSc option: -snes_max_it 200
   Adding PETSc option: -snes_PicardSwitchToNewton_rtol 5e-2
   Adding PETSc option: -snes_NewtonSwitchToPicard_it 20
   Adding PETSc option: -js_ksp_monitor
Finished parsing input file : ./SubductionWithParticles/Subduction2D_FreeSurface_Particles_Nonlinear_DirectSolver.dat 
--------------------------------------------------------------------------
Scaling parameters:
   Temperature : 1000. [C/K] 
   Length      : 10000. [m] 
   Viscosity   : 1e+21 [Pa*s] 
   Stress      : 1e+08 [Pa] 
--------------------------------------------------------------------------
Time stepping parameters:
   Simulation end time          : 100. [Myr] 
   Maximum number of steps      : 2 
   Time step                    : 0.001 [Myr] 
   Minimum time step            : 1e-05 [Myr] 
   Maximum time step            : 0.1 [Myr] 
   Time step increase factor    : 0.1 
   CFL criterion                : 0.5 
   CFLMAX (fixed time steps)    : 0.9 
   Output every [n] steps       : 5 
   Output [n] initial steps     : 1 
   Save restart every [n] steps : 100 
--------------------------------------------------------------------------
Softening laws: 
--------------------------------------------------------------------------
   SoftLaw [0] : A = 0.9, APS1 = 0.01, APS2 = 0.1
--------------------------------------------------------------------------
Material parameters: 
--------------------------------------------------------------------------
   Phase ID : 0
   (dens)   : rho = 1000. [kg/m^3]  
   (diff)   : eta = 1e+18 [Pa*s]  Bd = 5e-19 [1/Pa/s]  
   (temp)   : alpha = 3e-05 [1/K]  Cp = 1e+06 [J/kg/K]  k = 100. [W/m/k]  

   Phase ID : 1
   diffusion creep profile  : Dry_Olivine_diff_creep-Hirth_Kohlstedt_2003
   dislocation creep profile: Dry_Olivine_disl_creep-Hirth_Kohlstedt_2003
   (dens)   : rho = 3200. [kg/m^3]  
   (elast)  : G = 5e+10 [Pa]  Vs = 3952.85 [m/s]  
   (diff)   : Bd = 1.5e-09 [1/Pa/s]  Ed = 375000. [J/mol]  Vd = 5e-06 [m^3/mol]  
   (disl)   : Bn = 6.22254e-16 [1/Pa^n/s]  En = 530000. [J/mol]  Vn = 5e-06 [m^3/mol]  n = 3.5 [ ]  
   (plast)  : ch = 1e+07 [Pa]  fr = 30. [deg]  
   (temp)   : alpha = 3e-05 [1/K]  Cp = 1050. [J/kg/K]  k = 3. [W/m/k]  

   Phase ID : 2
   dislocation creep profile: Maryland_strong_diabase-Mackwell_et_al_1998
   (dens)   : rho = 2900. [kg/m^3]  
   (elast)  : G = 5e+10 [Pa]  Vs = 4152.27 [m/s]  
   (disl)   : Bn = 5.77904e-27 [1/Pa^n/s]  En = 485000. [J/mol]  n = 4.7 [ ]  
   (plast)  : ch = 1e+07 [Pa]  fr = 10. [deg]  frSoftID = 0 chSoftID = 0 
   (temp)   : alpha = 3e-05 [1/K]  Cp = 1050. [J/kg/K]  k = 3. [W/m/k]  

   Phase ID : 3
   diffusion creep profile  : Dry_Olivine_diff_creep-Hirth_Kohlstedt_2003
   dislocation creep profile: Dry_Olivine_disl_creep-Hirth_Kohlstedt_2003
   (dens)   : rho = 3200. [kg/m^3]  
   (elast)  : G = 5e+10 [Pa]  Vs = 3952.85 [m/s]  
   (diff)   : Bd = 1.5e-09 [1/Pa/s]  Ed = 375000. [J/mol]  Vd = 8e-06 [m^3/mol]  
   (disl)   : Bn = 6.22254e-16 [1/Pa^n/s]  En = 530000. [J/mol]  Vn = 8e-06 [m^3/mol]  n = 3.5 [ ]  
   (plast)  : ch = 1e+07 [Pa]  fr = 30. [deg]  
   (temp)   : alpha = 3e-05 [1/K]  Cp = 1050. [J/kg/K]  k = 3. [W/m/k]  

--------------------------------------------------------------------------
--------------------------------------------------------------------------
Grid parameters:
   Total number of cpu                  : 1 
   Processor grid  [nx, ny, nz]         : [1, 1, 1]
   Fine grid cells [nx, ny, nz]         : [256, 1, 64]
   Number of cells                      :  16384
   Number of faces                      :  65856
   Maximum cell aspect ratio            :  1.82857
   Lower coordinate bounds [bx, by, bz] : [-1500., -10., -660.]
   Upper coordinate bounds [ex, ey, ez] : [1500., 10., 40.]
--------------------------------------------------------------------------
Free surface parameters: 
   Sticky air phase ID       : 0 
   Initial surface level     : 0. [km] 
   Erosion model             : none
   Sedimentation model       : none
   Correct marker phases     @ 
   Maximum surface slope     : 10. [deg]
--------------------------------------------------------------------------
Boundary condition parameters: 
   No-slip boundary mask [lt rt ft bk bm tp]  : 0 0 0 0 1 0 
   Open top boundary                          @ 
   Top boundary temperature                   : 0. [C] 
   Bottom boundary temperature                : 1350. [C] 
--------------------------------------------------------------------------
Solution parameters & controls:
   Gravity [gx, gy, gz]                    : [0., 0., -9.81] [m/s^2] 
   Surface stabilization (FSSA)            :  1. 
   Compute initial guess                   @ 
   Use lithostatic pressure for creep      @ 
   Limit pressure at first iteration       @ 
   Minimum viscosity                       : 1e+19 [Pa*s] 
   Maximum viscosity                       : 1e+23 [Pa*s] 
   Reference viscosity (initial guess)     : 1e+21 [Pa*s] 
   Universal gas constant                  : 8.31446 [J/mol/K] 
   Minimum cohesion                        : 100000. [Pa] 
   Ultimate yield stress                   : 5e+08 [Pa] 
   Maximum melt fraction (viscosity)       : 0.15    
   Rheology iteration number               : 25  
   Rheology iteration tolerance            : 1e-06    
   Ground water level type                 : none 
--------------------------------------------------------------------------
Advection parameters:
   Advection scheme              : Runge-Kutta 2-nd order
   Marker setup scheme           : binary files (MATLAB)
   Velocity interpolation scheme : MINMOD (correction + MINMOD)
   Marker control type           : AVD for cells + corner insertion
   Markers per cell [nx, ny, nz] : [3, 3, 3] 
   Marker distribution type      : random noise
--------------------------------------------------------------------------
Loading markers in parallel from file(s) <./markers/mdb> ... done (0.051697 sec)
--------------------------------------------------------------------------
Output parameters:
   Output file name                        : Subduction2D_FreeSurface_direct 
   Write .pvd file                         : yes 
   Phase                                   @ 
   Density                                 @ 
   Total effective viscosity               @ 
   Creep effective viscosity               @ 
   Velocity                                @ 
   Pressure                                @ 
   Temperature                             @ 
   Deviatoric stress tensor                @ 
   Deviatoric stress second invariant      @ 
   Deviatoric strain rate tensor           @ 
   Deviatoric strain rate second invariant @ 
   Yield stress                            @ 
   Accumulated Plastic Strain (APS)        @ 
   Plastic dissipation                     @ 
   Total displacements                     @ 
   Momentum residual                       @ 
   Continuity residual                     @ 
--------------------------------------------------------------------------
Surface output parameters:
   Write .pvd file : yes 
   Velocity        @ 
   Topography      @ 
   Amplitude       @ 
--------------------------------------------------------------------------
AVD output parameters:
   Write .pvd file       : yes 
   AVD refinement factor : 3 
--------------------------------------------------------------------------
Preconditioner parameters: 
   Matrix type                   : monolithic
   Penalty parameter (pgamma)    : 1.000000e+05
   Preconditioner type           : user-defined
--------------------------------------------------------------------------
Solver parameters specified: 
   Outermost Krylov solver       : gmres 
   Solver type                   : serial direct/lu 
   Solver package                : petsc 
--------------------------------------------------------------------------
============================== INITIAL GUESS =============================
--------------------------------------------------------------------------
  0 SNES Function norm 3.737332133132e+02 
  0 PICARD ||F||/||F0||=1.000000e+00 
    Residual norms for js_ solve.
    0 KSP Residual norm 1.470510982778e+04 
    1 KSP Residual norm 6.537097060634e+00 
    2 KSP Residual norm 5.457733731546e-06 
  Linear js_ solve converged due to CONVERGED_RTOL iterations 2
  1 SNES Function norm 3.987330928964e-07 
--------------------------------------------------------------------------
SNES Convergence Reason : ||F|| < atol 
Number of iterations    : 1
SNES solution time      : 0.54235 (sec)
--------------------------------------------------------------------------
Residual summary: 
   Continuity: 
      |Div|_inf = 6.180107233258e-09 
      |Div|_2   = 3.987183368015e-07 
   Momentum: 
      |mRes|_2  = 3.430345319784e-09 
--------------------------------------------------------------------------
Saving output ... done (0.438009 sec)
--------------------------------------------------------------------------
================================= STEP 1 =================================
--------------------------------------------------------------------------
Current time        : 0.00000 [Myr] 
Tentative time step : 0.00100 [Myr] 
--------------------------------------------------------------------------
  0 SNES Function norm 8.406169524287e-01 
  0 PICARD ||F||/||F0||=1.000000e+00 
    Residual norms for js_ solve.
    0 KSP Residual norm 3.569514549481e+02 
    1 KSP Residual norm 2.298009010429e-03 
  Linear js_ solve converged due to CONVERGED_RTOL iterations 1
  1 SNES Function norm 4.744500486248e-01 
  1 PICARD ||F||/||F0||=5.644069e-01 
    Residual norms for js_ solve.
    0 KSP Residual norm 3.283037318601e+02 
    1 KSP Residual norm 1.372559304933e-02 
  Linear js_ solve converged due to CONVERGED_RTOL iterations 1
  2 SNES Function norm 3.700246699821e-01 
  2 PICARD ||F||/||F0||=4.401823e-01 
    Residual norms for js_ solve.
    0 KSP Residual norm 1.187482551075e+02 
    1 KSP Residual norm 6.145158784143e-03 
  Linear js_ solve converged due to CONVERGED_RTOL iterations 1
  3 SNES Function norm 1.695488224239e-01 
  3 PICARD ||F||/||F0||=2.016957e-01 
    Residual norms for js_ solve.
    0 KSP Residual norm 3.184242888424e+01 
    1 KSP Residual norm 1.669595299077e-03 
  Linear js_ solve converged due to CONVERGED_RTOL iterations 1
  4 SNES Function norm 6.211153971196e-02 
  4 PICARD ||F||/||F0||=7.388804e-02 
    Residual norms for js_ solve.
    0 KSP Residual norm 8.650048935484e+00 
    1 KSP Residual norm 4.407168068821e-04 
  Linear js_ solve converged due to CONVERGED_RTOL iterations 1
  5 SNES Function norm 2.165473133182e-02 
  5 MMFD   ||F||/||F0||=2.576052e-02 
    Residual norms for js_ solve.
    0 KSP Residual norm 2.658004268098e+00 
    1 KSP Residual norm 3.181764989429e-01 
    2 KSP Residual norm 3.799864112170e-02 
    3 KSP Residual norm 7.504461139619e-03 
    4 KSP Residual norm 2.104174652965e-03 
    5 KSP Residual norm 4.449860780629e-04 
    6 KSP Residual norm 1.013586046952e-04 
  Linear js_ solve converged due to CONVERGED_RTOL iterations 6
  6 SNES Function norm 7.187064539775e-03 
  6 MMFD   ||F||/||F0||=8.549750e-03 
    Residual norms for js_ solve.
    0 KSP Residual norm 8.640361828840e-03 
    1 KSP Residual norm 2.650555848689e-03 
    2 KSP Residual norm 7.049128993759e-04 
    3 KSP Residual norm 1.633378699271e-04 
    4 KSP Residual norm 5.536875142135e-05 
    5 KSP Residual norm 1.298635276593e-05 
    6 KSP Residual norm 3.354504594568e-06 
    7 KSP Residual norm 8.033664317341e-07 
  Linear js_ solve converged due to CONVERGED_RTOL iterations 7
  7 SNES Function norm 1.435018242763e-03 
  7 MMFD   ||F||/||F0||=1.707101e-03 
    Residual norms for js_ solve.
    0 KSP Residual norm 1.731874130569e-03 
    1 KSP Residual norm 2.582156195026e-04 
    2 KSP Residual norm 8.545517934380e-05 
    3 KSP Residual norm 2.755104172022e-05 
    4 KSP Residual norm 6.932589824358e-06 
    5 KSP Residual norm 1.508422987403e-06 
    6 KSP Residual norm 3.764081891417e-07 
    7 KSP Residual norm 1.109166330781e-07 
  Linear js_ solve converged due to CONVERGED_RTOL iterations 7
  8 SNES Function norm 1.631366278234e-04 
--------------------------------------------------------------------------
SNES Convergence Reason : ||F|| < rtol*||F_initial|| 
Number of iterations    : 8
SNES solution time      : 5.416 (sec)
--------------------------------------------------------------------------
Residual summary: 
   Continuity: 
      |Div|_inf = 3.147787586144e-12 
      |Div|_2   = 5.702102435600e-11 
   Momentum: 
      |mRes|_2  = 1.631366278234e-04 
--------------------------------------------------------------------------
Actual time step : 0.00100 [Myr] 
--------------------------------------------------------------------------
Performing marker control (standard algorithm)
--------------------------------------------------------------------------
Saving output ... done (0.554281 sec)
--------------------------------------------------------------------------
================================= STEP 2 =================================
--------------------------------------------------------------------------
Current time        : 0.00100 [Myr] 
Tentative time step : 0.00110 [Myr] 
--------------------------------------------------------------------------
  0 SNES Function norm 3.078922189895e+00 
  0 PICARD ||F||/||F0||=1.000000e+00 
    Residual norms for js_ solve.
    0 KSP Residual norm 4.081555738651e+02 
    1 KSP Residual norm 1.401211203739e-02 
  Linear js_ solve converged due to CONVERGED_RTOL iterations 1
  1 SNES Function norm 2.972970471304e-01 
  1 PICARD ||F||/||F0||=9.655880e-02 
    Residual norms for js_ solve.
    0 KSP Residual norm 5.008219787562e+01 
    1 KSP Residual norm 2.641468084606e-03 
  Linear js_ solve converged due to CONVERGED_RTOL iterations 1
  2 SNES Function norm 6.701574995464e-02 
  2 MMFD   ||F||/||F0||=2.176598e-02 
    Residual norms for js_ solve.
    0 KSP Residual norm 1.328941529806e+01 
    1 KSP Residual norm 1.069954324267e+00 
    2 KSP Residual norm 2.167151794907e-01 
    3 KSP Residual norm 6.135309789417e-02 
    4 KSP Residual norm 1.357990933584e-02 
    5 KSP Residual norm 4.735880864766e-03 
    6 KSP Residual norm 1.236625638455e-03 
  Linear js_ solve converged due to CONVERGED_RTOL iterations 6
  3 SNES Function norm 1.082587632585e-01 
  3 MMFD   ||F||/||F0||=3.516125e-02 
    Residual norms for js_ solve.
    0 KSP Residual norm 2.332264537843e-01 
    1 KSP Residual norm 5.862207562466e-02 
    2 KSP Residual norm 1.349230135478e-02 
    3 KSP Residual norm 3.531756094353e-03 
    4 KSP Residual norm 1.051331781155e-03 
    5 KSP Residual norm 1.955591138724e-04 
    6 KSP Residual norm 5.103645634042e-05 
    7 KSP Residual norm 1.315784211840e-05 
  Linear js_ solve converged due to CONVERGED_RTOL iterations 7
  4 SNES Function norm 7.081044019724e-02 
  4 MMFD   ||F||/||F0||=2.299845e-02 
    Residual norms for js_ solve.
    0 KSP Residual norm 6.550693995806e-02 
    1 KSP Residual norm 3.779342172163e-02 
    2 KSP Residual norm 9.057782490913e-03 
    3 KSP Residual norm 1.689262307519e-03 
    4 KSP Residual norm 4.006073056935e-04 
    5 KSP Residual norm 1.092617575257e-04 
    6 KSP Residual norm 3.619402160998e-05 
    7 KSP Residual norm 8.347802061801e-06 
    8 KSP Residual norm 2.199373582728e-06 
  Linear js_ solve converged due to CONVERGED_RTOL iterations 8
  5 SNES Function norm 5.120297760511e-02 
  5 MMFD   ||F||/||F0||=1.663016e-02 
    Residual norms for js_ solve.
    0 KSP Residual norm 5.911408437949e-02 
    1 KSP Residual norm 9.931416119887e-03 
    2 KSP Residual norm 1.594319610055e-03 
    3 KSP Residual norm 4.062340923951e-04 
    4 KSP Residual norm 1.232208093511e-04 
    5 KSP Residual norm 2.886577912783e-05 
    6 KSP Residual norm 7.617525722478e-06 
    7 KSP Residual norm 1.804432458803e-06 
  Linear js_ solve converged due to CONVERGED_RTOL iterations 7
  6 SNES Function norm 1.866188322111e-02 
  6 MMFD   ||F||/||F0||=6.061174e-03 
    Residual norms for js_ solve.
    0 KSP Residual norm 1.543630894881e-02 
    1 KSP Residual norm 2.853076747362e-03 
    2 KSP Residual norm 5.522108424636e-04 
    3 KSP Residual norm 1.124147952501e-04 
    4 KSP Residual norm 2.764289778664e-05 
    5 KSP Residual norm 6.788598051456e-06 
    6 KSP Residual norm 1.750229308232e-06 
    7 KSP Residual norm 4.401808562860e-07 
  Linear js_ solve converged due to CONVERGED_RTOL iterations 7
  7 SNES Function norm 2.980024696366e-03 
--------------------------------------------------------------------------
SNES Convergence Reason : ||F|| < rtol*||F_initial|| 
Number of iterations    : 7
SNES solution time      : 6.16953 (sec)
--------------------------------------------------------------------------
Residual summary: 
   Continuity: 
      |Div|_inf = 1.756530684793e-11 
      |Div|_2   = 2.922954503214e-10 
   Momentum: 
      |mRes|_2  = 2.980024696366e-03 
--------------------------------------------------------------------------
Actual time step : 0.00110 [Myr] 
--------------------------------------------------------------------------
Performing marker control (standard algorithm)
--------------------------------------------------------------------------
=========================== SOLUTION IS DONE! ============================
--------------------------------------------------------------------------
Total solution time : 13.893 (sec) 
--------------------------------------------------------------------------
