-------------------------------------------------------------------------- 
                   Lithosphere and Mantle Evolution Model                   
     Compiled: Date: May 24 2021 - Time: 17:34:38 	    
-------------------------------------------------------------------------- 
        STAGGERED-GRID FINITE DIFFERENCE CANONICAL IMPLEMENTATION           
-------------------------------------------------------------------------- 
Parsing input file : dike_M05_2D.dat 
   Adding PETSc option: -snes_rtol 1e-3
   Adding PETSc option: -snes_atol 1e-4
   Adding PETSc option: -snes_max_it 50
   Adding PETSc option: -snes_PicardSwitchToNewton_rtol 3e-3
   Adding PETSc option: -snes_NewtonSwitchToPicard_it 20
   Adding PETSc option: -js_ksp_type fgmres
   Adding PETSc option: -js_ksp_monitor
   Adding PETSc option: -js_ksp_max_it 20
   Adding PETSc option: -js_ksp_atol 1e-8
   Adding PETSc option: -js_ksp_rtol 1e-3
   Adding PETSc option: -snes_linesearch_type l2
   Adding PETSc option: -snes_linesearch_monitor
   Adding PETSc option: -snes_linesearch_maxstep 10
Finished parsing input file : dike_M05_2D.dat 
--------------------------------------------------------------------------
Scaling parameters:
   Temperature : 1000. [C/K] 
   Length      : 1000. [m] 
   Viscosity   : 1e+19 [Pa*s] 
   Stress      : 1e+09 [Pa] 
--------------------------------------------------------------------------
Time stepping parameters:
   Simulation end time          : 1. [Myr] 
   Maximum number of steps      : 10 
   Time step                    : 0.001 [Myr] 
   Minimum time step            : 1e-05 [Myr] 
   Maximum time step            : 0.1 [Myr] 
   Time step increase factor    : 0.1 
   CFL criterion                : 0.5 
   CFLMAX (fixed time steps)    : 1. 
   Output every [n] steps       : 1 
   Output [n] initial steps     : 1 
   Save restart every [n] steps : 100 
--------------------------------------------------------------------------
--------------------------------------------------------------------------
Material parameters: 
--------------------------------------------------------------------------
   Phase ID : 0   
   (dens)   : rho = 3300. [kg/m^3]  
   (diff)   : eta = 1e+22 [Pa*s]  Bd = 5e-23 [1/Pa/s]  
   (temp)   : Cp = 1200. [J/kg/K]  k = 3.5 [W/m/k]  

   Phase ID : 1   
   (dens)   : rho = 3300. [kg/m^3]  
   (diff)   : eta = 1e+22 [Pa*s]  Bd = 5e-23 [1/Pa/s]  
   (temp)   : Cp = 1200. [J/kg/K]  k = 3.5 [W/m/k]  

--------------------------------------------------------------------------
Phase Transition laws: 
--------------------------------------------------------------------------
   Phase Transition [0] :   Box 
     Box Bounds         :   [-1.0; 1.0; -1.0; 1.0; -15.0; 15.0] [km] 
     Don't set phase    @   
     Don't set T inside @   
     Phase Outside      :    0  
     Phase Inside       :   1  
     Direction          :   BothWays 

   Adjusting density values due to phase transitions: 
--------------------------------------------------------------------------
Grid parameters:
   Total number of cpu                  : 1 
   Processor grid  [nx, ny, nz]         : [1, 1, 1]
   Fine grid cells [nx, ny, nz]         : [60, 2, 30]
   Number of cells                      :  3600
   Number of faces                      :  12780
   Maximum cell aspect ratio            :  1.00000
   Lower coordinate bounds [bx, by, bz] : [-30., -1., -15.]
   Upper coordinate bounds [ex, ey, ez] : [30., 1., 15.]
--------------------------------------------------------------------------
Boundary condition parameters: 
   No-slip boundary mask [lt rt ft bk bm tp]  : 0 0 0 0 0 0 
   Adding inflow velocity at boundary         @ 
      Inflow velocity boundary                : CompensatingInflow 
      Inflow phase from next to boundary      @ 
      Inflow window [bottom, top]             : [-15.00,15.00] [km] 
      Inflow velocity                         : -1.00 [cm/yr] 
      Outflow velocity                        : inf [cm/yr] 
      Bottom flow velocity                    : 0.25 [cm/yr] 
      Top flow velocity                       : -0.25 [cm/yr] 
      Inflow temperature from closest marker  @ 
--------------------------------------------------------------------------
Solution parameters & controls:
   Gravity [gx, gy, gz]                    : [0., 0., -9.81] [m/s^2] 
   Surface stabilization (FSSA)            :  1. 
   Shear heating efficiency                :  1. 
   Activate temperature diffusion          @ 
   Compute initial guess                   @ 
   Use lithostatic pressure for creep      @ 
   Use lithostatic pressure for plasticity @ 
   Limit pressure at first iteration       @ 
   Minimum viscosity                       : 1e+18 [Pa*s] 
   Maximum viscosity                       : 1e+24 [Pa*s] 
   Reference viscosity (initial guess)     : 1e+22 [Pa*s] 
   Minimum cohesion                        : 1000. [Pa] 
   Minimum friction                        : 1. [deg] 
   Ultimate yield stress                   : 1e+09 [Pa] 
   Max. melt fraction (viscosity, density) : 0.15    
   Rheology iteration number               : 8  
   Rheology iteration tolerance            : 1e-06    
   Ground water level type                 : none 
--------------------------------------------------------------------------
Advection parameters:
   Advection scheme              : Runge-Kutta 2-nd order
   Marker setup scheme           : geometric primitives
   Velocity interpolation scheme : MINMOD (correction + MINMOD)
   Marker control type           : AVD for cells + corner insertion
   Markers per cell [nx, ny, nz] : [3, 3, 3] 
   Marker distribution type      : random noise
   Background phase ID           : 0 
--------------------------------------------------------------------------
Reading geometric primitives ... done (0.00200391 sec)
--------------------------------------------------------------------------
Output parameters:
   Output file name                        : dike_M05_2D 
   Write .pvd file                         : yes 
   Phase                                   @ 
   Density                                 @ 
   Total effective viscosity               @ 
   Creep effective viscosity               @ 
   Velocity                                @ 
   Pressure                                @ 
   Temperature                             @ 
   Deviatoric stress tensor                @ 
   Deviatoric stress second invariant      @ 
   Deviatoric strain rate tensor           @ 
   Deviatoric strain rate second invariant @ 
   Yield stress                            @ 
   Accumulated Plastic Strain (APS)        @ 
   Plastic dissipation                     @ 
   Total displacements                     @ 
--------------------------------------------------------------------------
AVD output parameters:
   Write .pvd file       : yes 
   AVD refinement factor : 2 
--------------------------------------------------------------------------
Preconditioner parameters: 
   Matrix type                   : monolithic
   Penalty parameter (pgamma)    : 1.000000e+03
   Preconditioner type           : user-defined
--------------------------------------------------------------------------
Solver parameters specified: 
   Outermost Krylov solver       : fgmres 
   Solver type                   : serial direct/lu 
   Solver package                : petsc 
--------------------------------------------------------------------------
============================== INITIAL GUESS =============================
--------------------------------------------------------------------------
  0 SNES Function norm 4.912812001785e+01 
  0 PICARD ||F||/||F0||=1.000000e+00 
    Residual norms for js_ solve.
    0 KSP Residual norm 4.912812001785e+01 
    1 KSP Residual norm 3.168853260956e-03 
  Linear js_ solve converged due to CONVERGED_RTOL iterations 1
      Line search: lambdas = [1., 0.5, 0.], fnorms = [0.00316885, 24.5641, 49.1281]
      Line search terminated: lambda = 1., fnorms = 0.00316885
  1 SNES Function norm 3.168853260956e-03 
--------------------------------------------------------------------------
SNES Convergence Reason : ||F|| < rtol*||F_initial|| 
Number of iterations    : 1
SNES solution time      : 0.225003 (sec)
--------------------------------------------------------------------------
Residual summary: 
   Continuity: 
      |Div|_inf = 5.328226314622e-05 
      |Div|_2   = 3.168853260956e-03 
   Momentum: 
      |mRes|_2  = 5.665843514082e-11 
   Energy: 
      |eRes|_2  = 5.225684148118e-10 
--------------------------------------------------------------------------
Saving output ... done (0.126569 sec)
--------------------------------------------------------------------------
================================= STEP 1 =================================
--------------------------------------------------------------------------
Current time        : 0.00000000 [Myr] 
Tentative time step : 0.00100000 [Myr] 
--------------------------------------------------------------------------
Phase_Transition ... done (0.0060401 sec)
--------------------------------------------------------------------------
  0 SNES Function norm 1.706458399020e-02 
  0 PICARD ||F||/||F0||=1.000000e+00 
    Residual norms for js_ solve.
    0 KSP Residual norm 1.706458399020e-02 
    1 KSP Residual norm 3.323139032768e-08 
  Linear js_ solve converged due to CONVERGED_RTOL iterations 1
      Line search: lambdas = [1., 0.5, 0.], fnorms = [3.32314e-08, 0.00853229, 0.0170646]
      Line search terminated: lambda = 1., fnorms = 3.32314e-08
  1 SNES Function norm 3.323138325071e-08 
--------------------------------------------------------------------------
SNES Convergence Reason : ||F|| < atol 
Number of iterations    : 1
SNES solution time      : 0.157283 (sec)
--------------------------------------------------------------------------
Residual summary: 
   Continuity: 
      |Div|_inf = 1.053031685287e-11 
      |Div|_2   = 2.268470158044e-10 
   Momentum: 
      |mRes|_2  = 3.323060898008e-08 
   Energy: 
      |eRes|_2  = 4.943346159607e-08 
--------------------------------------------------------------------------
Actual time step : 0.00110 [Myr] 
--------------------------------------------------------------------------
Performing marker control (standard algorithm)
Marker control [0]: (Corners ) injected 16 markers in 5.0969e-03 s 
--------------------------------------------------------------------------
Saving output ... done (0.130283 sec)
--------------------------------------------------------------------------
================================= STEP 2 =================================
--------------------------------------------------------------------------
Current time        : 0.00110000 [Myr] 
Tentative time step : 0.00110000 [Myr] 
--------------------------------------------------------------------------
Phase_Transition ... done (0.00605202 sec)
--------------------------------------------------------------------------
  0 SNES Function norm 3.323138325071e-08 
  0 PICARD ||F||/||F0||=1.000000e+00 
    Residual norms for js_ solve.
    0 KSP Residual norm 3.323138325071e-08 
    1 KSP Residual norm 6.443566292129e-14 
  Linear js_ solve converged due to CONVERGED_ATOL iterations 1
      Line search: lambdas = [1., 0.5, 0.], fnorms = [5.21419e-13, 1.66157e-08, 3.32314e-08]
      Line search terminated: lambda = 1., fnorms = 5.64444e-13
  1 SNES Function norm 5.644439052063e-13 
--------------------------------------------------------------------------
SNES Convergence Reason : ||F|| < atol 
Number of iterations    : 1
SNES solution time      : 0.156616 (sec)
--------------------------------------------------------------------------
Residual summary: 
   Continuity: 
      |Div|_inf = 5.783351228472e-15 
      |Div|_2   = 6.442568863967e-14 
   Momentum: 
      |mRes|_2  = 5.607550737781e-13 
   Energy: 
      |eRes|_2  = 6.713811869629e-08 
--------------------------------------------------------------------------
Actual time step : 0.00121 [Myr] 
--------------------------------------------------------------------------
Performing marker control (standard algorithm)
Marker control [0]: (Corners ) injected 24 markers in 5.6539e-03 s 
--------------------------------------------------------------------------
Saving output ... done (0.127615 sec)
--------------------------------------------------------------------------
================================= STEP 3 =================================
--------------------------------------------------------------------------
Current time        : 0.00231000 [Myr] 
Tentative time step : 0.00121000 [Myr] 
--------------------------------------------------------------------------
Phase_Transition ... done (0.00707793 sec)
--------------------------------------------------------------------------
  0 SNES Function norm 5.644439052063e-13 
  0 PICARD ||F||/||F0||=1.000000e+00 
    Residual norms for js_ solve.
    0 KSP Residual norm 5.644439052063e-13 
  Linear js_ solve converged due to CONVERGED_ATOL iterations 0
      Line search: lambdas = [1., 0.5, 0.], fnorms = [5.64444e-13, 5.64444e-13, 5.64444e-13]
      Line search terminated: lambda = 0.5, fnorms = 5.64444e-13
  1 SNES Function norm 5.644439052063e-13 
--------------------------------------------------------------------------
SNES Convergence Reason : ||F|| < atol 
Number of iterations    : 1
SNES solution time      : 0.184799 (sec)
--------------------------------------------------------------------------
Residual summary: 
   Continuity: 
      |Div|_inf = 5.783351228472e-15 
      |Div|_2   = 6.442568863967e-14 
   Momentum: 
      |mRes|_2  = 5.607550737781e-13 
   Energy: 
      |eRes|_2  = 9.067977906368e-08 
--------------------------------------------------------------------------
Actual time step : 0.00133 [Myr] 
--------------------------------------------------------------------------
Performing marker control (standard algorithm)
Marker control [0]: (Corners ) injected 19 markers in 5.2269e-03 s 
--------------------------------------------------------------------------
Saving output ... done (0.140667 sec)
--------------------------------------------------------------------------
================================= STEP 4 =================================
--------------------------------------------------------------------------
Current time        : 0.00364100 [Myr] 
Tentative time step : 0.00133100 [Myr] 
--------------------------------------------------------------------------
Phase_Transition ... done (0.00898409 sec)
--------------------------------------------------------------------------
  0 SNES Function norm 5.644439052063e-13 
  0 PICARD ||F||/||F0||=1.000000e+00 
    Residual norms for js_ solve.
    0 KSP Residual norm 5.644439052063e-13 
  Linear js_ solve converged due to CONVERGED_ATOL iterations 0
      Line search: lambdas = [1., 0.5, 0.], fnorms = [5.64444e-13, 5.64444e-13, 5.64444e-13]
      Line search terminated: lambda = 0.5, fnorms = 5.64444e-13
  1 SNES Function norm 5.644439052063e-13 
--------------------------------------------------------------------------
SNES Convergence Reason : ||F|| < atol 
Number of iterations    : 1
SNES solution time      : 0.162901 (sec)
--------------------------------------------------------------------------
Residual summary: 
   Continuity: 
      |Div|_inf = 5.783351228472e-15 
      |Div|_2   = 6.442568863967e-14 
   Momentum: 
      |mRes|_2  = 5.607550737781e-13 
   Energy: 
      |eRes|_2  = 1.217631233455e-07 
--------------------------------------------------------------------------
Actual time step : 0.00146 [Myr] 
--------------------------------------------------------------------------
Performing marker control (standard algorithm)
Marker control [0]: (Corners ) injected 31 markers in 5.4741e-03 s 
--------------------------------------------------------------------------
Saving output ... done (0.134327 sec)
--------------------------------------------------------------------------
================================= STEP 5 =================================
--------------------------------------------------------------------------
Current time        : 0.00510510 [Myr] 
Tentative time step : 0.00146410 [Myr] 
--------------------------------------------------------------------------
Phase_Transition ... done (0.00658894 sec)
--------------------------------------------------------------------------
  0 SNES Function norm 5.644439052063e-13 
  0 PICARD ||F||/||F0||=1.000000e+00 
    Residual norms for js_ solve.
    0 KSP Residual norm 5.644439052063e-13 
  Linear js_ solve converged due to CONVERGED_ATOL iterations 0
      Line search: lambdas = [1., 0.5, 0.], fnorms = [5.64444e-13, 5.64444e-13, 5.64444e-13]
      Line search terminated: lambda = 0.5, fnorms = 5.64444e-13
  1 SNES Function norm 5.644439052063e-13 
--------------------------------------------------------------------------
SNES Convergence Reason : ||F|| < atol 
Number of iterations    : 1
SNES solution time      : 0.152351 (sec)
--------------------------------------------------------------------------
Residual summary: 
   Continuity: 
      |Div|_inf = 5.783351228472e-15 
      |Div|_2   = 6.442568863967e-14 
   Momentum: 
      |mRes|_2  = 5.607550737781e-13 
   Energy: 
      |eRes|_2  = 1.626517719354e-07 
--------------------------------------------------------------------------
Actual time step : 0.00161 [Myr] 
--------------------------------------------------------------------------
Performing marker control (standard algorithm)
Marker control [0]: (Corners ) injected 27 markers in 5.6369e-03 s 
--------------------------------------------------------------------------
Saving output ... done (0.149635 sec)
--------------------------------------------------------------------------
================================= STEP 6 =================================
--------------------------------------------------------------------------
Current time        : 0.00671561 [Myr] 
Tentative time step : 0.00161051 [Myr] 
--------------------------------------------------------------------------
Phase_Transition ... done (0.00652719 sec)
--------------------------------------------------------------------------
  0 SNES Function norm 5.644439052063e-13 
  0 PICARD ||F||/||F0||=1.000000e+00 
    Residual norms for js_ solve.
    0 KSP Residual norm 5.644439052063e-13 
  Linear js_ solve converged due to CONVERGED_ATOL iterations 0
      Line search: lambdas = [1., 0.5, 0.], fnorms = [5.64444e-13, 5.64444e-13, 5.64444e-13]
      Line search terminated: lambda = 0.5, fnorms = 5.64444e-13
  1 SNES Function norm 5.644439052063e-13 
--------------------------------------------------------------------------
SNES Convergence Reason : ||F|| < atol 
Number of iterations    : 1
SNES solution time      : 0.165957 (sec)
--------------------------------------------------------------------------
Residual summary: 
   Continuity: 
      |Div|_inf = 5.783351228472e-15 
      |Div|_2   = 6.442568863967e-14 
   Momentum: 
      |mRes|_2  = 5.607550737781e-13 
   Energy: 
      |eRes|_2  = 2.161087725921e-07 
--------------------------------------------------------------------------
Actual time step : 0.00177 [Myr] 
--------------------------------------------------------------------------
Performing marker control (standard algorithm)
Marker control [0]: (Corners ) injected 26 markers in 5.7309e-03 s 
--------------------------------------------------------------------------
Saving output ... done (0.140277 sec)
--------------------------------------------------------------------------
================================= STEP 7 =================================
--------------------------------------------------------------------------
Current time        : 0.00848717 [Myr] 
Tentative time step : 0.00177156 [Myr] 
--------------------------------------------------------------------------
Phase_Transition ... done (0.00683308 sec)
--------------------------------------------------------------------------
  0 SNES Function norm 5.644439052063e-13 
  0 PICARD ||F||/||F0||=1.000000e+00 
    Residual norms for js_ solve.
    0 KSP Residual norm 5.644439052063e-13 
  Linear js_ solve converged due to CONVERGED_ATOL iterations 0
      Line search: lambdas = [1., 0.5, 0.], fnorms = [5.64444e-13, 5.64444e-13, 5.64444e-13]
      Line search terminated: lambda = 0.5, fnorms = 5.64444e-13
  1 SNES Function norm 5.644439052063e-13 
--------------------------------------------------------------------------
SNES Convergence Reason : ||F|| < atol 
Number of iterations    : 1
SNES solution time      : 0.16105 (sec)
--------------------------------------------------------------------------
Residual summary: 
   Continuity: 
      |Div|_inf = 5.783351228472e-15 
      |Div|_2   = 6.442568863967e-14 
   Momentum: 
      |mRes|_2  = 5.607550737781e-13 
   Energy: 
      |eRes|_2  = 2.853653649485e-07 
--------------------------------------------------------------------------
Actual time step : 0.00195 [Myr] 
--------------------------------------------------------------------------
Performing marker control (standard algorithm)
Marker control [0]: (Corners ) injected 38 markers in 5.7161e-03 s 
--------------------------------------------------------------------------
Saving output ... done (0.134048 sec)
--------------------------------------------------------------------------
================================= STEP 8 =================================
--------------------------------------------------------------------------
Current time        : 0.01043589 [Myr] 
Tentative time step : 0.00194872 [Myr] 
--------------------------------------------------------------------------
Phase_Transition ... done (0.00662613 sec)
--------------------------------------------------------------------------
  0 SNES Function norm 5.644439052063e-13 
  0 PICARD ||F||/||F0||=1.000000e+00 
    Residual norms for js_ solve.
    0 KSP Residual norm 5.644439052063e-13 
  Linear js_ solve converged due to CONVERGED_ATOL iterations 0
      Line search: lambdas = [1., 0.5, 0.], fnorms = [5.64444e-13, 5.64444e-13, 5.64444e-13]
      Line search terminated: lambda = 0.5, fnorms = 5.64444e-13
  1 SNES Function norm 5.644439052063e-13 
--------------------------------------------------------------------------
SNES Convergence Reason : ||F|| < atol 
Number of iterations    : 1
SNES solution time      : 0.156506 (sec)
--------------------------------------------------------------------------
Residual summary: 
   Continuity: 
      |Div|_inf = 5.783351228472e-15 
      |Div|_2   = 6.442568863967e-14 
   Momentum: 
      |mRes|_2  = 5.607550737781e-13 
   Energy: 
      |eRes|_2  = 1.250850130097e-09 
--------------------------------------------------------------------------
Actual time step : 0.00214 [Myr] 
--------------------------------------------------------------------------
Performing marker control (standard algorithm)
Marker control [0]: (Corners ) injected 35 markers in 5.7061e-03 s 
--------------------------------------------------------------------------
Saving output ... done (0.127042 sec)
--------------------------------------------------------------------------
================================= STEP 9 =================================
--------------------------------------------------------------------------
Current time        : 0.01257948 [Myr] 
Tentative time step : 0.00214359 [Myr] 
--------------------------------------------------------------------------
Phase_Transition ... done (0.00703096 sec)
--------------------------------------------------------------------------
  0 SNES Function norm 5.644439052063e-13 
  0 PICARD ||F||/||F0||=1.000000e+00 
    Residual norms for js_ solve.
    0 KSP Residual norm 5.644439052063e-13 
  Linear js_ solve converged due to CONVERGED_ATOL iterations 0
      Line search: lambdas = [1., 0.5, 0.], fnorms = [5.64444e-13, 5.64444e-13, 5.64444e-13]
      Line search terminated: lambda = 0.5, fnorms = 5.64444e-13
  1 SNES Function norm 5.644439052063e-13 
--------------------------------------------------------------------------
SNES Convergence Reason : ||F|| < atol 
Number of iterations    : 1
SNES solution time      : 0.157039 (sec)
--------------------------------------------------------------------------
Residual summary: 
   Continuity: 
      |Div|_inf = 5.783351228472e-15 
      |Div|_2   = 6.442568863967e-14 
   Momentum: 
      |mRes|_2  = 5.607550737781e-13 
   Energy: 
      |eRes|_2  = 1.911962410773e-09 
--------------------------------------------------------------------------
Actual time step : 0.00236 [Myr] 
--------------------------------------------------------------------------
Performing marker control (standard algorithm)
Marker control [0]: (Corners ) injected 29 markers in 5.6050e-03 s 
--------------------------------------------------------------------------
Saving output ... done (0.131708 sec)
--------------------------------------------------------------------------
================================ STEP 10 =================================
--------------------------------------------------------------------------
Current time        : 0.01493742 [Myr] 
Tentative time step : 0.00235795 [Myr] 
--------------------------------------------------------------------------
Phase_Transition ... done (0.00700092 sec)
--------------------------------------------------------------------------
  0 SNES Function norm 5.644439052063e-13 
  0 PICARD ||F||/||F0||=1.000000e+00 
    Residual norms for js_ solve.
    0 KSP Residual norm 5.644439052063e-13 
  Linear js_ solve converged due to CONVERGED_ATOL iterations 0
      Line search: lambdas = [1., 0.5, 0.], fnorms = [5.64444e-13, 5.64444e-13, 5.64444e-13]
      Line search terminated: lambda = 0.5, fnorms = 5.64444e-13
  1 SNES Function norm 5.644439052063e-13 
--------------------------------------------------------------------------
SNES Convergence Reason : ||F|| < atol 
Number of iterations    : 1
SNES solution time      : 0.153166 (sec)
--------------------------------------------------------------------------
Residual summary: 
   Continuity: 
      |Div|_inf = 5.783351228472e-15 
      |Div|_2   = 6.442568863967e-14 
   Momentum: 
      |mRes|_2  = 5.607550737781e-13 
   Energy: 
      |eRes|_2  = 2.904851943572e-09 
--------------------------------------------------------------------------
Actual time step : 0.00259 [Myr] 
--------------------------------------------------------------------------
Performing marker control (standard algorithm)
Marker control [0]: (Corners ) injected 25 markers in 5.6031e-03 s 
--------------------------------------------------------------------------
Saving output ... done (0.131599 sec)
--------------------------------------------------------------------------
=========================== SOLUTION IS DONE! ============================
--------------------------------------------------------------------------
Total solution time : 4.21668 (sec) 
--------------------------------------------------------------------------
