-------------------------------------------------------------------------- 
                   Lithosphere and Mantle Evolution Model                   
     Compiled: Date: May 24 2021 - Time: 17:34:38 	    
-------------------------------------------------------------------------- 
        STAGGERED-GRID FINITE DIFFERENCE CANONICAL IMPLEMENTATION           
-------------------------------------------------------------------------- 
Parsing input file : dike_M1_2D.dat 
   Adding PETSc option: -snes_rtol 1e-4
   Adding PETSc option: -snes_atol 1e-4
   Adding PETSc option: -snes_max_it 50
   Adding PETSc option: -snes_PicardSwitchToNewton_rtol 1e-3
   Adding PETSc option: -snes_NewtonSwitchToPicard_it 20
   Adding PETSc option: -js_ksp_type fgmres
   Adding PETSc option: -js_ksp_monitor
   Adding PETSc option: -js_ksp_max_it 20
   Adding PETSc option: -js_ksp_atol 1e-8
   Adding PETSc option: -js_ksp_rtol 1e-3
   Adding PETSc option: -snes_linesearch_type l2
   Adding PETSc option: -snes_linesearch_monitor
   Adding PETSc option: -snes_linesearch_maxstep 10
Finished parsing input file : dike_M1_2D.dat 
--------------------------------------------------------------------------
Scaling parameters:
   Temperature : 1000. [C/K] 
   Length      : 1000. [m] 
   Viscosity   : 1e+19 [Pa*s] 
   Stress      : 1e+09 [Pa] 
--------------------------------------------------------------------------
Time stepping parameters:
   Simulation end time          : 1. [Myr] 
   Maximum number of steps      : 5 
   Time step                    : 0.001 [Myr] 
   Minimum time step            : 1e-05 [Myr] 
   Maximum time step            : 0.1 [Myr] 
   Time step increase factor    : 0.1 
   CFL criterion                : 0.5 
   CFLMAX (fixed time steps)    : 1. 
   Output every [n] steps       : 5 
   Output [n] initial steps     : 1 
--------------------------------------------------------------------------
--------------------------------------------------------------------------
Material parameters: 
--------------------------------------------------------------------------
   Phase ID : 0   
   (dens)   : rho = 100. [kg/m^3]  
   (diff)   : eta = 1e+18 [Pa*s]  Bd = 5e-19 [1/Pa/s]  

   Phase ID : 2   
   (dens)   : rho = 3300. [kg/m^3]  
   (elast)  : G = 4e+10 [Pa]  Vs = 3481.55 [m/s]  
   (diff)   : eta = 1e+22 [Pa*s]  Bd = 5e-23 [1/Pa/s]  
   (temp)   : alpha = 3e-05 [1/K]  

   Phase ID : 1   
   (dens)   : rho = 3300. [kg/m^3]  
   (elast)  : G = 4e+10 [Pa]  Vs = 3481.55 [m/s]  
   (diff)   : eta = 1e+22 [Pa*s]  Bd = 5e-23 [1/Pa/s]  
   (temp)   : alpha = 3e-05 [1/K]  

--------------------------------------------------------------------------
Phase Transition laws: 
--------------------------------------------------------------------------
   Phase Transition [0] :   Box 
     Box Bounds         :   [-1.0; 1.0; -1.0; 1.0; -20.0; 5.0] [km] 
     Don't set phase    @   
     Don't set T inside @   
     Phase Outside      :    1  0  
     Phase Inside       :   2  2  
     Direction          :   BothWays 

   Adjusting density values due to phase transitions: 
--------------------------------------------------------------------------
Grid parameters:
   Total number of cpu                  : 1 
   Processor grid  [nx, ny, nz]         : [1, 1, 1]
   Fine grid cells [nx, ny, nz]         : [60, 2, 30]
   Number of cells                      :  3600
   Number of faces                      :  12780
   Maximum cell aspect ratio            :  1.00000
   Lower coordinate bounds [bx, by, bz] : [-30., -1., -20.]
   Upper coordinate bounds [ex, ey, ez] : [30., 1., 10.]
--------------------------------------------------------------------------
Free surface parameters: 
   Sticky air phase ID       : 0 
   Initial surface level     : 0. [km] 
   Erosion model             : none
   Sedimentation model       : none
   Correct marker phases     @ 
   Maximum surface slope     : 25. [deg]
--------------------------------------------------------------------------
Boundary condition parameters: 
   No-slip boundary mask [lt rt ft bk bm tp]  : 0 0 0 0 0 0 
   Open top boundary                          @ 
   Adding inflow velocity at boundary         @ 
      Inflow velocity boundary                : CompensatingInflow 
      Inflow phase from next to boundary      @ 
      Inflow window [bottom, top]             : [-20.00,10.00] [km] 
      Inflow velocity                         : -1.00 [cm/yr] 
      Outflow velocity                        : inf [cm/yr] 
      Bottom flow velocity                    : 0.00 [cm/yr] 
      Inflow temperature from closest marker  @ 
--------------------------------------------------------------------------
Solution parameters & controls:
   Gravity [gx, gy, gz]                    : [0., 0., -9.81] [m/s^2] 
   Surface stabilization (FSSA)            :  1. 
   Compute initial guess                   @ 
   Use lithostatic pressure for creep      @ 
   Use lithostatic pressure for plasticity @ 
   Limit pressure at first iteration       @ 
   Minimum viscosity                       : 1e+18 [Pa*s] 
   Maximum viscosity                       : 1e+25 [Pa*s] 
   Reference viscosity (initial guess)     : 1e+22 [Pa*s] 
   Minimum cohesion                        : 1e+06 [Pa] 
   Minimum friction                        : 1. [deg] 
   Ultimate yield stress                   : 1e+09 [Pa] 
   Max. melt fraction (viscosity, density) : 0.15    
   Rheology iteration number               : 25  
   Rheology iteration tolerance            : 1e-06    
   Ground water level type                 : none 
--------------------------------------------------------------------------
Advection parameters:
   Advection scheme              : Runge-Kutta 2-nd order
   Marker setup scheme           : geometric primitives
   Velocity interpolation scheme : MINMOD (correction + MINMOD)
   Marker control type           : AVD for cells + corner insertion
   Markers per cell [nx, ny, nz] : [3, 3, 3] 
   Marker distribution type      : random noise
   Background phase ID           : 0 
--------------------------------------------------------------------------
Reading geometric primitives ... done (0.00183201 sec)
--------------------------------------------------------------------------
Output parameters:
   Output file name                        : dike_M1_2D 
   Write .pvd file                         : yes 
   Phase                                   @ 
   Density                                 @ 
   Total effective viscosity               @ 
   Creep effective viscosity               @ 
   Velocity                                @ 
   Pressure                                @ 
   Temperature                             @ 
   Deviatoric stress tensor                @ 
   Deviatoric stress second invariant      @ 
   Deviatoric strain rate tensor           @ 
   Deviatoric strain rate second invariant @ 
   Yield stress                            @ 
   Accumulated Plastic Strain (APS)        @ 
   Plastic dissipation                     @ 
   Total displacements                     @ 
   Momentum residual                       @ 
   Continuity residual                     @ 
--------------------------------------------------------------------------
Preconditioner parameters: 
   Matrix type                   : monolithic
   Penalty parameter (pgamma)    : 1.000000e+03
   Preconditioner type           : user-defined
--------------------------------------------------------------------------
Solver parameters specified: 
   Outermost Krylov solver       : fgmres 
   Solver type                   : serial direct/lu 
   Solver package                : petsc 
--------------------------------------------------------------------------
============================== INITIAL GUESS =============================
--------------------------------------------------------------------------
  0 SNES Function norm 4.650092667434e+01 
  0 PICARD ||F||/||F0||=1.000000e+00 
    Residual norms for js_ solve.
    0 KSP Residual norm 4.650092667434e+01 
    1 KSP Residual norm 1.279652545505e-05 
  Linear js_ solve converged due to CONVERGED_RTOL iterations 1
      Line search: lambdas = [1., 0.5, 0.], fnorms = [1.27965e-05, 23.2505, 46.5009]
      Line search terminated: lambda = 1., fnorms = 1.27965e-05
  1 SNES Function norm 1.279652545505e-05 
--------------------------------------------------------------------------
SNES Convergence Reason : ||F|| < atol 
Number of iterations    : 1
SNES solution time      : 0.224393 (sec)
--------------------------------------------------------------------------
Residual summary: 
   Continuity: 
      |Div|_inf = 4.176943007374e-07 
      |Div|_2   = 1.279652545458e-05 
   Momentum: 
      |mRes|_2  = 1.090355956496e-10 
--------------------------------------------------------------------------
Saving output ... done (0.00647306 sec)
--------------------------------------------------------------------------
================================= STEP 1 =================================
--------------------------------------------------------------------------
Current time        : 0.00000000 [Myr] 
Tentative time step : 0.00100000 [Myr] 
--------------------------------------------------------------------------
Phase_Transition ... done (0.00601792 sec)
--------------------------------------------------------------------------
  0 SNES Function norm 2.325230903361e+00 
  0 PICARD ||F||/||F0||=1.000000e+00 
    Residual norms for js_ solve.
    0 KSP Residual norm 2.325230903361e+00 
    1 KSP Residual norm 3.647782608187e-02 
    2 KSP Residual norm 1.540292643975e-07 
  Linear js_ solve converged due to CONVERGED_RTOL iterations 2
      Line search: lambdas = [1., 0.5, 0.], fnorms = [1.54029e-07, 1.16262, 2.32523]
      Line search terminated: lambda = 1., fnorms = 1.54029e-07
  1 SNES Function norm 1.540292643981e-07 
--------------------------------------------------------------------------
SNES Convergence Reason : ||F|| < atol 
Number of iterations    : 1
SNES solution time      : 0.160998 (sec)
--------------------------------------------------------------------------
Residual summary: 
   Continuity: 
      |Div|_inf = 5.784065673035e-08 
      |Div|_2   = 1.540292453077e-07 
   Momentum: 
      |mRes|_2  = 7.668758061042e-11 
--------------------------------------------------------------------------
Actual time step : 0.00100 [Myr] 
--------------------------------------------------------------------------
Performing marker control (standard algorithm)
Marker control [0]: (Corners ) injected 16 markers in 5.0960e-03 s 
--------------------------------------------------------------------------
Saving output ... done (0.00630713 sec)
--------------------------------------------------------------------------
================================= STEP 2 =================================
--------------------------------------------------------------------------
Current time        : 0.00100000 [Myr] 
Tentative time step : 0.00110000 [Myr] 
--------------------------------------------------------------------------
Phase_Transition ... done (0.00634789 sec)
--------------------------------------------------------------------------
  0 SNES Function norm 3.920396754257e+00 
  0 PICARD ||F||/||F0||=1.000000e+00 
    Residual norms for js_ solve.
    0 KSP Residual norm 3.920396754257e+00 
    1 KSP Residual norm 3.531443915814e-05 
  Linear js_ solve converged due to CONVERGED_RTOL iterations 1
      Line search: lambdas = [1., 0.5, 0.], fnorms = [3.53144e-05, 1.9602, 3.9204]
      Line search terminated: lambda = 1., fnorms = 3.53144e-05
  1 SNES Function norm 3.531443915814e-05 
--------------------------------------------------------------------------
SNES Convergence Reason : ||F|| < atol 
Number of iterations    : 1
SNES solution time      : 0.165612 (sec)
--------------------------------------------------------------------------
Residual summary: 
   Continuity: 
      |Div|_inf = 9.693465518877e-06 
      |Div|_2   = 3.531443915081e-05 
   Momentum: 
      |mRes|_2  = 7.193638551608e-10 
--------------------------------------------------------------------------
Actual time step : 0.00110 [Myr] 
--------------------------------------------------------------------------
Performing marker control (standard algorithm)
Marker control [0]: (Corners ) injected 22 markers in 5.2629e-03 s 
--------------------------------------------------------------------------
================================= STEP 3 =================================
--------------------------------------------------------------------------
Current time        : 0.00210000 [Myr] 
Tentative time step : 0.00121000 [Myr] 
--------------------------------------------------------------------------
Phase_Transition ... done (0.00613904 sec)
--------------------------------------------------------------------------
  0 SNES Function norm 3.726608635473e+00 
  0 PICARD ||F||/||F0||=1.000000e+00 
    Residual norms for js_ solve.
    0 KSP Residual norm 3.726608635473e+00 
    1 KSP Residual norm 2.941263654732e-05 
  Linear js_ solve converged due to CONVERGED_RTOL iterations 1
      Line search: lambdas = [1., 0.5, 0.], fnorms = [2.94126e-05, 1.8633, 3.72661]
      Line search terminated: lambda = 1., fnorms = 2.94126e-05
  1 SNES Function norm 2.941263654732e-05 
--------------------------------------------------------------------------
SNES Convergence Reason : ||F|| < atol 
Number of iterations    : 1
SNES solution time      : 0.162197 (sec)
--------------------------------------------------------------------------
Residual summary: 
   Continuity: 
      |Div|_inf = 7.116465563189e-06 
      |Div|_2   = 2.941263654617e-05 
   Momentum: 
      |mRes|_2  = 2.599463432274e-10 
--------------------------------------------------------------------------
Actual time step : 0.00121 [Myr] 
--------------------------------------------------------------------------
Performing marker control (standard algorithm)
Marker control [0]: (Corners ) injected 23 markers in 5.2650e-03 s 
--------------------------------------------------------------------------
================================= STEP 4 =================================
--------------------------------------------------------------------------
Current time        : 0.00331000 [Myr] 
Tentative time step : 0.00133100 [Myr] 
--------------------------------------------------------------------------
Phase_Transition ... done (0.00636792 sec)
--------------------------------------------------------------------------
  0 SNES Function norm 3.480444902406e+00 
  0 PICARD ||F||/||F0||=1.000000e+00 
    Residual norms for js_ solve.
    0 KSP Residual norm 3.480444902406e+00 
    1 KSP Residual norm 2.514838594622e-05 
  Linear js_ solve converged due to CONVERGED_RTOL iterations 1
      Line search: lambdas = [1., 0.5, 0.], fnorms = [2.51484e-05, 1.74022, 3.48044]
      Line search terminated: lambda = 1., fnorms = 2.51484e-05
  1 SNES Function norm 2.514838594622e-05 
--------------------------------------------------------------------------
SNES Convergence Reason : ||F|| < atol 
Number of iterations    : 1
SNES solution time      : 0.167995 (sec)
--------------------------------------------------------------------------
Residual summary: 
   Continuity: 
      |Div|_inf = 7.063131226428e-06 
      |Div|_2   = 2.514838594579e-05 
   Momentum: 
      |mRes|_2  = 1.468031669018e-10 
--------------------------------------------------------------------------
Actual time step : 0.00133 [Myr] 
--------------------------------------------------------------------------
Performing marker control (standard algorithm)
Marker control [0]: (Corners ) injected 23 markers in 5.1420e-03 s 
--------------------------------------------------------------------------
================================= STEP 5 =================================
--------------------------------------------------------------------------
Current time        : 0.00464100 [Myr] 
Tentative time step : 0.00146410 [Myr] 
--------------------------------------------------------------------------
Phase_Transition ... done (0.00633693 sec)
--------------------------------------------------------------------------
  0 SNES Function norm 3.278819377326e+00 
  0 PICARD ||F||/||F0||=1.000000e+00 
    Residual norms for js_ solve.
    0 KSP Residual norm 3.278819377326e+00 
    1 KSP Residual norm 2.537822687541e-05 
  Linear js_ solve converged due to CONVERGED_RTOL iterations 1
      Line search: lambdas = [1., 0.5, 0.], fnorms = [2.53782e-05, 1.63941, 3.27882]
      Line search terminated: lambda = 1., fnorms = 2.53782e-05
  1 SNES Function norm 2.537822687541e-05 
--------------------------------------------------------------------------
SNES Convergence Reason : ||F|| < atol 
Number of iterations    : 1
SNES solution time      : 0.157766 (sec)
--------------------------------------------------------------------------
Residual summary: 
   Continuity: 
      |Div|_inf = 8.936689148354e-06 
      |Div|_2   = 2.537822687260e-05 
   Momentum: 
      |mRes|_2  = 3.779533861874e-10 
--------------------------------------------------------------------------
Actual time step : 0.00146 [Myr] 
--------------------------------------------------------------------------
Performing marker control (standard algorithm)
Marker control [0]: (Corners ) injected 38 markers in 5.5089e-03 s 
--------------------------------------------------------------------------
Saving output ... done (0.00660181 sec)
--------------------------------------------------------------------------
=========================== SOLUTION IS DONE! ============================
--------------------------------------------------------------------------
Total solution time : 1.57947 (sec) 
--------------------------------------------------------------------------
